------------------------------------------------------------
TimeQuest Timing Analyzer Summary
------------------------------------------------------------

Type  : Slow 1200mV 85C Model Setup 'u0|clock_signals|DE_Clock_Generator_System|pll|clk[0]'
Slack : 7.267
TNS   : 0.000

Type  : Slow 1200mV 85C Model Setup 'CLOCK_50'
Slack : 15.972
TNS   : 0.000

Type  : Slow 1200mV 85C Model Setup 'u0|clock_signals|DE_Clock_Generator_System|pll|clk[2]'
Slack : 33.577
TNS   : 0.000

Type  : Slow 1200mV 85C Model Setup 'altera_reserved_tck'
Slack : 45.849
TNS   : 0.000

Type  : Slow 1200mV 85C Model Hold 'u0|clock_signals|DE_Clock_Generator_System|pll|clk[0]'
Slack : 0.257
TNS   : 0.000

Type  : Slow 1200mV 85C Model Hold 'altera_reserved_tck'
Slack : 0.394
TNS   : 0.000

Type  : Slow 1200mV 85C Model Hold 'u0|clock_signals|DE_Clock_Generator_System|pll|clk[2]'
Slack : 0.394
TNS   : 0.000

Type  : Slow 1200mV 85C Model Hold 'CLOCK_50'
Slack : 0.412
TNS   : 0.000

Type  : Slow 1200mV 85C Model Recovery 'u0|clock_signals|DE_Clock_Generator_System|pll|clk[0]'
Slack : 13.346
TNS   : 0.000

Type  : Slow 1200mV 85C Model Recovery 'altera_reserved_tck'
Slack : 47.780
TNS   : 0.000

Type  : Slow 1200mV 85C Model Removal 'altera_reserved_tck'
Slack : 1.138
TNS   : 0.000

Type  : Slow 1200mV 85C Model Removal 'u0|clock_signals|DE_Clock_Generator_System|pll|clk[0]'
Slack : 4.046
TNS   : 0.000

Type  : Slow 1200mV 85C Model Minimum Pulse Width 'u0|clock_signals|DE_Clock_Generator_System|pll|clk[0]'
Slack : 9.619
TNS   : 0.000

Type  : Slow 1200mV 85C Model Minimum Pulse Width 'CLOCK_50'
Slack : 9.629
TNS   : 0.000

Type  : Slow 1200mV 85C Model Minimum Pulse Width 'CLOCK2_50'
Slack : 16.000
TNS   : 0.000

Type  : Slow 1200mV 85C Model Minimum Pulse Width 'CLOCK3_50'
Slack : 16.000
TNS   : 0.000

Type  : Slow 1200mV 85C Model Minimum Pulse Width 'u0|clock_signals|DE_Clock_Generator_System|pll|clk[2]'
Slack : 19.620
TNS   : 0.000

Type  : Slow 1200mV 85C Model Minimum Pulse Width 'altera_reserved_tck'
Slack : 49.752
TNS   : 0.000

Type  : Slow 1200mV 0C Model Setup 'u0|clock_signals|DE_Clock_Generator_System|pll|clk[0]'
Slack : 8.277
TNS   : 0.000

Type  : Slow 1200mV 0C Model Setup 'CLOCK_50'
Slack : 16.309
TNS   : 0.000

Type  : Slow 1200mV 0C Model Setup 'u0|clock_signals|DE_Clock_Generator_System|pll|clk[2]'
Slack : 34.184
TNS   : 0.000

Type  : Slow 1200mV 0C Model Setup 'altera_reserved_tck'
Slack : 46.200
TNS   : 0.000

Type  : Slow 1200mV 0C Model Hold 'u0|clock_signals|DE_Clock_Generator_System|pll|clk[0]'
Slack : 0.265
TNS   : 0.000

Type  : Slow 1200mV 0C Model Hold 'u0|clock_signals|DE_Clock_Generator_System|pll|clk[2]'
Slack : 0.345
TNS   : 0.000

Type  : Slow 1200mV 0C Model Hold 'altera_reserved_tck'
Slack : 0.346
TNS   : 0.000

Type  : Slow 1200mV 0C Model Hold 'CLOCK_50'
Slack : 0.371
TNS   : 0.000

Type  : Slow 1200mV 0C Model Recovery 'u0|clock_signals|DE_Clock_Generator_System|pll|clk[0]'
Slack : 13.914
TNS   : 0.000

Type  : Slow 1200mV 0C Model Recovery 'altera_reserved_tck'
Slack : 47.998
TNS   : 0.000

Type  : Slow 1200mV 0C Model Removal 'altera_reserved_tck'
Slack : 1.042
TNS   : 0.000

Type  : Slow 1200mV 0C Model Removal 'u0|clock_signals|DE_Clock_Generator_System|pll|clk[0]'
Slack : 3.623
TNS   : 0.000

Type  : Slow 1200mV 0C Model Minimum Pulse Width 'u0|clock_signals|DE_Clock_Generator_System|pll|clk[0]'
Slack : 9.624
TNS   : 0.000

Type  : Slow 1200mV 0C Model Minimum Pulse Width 'CLOCK_50'
Slack : 9.625
TNS   : 0.000

Type  : Slow 1200mV 0C Model Minimum Pulse Width 'CLOCK2_50'
Slack : 16.000
TNS   : 0.000

Type  : Slow 1200mV 0C Model Minimum Pulse Width 'CLOCK3_50'
Slack : 16.000
TNS   : 0.000

Type  : Slow 1200mV 0C Model Minimum Pulse Width 'u0|clock_signals|DE_Clock_Generator_System|pll|clk[2]'
Slack : 19.623
TNS   : 0.000

Type  : Slow 1200mV 0C Model Minimum Pulse Width 'altera_reserved_tck'
Slack : 49.748
TNS   : 0.000

Type  : Fast 1200mV 0C Model Setup 'u0|clock_signals|DE_Clock_Generator_System|pll|clk[0]'
Slack : 13.433
TNS   : 0.000

Type  : Fast 1200mV 0C Model Setup 'CLOCK_50'
Slack : 17.942
TNS   : 0.000

Type  : Fast 1200mV 0C Model Setup 'u0|clock_signals|DE_Clock_Generator_System|pll|clk[2]'
Slack : 37.108
TNS   : 0.000

Type  : Fast 1200mV 0C Model Setup 'altera_reserved_tck'
Slack : 48.235
TNS   : 0.000

Type  : Fast 1200mV 0C Model Hold 'u0|clock_signals|DE_Clock_Generator_System|pll|clk[0]'
Slack : 0.090
TNS   : 0.000

Type  : Fast 1200mV 0C Model Hold 'altera_reserved_tck'
Slack : 0.176
TNS   : 0.000

Type  : Fast 1200mV 0C Model Hold 'u0|clock_signals|DE_Clock_Generator_System|pll|clk[2]'
Slack : 0.176
TNS   : 0.000

Type  : Fast 1200mV 0C Model Hold 'CLOCK_50'
Slack : 0.183
TNS   : 0.000

Type  : Fast 1200mV 0C Model Recovery 'u0|clock_signals|DE_Clock_Generator_System|pll|clk[0]'
Slack : 16.369
TNS   : 0.000

Type  : Fast 1200mV 0C Model Recovery 'altera_reserved_tck'
Slack : 49.188
TNS   : 0.000

Type  : Fast 1200mV 0C Model Removal 'altera_reserved_tck'
Slack : 0.546
TNS   : 0.000

Type  : Fast 1200mV 0C Model Removal 'u0|clock_signals|DE_Clock_Generator_System|pll|clk[0]'
Slack : 2.172
TNS   : 0.000

Type  : Fast 1200mV 0C Model Minimum Pulse Width 'CLOCK_50'
Slack : 9.290
TNS   : 0.000

Type  : Fast 1200mV 0C Model Minimum Pulse Width 'u0|clock_signals|DE_Clock_Generator_System|pll|clk[0]'
Slack : 9.727
TNS   : 0.000

Type  : Fast 1200mV 0C Model Minimum Pulse Width 'CLOCK2_50'
Slack : 16.000
TNS   : 0.000

Type  : Fast 1200mV 0C Model Minimum Pulse Width 'CLOCK3_50'
Slack : 16.000
TNS   : 0.000

Type  : Fast 1200mV 0C Model Minimum Pulse Width 'u0|clock_signals|DE_Clock_Generator_System|pll|clk[2]'
Slack : 19.730
TNS   : 0.000

Type  : Fast 1200mV 0C Model Minimum Pulse Width 'altera_reserved_tck'
Slack : 49.437
TNS   : 0.000

------------------------------------------------------------
