------------------------------------------------------------
TimeQuest Timing Analyzer Summary
------------------------------------------------------------

Type  : Slow 1200mV 85C Model Setup 'u0|clock_signals|DE_Clock_Generator_System|auto_generated|pll1|clk[0]'
Slack : 6.513
TNS   : 0.000

Type  : Slow 1200mV 85C Model Setup 'CLOCK_50'
Slack : 16.039
TNS   : 0.000

Type  : Slow 1200mV 85C Model Setup 'u0|clock_signals|DE_Clock_Generator_System|auto_generated|pll1|clk[2]'
Slack : 33.422
TNS   : 0.000

Type  : Slow 1200mV 85C Model Setup 'altera_reserved_tck'
Slack : 44.814
TNS   : 0.000

Type  : Slow 1200mV 85C Model Hold 'u0|clock_signals|DE_Clock_Generator_System|auto_generated|pll1|clk[0]'
Slack : 0.312
TNS   : 0.000

Type  : Slow 1200mV 85C Model Hold 'u0|clock_signals|DE_Clock_Generator_System|auto_generated|pll1|clk[2]'
Slack : 0.391
TNS   : 0.000

Type  : Slow 1200mV 85C Model Hold 'altera_reserved_tck'
Slack : 0.395
TNS   : 0.000

Type  : Slow 1200mV 85C Model Hold 'CLOCK_50'
Slack : 0.412
TNS   : 0.000

Type  : Slow 1200mV 85C Model Recovery 'u0|clock_signals|DE_Clock_Generator_System|auto_generated|pll1|clk[0]'
Slack : 3.436
TNS   : 0.000

Type  : Slow 1200mV 85C Model Recovery 'altera_reserved_tck'
Slack : 47.305
TNS   : 0.000

Type  : Slow 1200mV 85C Model Removal 'altera_reserved_tck'
Slack : 1.007
TNS   : 0.000

Type  : Slow 1200mV 85C Model Removal 'u0|clock_signals|DE_Clock_Generator_System|auto_generated|pll1|clk[0]'
Slack : 1.511
TNS   : 0.000

Type  : Slow 1200mV 85C Model Minimum Pulse Width 'u0|clock_signals|DE_Clock_Generator_System|auto_generated|pll1|clk[0]'
Slack : 9.571
TNS   : 0.000

Type  : Slow 1200mV 85C Model Minimum Pulse Width 'CLOCK_50'
Slack : 9.629
TNS   : 0.000

Type  : Slow 1200mV 85C Model Minimum Pulse Width 'CLOCK2_50'
Slack : 16.000
TNS   : 0.000

Type  : Slow 1200mV 85C Model Minimum Pulse Width 'CLOCK3_50'
Slack : 16.000
TNS   : 0.000

Type  : Slow 1200mV 85C Model Minimum Pulse Width 'u0|clock_signals|DE_Clock_Generator_System|auto_generated|pll1|clk[2]'
Slack : 19.622
TNS   : 0.000

Type  : Slow 1200mV 85C Model Minimum Pulse Width 'altera_reserved_tck'
Slack : 49.752
TNS   : 0.000

Type  : Slow 1200mV 0C Model Setup 'u0|clock_signals|DE_Clock_Generator_System|auto_generated|pll1|clk[0]'
Slack : 6.760
TNS   : 0.000

Type  : Slow 1200mV 0C Model Setup 'CLOCK_50'
Slack : 16.354
TNS   : 0.000

Type  : Slow 1200mV 0C Model Setup 'u0|clock_signals|DE_Clock_Generator_System|auto_generated|pll1|clk[2]'
Slack : 34.036
TNS   : 0.000

Type  : Slow 1200mV 0C Model Setup 'altera_reserved_tck'
Slack : 45.236
TNS   : 0.000

Type  : Slow 1200mV 0C Model Hold 'u0|clock_signals|DE_Clock_Generator_System|auto_generated|pll1|clk[0]'
Slack : 0.319
TNS   : 0.000

Type  : Slow 1200mV 0C Model Hold 'u0|clock_signals|DE_Clock_Generator_System|auto_generated|pll1|clk[2]'
Slack : 0.343
TNS   : 0.000

Type  : Slow 1200mV 0C Model Hold 'altera_reserved_tck'
Slack : 0.346
TNS   : 0.000

Type  : Slow 1200mV 0C Model Hold 'CLOCK_50'
Slack : 0.371
TNS   : 0.000

Type  : Slow 1200mV 0C Model Recovery 'u0|clock_signals|DE_Clock_Generator_System|auto_generated|pll1|clk[0]'
Slack : 4.033
TNS   : 0.000

Type  : Slow 1200mV 0C Model Recovery 'altera_reserved_tck'
Slack : 47.512
TNS   : 0.000

Type  : Slow 1200mV 0C Model Removal 'altera_reserved_tck'
Slack : 0.908
TNS   : 0.000

Type  : Slow 1200mV 0C Model Removal 'u0|clock_signals|DE_Clock_Generator_System|auto_generated|pll1|clk[0]'
Slack : 1.378
TNS   : 0.000

Type  : Slow 1200mV 0C Model Minimum Pulse Width 'u0|clock_signals|DE_Clock_Generator_System|auto_generated|pll1|clk[0]'
Slack : 9.610
TNS   : 0.000

Type  : Slow 1200mV 0C Model Minimum Pulse Width 'CLOCK_50'
Slack : 9.625
TNS   : 0.000

Type  : Slow 1200mV 0C Model Minimum Pulse Width 'CLOCK2_50'
Slack : 16.000
TNS   : 0.000

Type  : Slow 1200mV 0C Model Minimum Pulse Width 'CLOCK3_50'
Slack : 16.000
TNS   : 0.000

Type  : Slow 1200mV 0C Model Minimum Pulse Width 'u0|clock_signals|DE_Clock_Generator_System|auto_generated|pll1|clk[2]'
Slack : 19.630
TNS   : 0.000

Type  : Slow 1200mV 0C Model Minimum Pulse Width 'altera_reserved_tck'
Slack : 49.748
TNS   : 0.000

Type  : Fast 1200mV 0C Model Setup 'u0|clock_signals|DE_Clock_Generator_System|auto_generated|pll1|clk[0]'
Slack : 8.271
TNS   : 0.000

Type  : Fast 1200mV 0C Model Setup 'CLOCK_50'
Slack : 18.081
TNS   : 0.000

Type  : Fast 1200mV 0C Model Setup 'u0|clock_signals|DE_Clock_Generator_System|auto_generated|pll1|clk[2]'
Slack : 37.043
TNS   : 0.000

Type  : Fast 1200mV 0C Model Setup 'altera_reserved_tck'
Slack : 47.700
TNS   : 0.000

Type  : Fast 1200mV 0C Model Hold 'u0|clock_signals|DE_Clock_Generator_System|auto_generated|pll1|clk[0]'
Slack : 0.121
TNS   : 0.000

Type  : Fast 1200mV 0C Model Hold 'u0|clock_signals|DE_Clock_Generator_System|auto_generated|pll1|clk[2]'
Slack : 0.174
TNS   : 0.000

Type  : Fast 1200mV 0C Model Hold 'altera_reserved_tck'
Slack : 0.176
TNS   : 0.000

Type  : Fast 1200mV 0C Model Hold 'CLOCK_50'
Slack : 0.183
TNS   : 0.000

Type  : Fast 1200mV 0C Model Recovery 'u0|clock_signals|DE_Clock_Generator_System|auto_generated|pll1|clk[0]'
Slack : 6.679
TNS   : 0.000

Type  : Fast 1200mV 0C Model Recovery 'altera_reserved_tck'
Slack : 48.929
TNS   : 0.000

Type  : Fast 1200mV 0C Model Removal 'altera_reserved_tck'
Slack : 0.489
TNS   : 0.000

Type  : Fast 1200mV 0C Model Removal 'u0|clock_signals|DE_Clock_Generator_System|auto_generated|pll1|clk[0]'
Slack : 0.708
TNS   : 0.000

Type  : Fast 1200mV 0C Model Minimum Pulse Width 'CLOCK_50'
Slack : 9.290
TNS   : 0.000

Type  : Fast 1200mV 0C Model Minimum Pulse Width 'u0|clock_signals|DE_Clock_Generator_System|auto_generated|pll1|clk[0]'
Slack : 9.728
TNS   : 0.000

Type  : Fast 1200mV 0C Model Minimum Pulse Width 'CLOCK2_50'
Slack : 16.000
TNS   : 0.000

Type  : Fast 1200mV 0C Model Minimum Pulse Width 'CLOCK3_50'
Slack : 16.000
TNS   : 0.000

Type  : Fast 1200mV 0C Model Minimum Pulse Width 'u0|clock_signals|DE_Clock_Generator_System|auto_generated|pll1|clk[2]'
Slack : 19.733
TNS   : 0.000

Type  : Fast 1200mV 0C Model Minimum Pulse Width 'altera_reserved_tck'
Slack : 49.438
TNS   : 0.000

------------------------------------------------------------
