Archive member included because of file (symbol)

c:/altera/nios2eds/bin/gnu/h-i686-mingw32/bin/../lib/gcc/nios2-elf/4.1.2/../../../../nios2-elf/lib\libc.a(lib_a-malloc.o)
                              obj/default/cpu.o (malloc)
c:/altera/nios2eds/bin/gnu/h-i686-mingw32/bin/../lib/gcc/nios2-elf/4.1.2/../../../../nios2-elf/lib\libc.a(lib_a-mallocr.o)
                              c:/altera/nios2eds/bin/gnu/h-i686-mingw32/bin/../lib/gcc/nios2-elf/4.1.2/../../../../nios2-elf/lib\libc.a(lib_a-malloc.o) (_malloc_r)
c:/altera/nios2eds/bin/gnu/h-i686-mingw32/bin/../lib/gcc/nios2-elf/4.1.2/../../../../nios2-elf/lib\libc.a(lib_a-printf.o)
                              obj/default/cpu.o (printf)
c:/altera/nios2eds/bin/gnu/h-i686-mingw32/bin/../lib/gcc/nios2-elf/4.1.2/../../../../nios2-elf/lib\libc.a(lib_a-putchar.o)
                              obj/default/cpu.o (putchar)
c:/altera/nios2eds/bin/gnu/h-i686-mingw32/bin/../lib/gcc/nios2-elf/4.1.2/../../../../nios2-elf/lib\libc.a(lib_a-puts.o)
                              obj/default/cpu.o (puts)
c:/altera/nios2eds/bin/gnu/h-i686-mingw32/bin/../lib/gcc/nios2-elf/4.1.2/../../../../nios2-elf/lib\libc.a(lib_a-sbrkr.o)
                              c:/altera/nios2eds/bin/gnu/h-i686-mingw32/bin/../lib/gcc/nios2-elf/4.1.2/../../../../nios2-elf/lib\libc.a(lib_a-mallocr.o) (_sbrk_r)
c:/altera/nios2eds/bin/gnu/h-i686-mingw32/bin/../lib/gcc/nios2-elf/4.1.2/../../../../nios2-elf/lib\libc.a(lib_a-sprintf.o)
                              obj/default/main.o (sprintf)
c:/altera/nios2eds/bin/gnu/h-i686-mingw32/bin/../lib/gcc/nios2-elf/4.1.2/../../../../nios2-elf/lib\libc.a(lib_a-strlen.o)
                              c:/altera/nios2eds/bin/gnu/h-i686-mingw32/bin/../lib/gcc/nios2-elf/4.1.2/../../../../nios2-elf/lib\libc.a(lib_a-puts.o) (strlen)
c:/altera/nios2eds/bin/gnu/h-i686-mingw32/bin/../lib/gcc/nios2-elf/4.1.2/../../../../nios2-elf/lib\libc.a(lib_a-vfprintf.o)
                              c:/altera/nios2eds/bin/gnu/h-i686-mingw32/bin/../lib/gcc/nios2-elf/4.1.2/../../../../nios2-elf/lib\libc.a(lib_a-printf.o) (___vfprintf_internal_r)
c:/altera/nios2eds/bin/gnu/h-i686-mingw32/bin/../lib/gcc/nios2-elf/4.1.2/../../../../nios2-elf/lib\libc.a(lib_a-wsetup.o)
                              c:/altera/nios2eds/bin/gnu/h-i686-mingw32/bin/../lib/gcc/nios2-elf/4.1.2/../../../../nios2-elf/lib\libc.a(lib_a-vfprintf.o) (__swsetup_r)
c:/altera/nios2eds/bin/gnu/h-i686-mingw32/bin/../lib/gcc/nios2-elf/4.1.2/../../../../nios2-elf/lib\libc.a(lib_a-dtoa.o)
                              c:/altera/nios2eds/bin/gnu/h-i686-mingw32/bin/../lib/gcc/nios2-elf/4.1.2/../../../../nios2-elf/lib\libc.a(lib_a-vfprintf.o) (_dtoa_r)
c:/altera/nios2eds/bin/gnu/h-i686-mingw32/bin/../lib/gcc/nios2-elf/4.1.2/../../../../nios2-elf/lib\libc.a(lib_a-fflush.o)
                              c:/altera/nios2eds/bin/gnu/h-i686-mingw32/bin/../lib/gcc/nios2-elf/4.1.2/../../../../nios2-elf/lib\libc.a(lib_a-vfprintf.o) (_fflush_r)
c:/altera/nios2eds/bin/gnu/h-i686-mingw32/bin/../lib/gcc/nios2-elf/4.1.2/../../../../nios2-elf/lib\libc.a(lib_a-findfp.o)
                              c:/altera/nios2eds/bin/gnu/h-i686-mingw32/bin/../lib/gcc/nios2-elf/4.1.2/../../../../nios2-elf/lib\libc.a(lib_a-vfprintf.o) (__sinit)
c:/altera/nios2eds/bin/gnu/h-i686-mingw32/bin/../lib/gcc/nios2-elf/4.1.2/../../../../nios2-elf/lib\libc.a(lib_a-freer.o)
                              c:/altera/nios2eds/bin/gnu/h-i686-mingw32/bin/../lib/gcc/nios2-elf/4.1.2/../../../../nios2-elf/lib\libc.a(lib_a-malloc.o) (_free_r)
c:/altera/nios2eds/bin/gnu/h-i686-mingw32/bin/../lib/gcc/nios2-elf/4.1.2/../../../../nios2-elf/lib\libc.a(lib_a-fvwrite.o)
                              c:/altera/nios2eds/bin/gnu/h-i686-mingw32/bin/../lib/gcc/nios2-elf/4.1.2/../../../../nios2-elf/lib\libc.a(lib_a-puts.o) (__sfvwrite_r)
c:/altera/nios2eds/bin/gnu/h-i686-mingw32/bin/../lib/gcc/nios2-elf/4.1.2/../../../../nios2-elf/lib\libc.a(lib_a-fwalk.o)
                              c:/altera/nios2eds/bin/gnu/h-i686-mingw32/bin/../lib/gcc/nios2-elf/4.1.2/../../../../nios2-elf/lib\libc.a(lib_a-fflush.o) (_fwalk_reent)
c:/altera/nios2eds/bin/gnu/h-i686-mingw32/bin/../lib/gcc/nios2-elf/4.1.2/../../../../nios2-elf/lib\libc.a(lib_a-impure.o)
                              c:/altera/nios2eds/bin/gnu/h-i686-mingw32/bin/../lib/gcc/nios2-elf/4.1.2/../../../../nios2-elf/lib\libc.a(lib_a-malloc.o) (_impure_ptr)
c:/altera/nios2eds/bin/gnu/h-i686-mingw32/bin/../lib/gcc/nios2-elf/4.1.2/../../../../nios2-elf/lib\libc.a(lib_a-int_errno.o)
                              c:/altera/nios2eds/bin/gnu/h-i686-mingw32/bin/../lib/gcc/nios2-elf/4.1.2/../../../../nios2-elf/lib\libc.a(lib_a-sbrkr.o) (errno)
c:/altera/nios2eds/bin/gnu/h-i686-mingw32/bin/../lib/gcc/nios2-elf/4.1.2/../../../../nios2-elf/lib\libc.a(lib_a-locale.o)
                              c:/altera/nios2eds/bin/gnu/h-i686-mingw32/bin/../lib/gcc/nios2-elf/4.1.2/../../../../nios2-elf/lib\libc.a(lib_a-vfprintf.o) (_localeconv_r)
[...]
Memory Configuration

Name             Origin             Length             Attributes
reset            0x08000000         0x00000020
sdram_0          0x08000020         0x07ffffe0
*default*        0x00000000         0xffffffff

Linker script and memory map

LOAD ../NES_FPGA_bsp//obj/HAL/src/crt0.o
LOAD obj/default/cpu.o
LOAD obj/default/main.o
LOAD obj/default/ppu.o
LOAD obj/default/sdcard.o
LOAD obj/default/vga.o
LOAD c:/altera/nios2eds/bin/gnu/h-i686-mingw32/bin/../lib/gcc/nios2-elf/4.1.2/../../../../nios2-elf/lib\libstdc++.a
LOAD c:/altera/nios2eds/bin/gnu/h-i686-mingw32/bin/../lib/gcc/nios2-elf/4.1.2/../../../../nios2-elf/lib\libm.a
LOAD c:/altera/nios2eds/bin/gnu/h-i686-mingw32/bin/../lib/gcc/nios2-elf/4.1.2\libgcc.a
START GROUP
LOAD c:/altera/nios2eds/bin/gnu/h-i686-mingw32/bin/../lib/gcc/nios2-elf/4.1.2/../../../../nios2-elf/lib\libc.a
LOAD c:/altera/nios2eds/bin/gnu/h-i686-mingw32/bin/../lib/gcc/nios2-elf/4.1.2\libgcc.a
LOAD ../NES_FPGA_bsp/\libhal_bsp.a
END GROUP
LOAD c:/altera/nios2eds/bin/gnu/h-i686-mingw32/bin/../lib/gcc/nios2-elf/4.1.2\libgcc.a
                0x08000000                __alt_mem_sdram_0 = 0x8000000

.entry          0x08000000       0x20
 *(.entry)
 .entry         0x08000000       0x20 ../NES_FPGA_bsp//obj/HAL/src/crt0.o
                0x08000000                __reset

.exceptions     0x08000020      0x194
                0x08000020                PROVIDE (__ram_exceptions_start, ABSOLUTE (.))
                0x08000020                . = ALIGN (0x20)
 *(.irq)
 *(.exceptions.entry.label)
 .exceptions.entry.label
                0x08000020        0x0 ../NES_FPGA_bsp/\libhal_bsp.a(alt_irq_entry.o)
                0x08000020                alt_irq_entry
 .exceptions.entry.label
                0x08000020        0x0 ../NES_FPGA_bsp/\libhal_bsp.a(alt_exception_entry.o)
                0x08000020                alt_exception
 *(.exceptions.entry.user)
 *(.exceptions.entry)
 .exceptions.entry
                0x08000020       0x54 ../NES_FPGA_bsp/\libhal_bsp.a(alt_exception_entry.o)
 *(.exceptions.irqtest.user)
 *(.exceptions.irqtest)
 .exceptions.irqtest
                0x08000074       0x10 ../NES_FPGA_bsp/\libhal_bsp.a(alt_irq_entry.o)
 *(.exceptions.irqhandler.user)
 *(.exceptions.irqhandler)
 .exceptions.irqhandler
                0x08000084        0x4 ../NES_FPGA_bsp/\libhal_bsp.a(alt_irq_entry.o)
 *(.exceptions.irqreturn.user)
 *(.exceptions.irqreturn)
 .exceptions.irqreturn
                0x08000088        0x4 ../NES_FPGA_bsp/\libhal_bsp.a(alt_irq_entry.o)
 *(.exceptions.notirq.label)
 .exceptions.notirq.label
                0x0800008c        0x0 ../NES_FPGA_bsp/\libhal_bsp.a(alt_irq_entry.o)
 *(.exceptions.notirq.user)
 *(.exceptions.notirq)
 .exceptions.notirq
                0x0800008c        0x8 ../NES_FPGA_bsp/\libhal_bsp.a(alt_exception_entry.o)
 *(.exceptions.soft.user)
 *(.exceptions.soft)
 *(.exceptions.unknown.user)
 *(.exceptions.unknown)
 .exceptions.unknown
                0x08000094        0x4 ../NES_FPGA_bsp/\libhal_bsp.a(alt_exception_entry.o)
 *(.exceptions.exit.label)
 .exceptions.exit.label
                0x08000098        0x0 ../NES_FPGA_bsp/\libhal_bsp.a(alt_irq_entry.o)
 .exceptions.exit.label
                0x08000098        0x0 ../NES_FPGA_bsp/\libhal_bsp.a(alt_exception_entry.o)
 *(.exceptions.exit.user)
 *(.exceptions.exit)
 .exceptions.exit
                0x08000098       0x54 ../NES_FPGA_bsp/\libhal_bsp.a(alt_exception_entry.o)
 *(.exceptions)
 .exceptions    0x080000ec       0xc8 ../NES_FPGA_bsp/\libhal_bsp.a(alt_irq_handler.o)
                0x080000ec                alt_irq_handler
                0x080001b4                PROVIDE (__ram_exceptions_end, ABSOLUTE (.))
                0x08000020                PROVIDE (__flash_exceptions_start, LOADADDR (.exceptions))

.text           0x080001b4    0x197e8
                0x080001b4                PROVIDE (stext, ABSOLUTE (.))
 *(.interp)
 *(.hash)
 *(.dynsym)
 *(.dynstr)
 *(.gnu.version)
 *(.gnu.version_d)
 *(.gnu.version_r)
 *(.rel.init)
 *(.rela.init)
 *(.rel.text .rel.text.* .rel.gnu.linkonce.t.*)
 *(.rela.text .rela.text.* .rela.gnu.linkonce.t.*)
 *(.rel.fini)
 *(.rela.fini)
 *(.rel.rodata .rel.rodata.* .rel.gnu.linkonce.r.*)
 *(.rela.rodata .rela.rodata.* .rela.gnu.linkonce.r.*)
 *(.rel.data .rel.data.* .rel.gnu.linkonce.d.*)
 *(.rela.data .rela.data.* .rela.gnu.linkonce.d.*)
 *(.rel.tdata .rel.tdata.* .rel.gnu.linkonce.td.*)
 *(.rela.tdata .rela.tdata.* .rela.gnu.linkonce.td.*)
 *(.rel.tbss .rel.tbss.* .rel.gnu.linkonce.tb.*)
 *(.rela.tbss .rela.tbss.* .rela.gnu.linkonce.tb.*)
 *(.rel.ctors)
 *(.rela.ctors)
 *(.rel.dtors)
 *(.rela.dtors)
 *(.rel.got)
 *(.rela.got)
 *(.rel.sdata .rel.sdata.* .rel.gnu.linkonce.s.*)
 *(.rela.sdata .rela.sdata.* .rela.gnu.linkonce.s.*)
 *(.rel.sbss .rel.sbss.* .rel.gnu.linkonce.sb.*)
 *(.rela.sbss .rela.sbss.* .rela.gnu.linkonce.sb.*)
 *(.rel.sdata2 .rel.sdata2.* .rel.gnu.linkonce.s2.*)
 *(.rela.sdata2 .rela.sdata2.* .rela.gnu.linkonce.s2.*)
 *(.rel.sbss2 .rel.sbss2.* .rel.gnu.linkonce.sb2.*)
 *(.rela.sbss2 .rela.sbss2.* .rela.gnu.linkonce.sb2.*)
 *(.rel.bss .rel.bss.* .rel.gnu.linkonce.b.*)
 *(.rela.bss .rela.bss.* .rela.gnu.linkonce.b.*)
 *(.rel.plt)
 *(.rela.plt)
 *(.rel.dyn)
 *(.init)
 *(.plt)
 *(.text .stub .text.* .gnu.linkonce.t.*)
 .text          0x080001b4       0x4c ../NES_FPGA_bsp//obj/HAL/src/crt0.o
                0x080001b4                _start
 .text          0x08000200     0x4ae8 obj/default/cpu.o
                0x08000200                cpu_exec
                0x08002b20                print_opcode
                0x08003308                cpu_init
                0x08003390                cpu_reset
                0x080034dc                cpu_nmi
                0x08003628                cpu_irq
                0x0800376c                cpu_int_check
                0x080037f4                cpu_read
                0x0800383c                cpu_mem_read
                0x080039ac                cpu_mem_write
                0x08003abc                cpu_join_flags
                0x08003b84                cpu_split_flags
                0x08003c04                rel_page_boundary
                0x08003c98                ABS
                0x08003cf4                ABSX
                0x08003d9c                ABSY
                0x08003e48                XIND
                0x08003ee8                INDY
                0x08003fc4                IMM
                0x08003ff0                ZP
                0x08004024                ZPX
                0x08004070                ABSw
                0x080040c0                ABSXw
                0x08004128                ABSYw
                0x08004190                XINDw
                0x08004228                INDYw
                0x080042c0                ZPXw
                0x08004304                ADC
                0x080043a4                AND
                0x08004410                ASL
                0x08004484                CMP
                0x080044f8                CPX
                0x0800456c                CPY
                0x080045e0                DEC
                0x08004640                INC
                0x080046a0                LDA
                0x08004700                LDX
                0x08004760                LDY
                0x080047c0                LSR
                0x0800481c                ORA
                0x08004888                ROL
                0x0800491c                ROR
                0x080049c0                SBC
                0x08004a94                cpu_status
                0x08004c78                prg_test
 .text          0x08004ce8      0x3cc obj/default/main.o
                0x08004ce8                main
                0x08004da4                write_card
 .text          0x080050b4     0x208c obj/default/ppu.o
                0x080050b4                read_ppu_reg
                0x08005228                write_ppu_reg
                0x08005518                ppu_status
                0x08005570                ppu_exec
                0x08005790                ppu_init
                0x08005a0c                draw_tile
                0x08005d58                render_to_screen
                0x08005e88                attribute_offset_set
                0x080061e4                pattern_lookout
                0x08006268                mask
                0x08006354                tile_retrieval
                0x080063f0                scanline_retireval
                0x08006848                UPDATE
                0x080069e4                draw_tile2
                0x08006e2c                nametable_display
                0x08006fe0                nametable_viewer
                0x08007030                test_nametable
 .text          0x08007140      0x3fc obj/default/sdcard.o
                0x08007140                load_rom
 .text          0x0800753c      0x3b8 obj/default/vga.o
                0x0800753c                toVGA
                0x080075b4                vga_init
                0x08007660                vga_test
 .text          0x080078f4       0x28 c:/altera/nios2eds/bin/gnu/h-i686-mingw32/bin/../lib/gcc/nios2-elf/4.1.2/../../../../nios2-elf/lib\libc.a(lib_a-malloc.o)
                0x080078f4                free
                0x08007908                malloc
 .text          0x0800791c      0x740 c:/altera/nios2eds/bin/gnu/h-i686-mingw32/bin/../lib/gcc/nios2-elf/4.1.2/../../../../nios2-elf/lib\libc.a(lib_a-mallocr.o)
                0x0800791c                _malloc_r
 .text          0x0800805c       0x78 c:/altera/nios2eds/bin/gnu/h-i686-mingw32/bin/../lib/gcc/nios2-elf/4.1.2/../../../../nios2-elf/lib\libc.a(lib_a-printf.o)
                0x0800805c                printf
                0x080080a0                _printf_r
 .text          0x080080d4       0x24 c:/altera/nios2eds/bin/gnu/h-i686-mingw32/bin/../lib/gcc/nios2-elf/4.1.2/../../../../nios2-elf/lib\libc.a(lib_a-putchar.o)
                0x080080d4                putchar
                0x080080f0                _putchar_r
 .text          0x080080f8       0xb4 c:/altera/nios2eds/bin/gnu/h-i686-mingw32/bin/../lib/gcc/nios2-elf/4.1.2/../../../../nios2-elf/lib\libc.a(lib_a-puts.o)
                0x080080f8                _puts_r
                0x08008198                puts
 .text          0x080081ac       0x70 c:/altera/nios2eds/bin/gnu/h-i686-mingw32/bin/../lib/gcc/nios2-elf/4.1.2/../../../../nios2-elf/lib\libc.a(lib_a-sbrkr.o)
                0x080081ac                _sbrk_r
 .text          0x0800821c       0xd4 c:/altera/nios2eds/bin/gnu/h-i686-mingw32/bin/../lib/gcc/nios2-elf/4.1.2/../../../../nios2-elf/lib\libc.a(lib_a-sprintf.o)
                0x0800821c                sprintf
                0x08008290                _sprintf_r
 .text          0x080082f0       0x74 c:/altera/nios2eds/bin/gnu/h-i686-mingw32/bin/../lib/gcc/nios2-elf/4.1.2/../../../../nios2-elf/lib\libc.a(lib_a-strlen.o)
                0x080082f0                strlen
 .text          0x08008364     0x1f28 c:/altera/nios2eds/bin/gnu/h-i686-mingw32/bin/../lib/gcc/nios2-elf/4.1.2/../../../../nios2-elf/lib\libc.a(lib_a-vfprintf.o)
                0x080083bc                ___vfprintf_internal_r
                0x0800a268                __vfprintf_internal
 .text          0x0800a28c      0x13c c:/altera/nios2eds/bin/gnu/h-i686-mingw32/bin/../lib/gcc/nios2-elf/4.1.2/../../../../nios2-elf/lib\libc.a(lib_a-wsetup.o)
                0x0800a28c                __swsetup_r
 .text          0x0800a3c8     0x17cc c:/altera/nios2eds/bin/gnu/h-i686-mingw32/bin/../lib/gcc/nios2-elf/4.1.2/../../../../nios2-elf/lib\libc.a(lib_a-dtoa.o)
                0x0800a5e0                _dtoa_r
 .text          0x0800bb94      0x230 c:/altera/nios2eds/bin/gnu/h-i686-mingw32/bin/../lib/gcc/nios2-elf/4.1.2/../../../../nios2-elf/lib\libc.a(lib_a-fflush.o)
                0x0800bb94                _fflush_r
                0x0800bd90                fflush
 .text          0x0800bdc4      0x2c0 c:/altera/nios2eds/bin/gnu/h-i686-mingw32/bin/../lib/gcc/nios2-elf/4.1.2/../../../../nios2-elf/lib\libc.a(lib_a-findfp.o)
                0x0800be1c                __sfp_lock_acquire
                0x0800be20                __sfp_lock_release
                0x0800be24                __sinit_lock_acquire
                0x0800be28                __sinit_lock_release
                0x0800be2c                __sinit
                0x0800bee0                __fp_unlock_all
                0x0800bef8                __fp_lock_all
                0x0800bf10                _cleanup_r
                0x0800bf1c                _cleanup
                0x0800bf2c                __sfmoreglue
                0x0800bf94                __sfp
 .text          0x0800c084      0x440 c:/altera/nios2eds/bin/gnu/h-i686-mingw32/bin/../lib/gcc/nios2-elf/4.1.2/../../../../nios2-elf/lib\libc.a(lib_a-freer.o)
                0x0800c084                _malloc_trim_r
                0x0800c1b0                _free_r
 .text          0x0800c4c4      0x49c c:/altera/nios2eds/bin/gnu/h-i686-mingw32/bin/../lib/gcc/nios2-elf/4.1.2/../../../../nios2-elf/lib\libc.a(lib_a-fvwrite.o)
                0x0800c4c4                __sfvwrite_r
 .text          0x0800c960      0x180 c:/altera/nios2eds/bin/gnu/h-i686-mingw32/bin/../lib/gcc/nios2-elf/4.1.2/../../../../nios2-elf/lib\libc.a(lib_a-fwalk.o)
                0x0800c960                _fwalk_reent
                0x0800ca28                _fwalk
 .text          0x0800cae0        0x0 c:/altera/nios2eds/bin/gnu/h-i686-mingw32/bin/../lib/gcc/nios2-elf/4.1.2/../../../../nios2-elf/lib\libc.a(lib_a-impure.o)
 .text          0x0800cae0        0x0 c:/altera/nios2eds/bin/gnu/h-i686-mingw32/bin/../lib/gcc/nios2-elf/4.1.2/../../../../nios2-elf/lib\libc.a(lib_a-int_errno.o)
 .text          0x0800cae0       0xc4 c:/altera/nios2eds/bin/gnu/h-i686-mingw32/bin/../lib/gcc/nios2-elf/4.1.2/../../../../nios2-elf/lib\libc.a(lib_a-locale.o)
                0x0800cae0                __locale_charset
                0x0800cae8                _localeconv_r
                0x0800caf4                localeconv
                0x0800cb04                _setlocale_r
                0x0800cb88                setlocale
 .text          0x0800cba4      0x194 c:/altera/nios2eds/bin/gnu/h-i686-mingw32/bin/../lib/gcc/nios2-elf/4.1.2/../../../../nios2-elf/lib\libc.a(lib_a-makebuf.o)
                0x0800cba4                __smakebuf_r
 .text          0x0800cd38       0xe4 c:/altera/nios2eds/bin/gnu/h-i686-mingw32/bin/../lib/gcc/nios2-elf/4.1.2/../../../../nios2-elf/lib\libc.a(lib_a-memchr.o)
                0x0800cd38                memchr
 .text          0x0800ce1c       0xa0 c:/altera/nios2eds/bin/gnu/h-i686-mingw32/bin/../lib/gcc/nios2-elf/4.1.2/../../../../nios2-elf/lib\libc.a(lib_a-memcpy.o)
                0x0800ce1c                memcpy
 .text          0x0800cebc       0xe0 c:/altera/nios2eds/bin/gnu/h-i686-mingw32/bin/../lib/gcc/nios2-elf/4.1.2/../../../../nios2-elf/lib\libc.a(lib_a-memmove.o)
                0x0800cebc                memmove
 .text          0x0800cf9c       0x98 c:/altera/nios2eds/bin/gnu/h-i686-mingw32/bin/../lib/gcc/nios2-elf/4.1.2/../../../../nios2-elf/lib\libc.a(lib_a-memset.o)
                0x0800cf9c                memset
 .text          0x0800d034      0xff4 c:/altera/nios2eds/bin/gnu/h-i686-mingw32/bin/../lib/gcc/nios2-elf/4.1.2/../../../../nios2-elf/lib\libc.a(lib_a-mprec.o)
                0x0800d034                _Bfree
                0x0800d05c                __hi0bits
                0x0800d0cc                __lo0bits
                0x0800d190                __mcmp
                0x0800d1f0                __ulp
                0x0800d270                __b2d
                0x0800d390                __ratio
                0x0800d440                _mprec_log10
                0x0800d4d4                __copybits
                0x0800d52c                __any_on
                0x0800d5b4                _Balloc
                0x0800d670                __d2b
                0x0800d7ec                __mdiff
                0x0800d978                __lshift
                0x0800dac4                __multiply
                0x0800dcac                __i2b
                0x0800dce8                __multadd
                0x0800dde8                __pow5mult
                0x0800df08                __s2b
 .text          0x0800e028      0x1ec c:/altera/nios2eds/bin/gnu/h-i686-mingw32/bin/../lib/gcc/nios2-elf/4.1.2/../../../../nios2-elf/lib\libc.a(lib_a-putc.o)
                0x0800e028                putc
                0x0800e12c                _putc_r
 .text          0x0800e214      0x5f4 c:/altera/nios2eds/bin/gnu/h-i686-mingw32/bin/../lib/gcc/nios2-elf/4.1.2/../../../../nios2-elf/lib\libc.a(lib_a-reallocr.o)
                0x0800e214                _realloc_r
 .text          0x0800e808       0x40 c:/altera/nios2eds/bin/gnu/h-i686-mingw32/bin/../lib/gcc/nios2-elf/4.1.2/../../../../nios2-elf/lib\libc.a(lib_a-s_isinfd.o)
                0x0800e808                __isinfd
 .text          0x0800e848       0x30 c:/altera/nios2eds/bin/gnu/h-i686-mingw32/bin/../lib/gcc/nios2-elf/4.1.2/../../../../nios2-elf/lib\libc.a(lib_a-s_isnand.o)
                0x0800e848                __isnand
 .text          0x0800e878      0x14c c:/altera/nios2eds/bin/gnu/h-i686-mingw32/bin/../lib/gcc/nios2-elf/4.1.2/../../../../nios2-elf/lib\libc.a(lib_a-stdio.o)
                0x0800e878                __sclose
                0x0800e880                __sseek
                0x0800e8e8                __swrite
                0x0800e964                __sread
 .text          0x0800e9c4       0xbc c:/altera/nios2eds/bin/gnu/h-i686-mingw32/bin/../lib/gcc/nios2-elf/4.1.2/../../../../nios2-elf/lib\libc.a(lib_a-strcmp.o)
                0x0800e9c4                strcmp
 .text          0x0800ea80      0x14c c:/altera/nios2eds/bin/gnu/h-i686-mingw32/bin/../lib/gcc/nios2-elf/4.1.2/../../../../nios2-elf/lib\libc.a(lib_a-wbuf.o)
                0x0800ea80                __swbuf_r
                0x0800ebb0                __swbuf
 .text          0x0800ebcc       0x78 c:/altera/nios2eds/bin/gnu/h-i686-mingw32/bin/../lib/gcc/nios2-elf/4.1.2/../../../../nios2-elf/lib\libc.a(lib_a-writer.o)
                0x0800ebcc                _write_r
 .text          0x0800ec44       0xb4 c:/altera/nios2eds/bin/gnu/h-i686-mingw32/bin/../lib/gcc/nios2-elf/4.1.2/../../../../nios2-elf/lib\libc.a(lib_a-callocr.o)
                0x0800ec44                _calloc_r
 .text          0x0800ecf8       0x70 c:/altera/nios2eds/bin/gnu/h-i686-mingw32/bin/../lib/gcc/nios2-elf/4.1.2/../../../../nios2-elf/lib\libc.a(lib_a-closer.o)
                0x0800ecf8                _close_r
 .text          0x0800ed68      0x124 c:/altera/nios2eds/bin/gnu/h-i686-mingw32/bin/../lib/gcc/nios2-elf/4.1.2/../../../../nios2-elf/lib\libc.a(lib_a-fclose.o)
                0x0800ed68                _fclose_r
                0x0800ee78                fclose
 .text          0x0800ee8c       0x74 c:/altera/nios2eds/bin/gnu/h-i686-mingw32/bin/../lib/gcc/nios2-elf/4.1.2/../../../../nios2-elf/lib\libc.a(lib_a-fstatr.o)
                0x0800ee8c                _fstat_r
 .text          0x0800ef00       0x70 c:/altera/nios2eds/bin/gnu/h-i686-mingw32/bin/../lib/gcc/nios2-elf/4.1.2/../../../../nios2-elf/lib\libc.a(lib_a-isattyr.o)
                0x0800ef00                _isatty_r
 .text          0x0800ef70       0x78 c:/altera/nios2eds/bin/gnu/h-i686-mingw32/bin/../lib/gcc/nios2-elf/4.1.2/../../../../nios2-elf/lib\libc.a(lib_a-lseekr.o)
                0x0800ef70                _lseek_r
 .text          0x0800efe8       0x78 c:/altera/nios2eds/bin/gnu/h-i686-mingw32/bin/../lib/gcc/nios2-elf/4.1.2/../../../../nios2-elf/lib\libc.a(lib_a-readr.o)
                0x0800efe8                _read_r
 .text          0x0800f060      0x5dc c:/altera/nios2eds/bin/gnu/h-i686-mingw32/bin/../lib/gcc/nios2-elf/4.1.2\libgcc.a(_udivdi3.o)
                0x0800f060                __udivdi3
 .text          0x0800f63c      0x5b0 c:/altera/nios2eds/bin/gnu/h-i686-mingw32/bin/../lib/gcc/nios2-elf/4.1.2\libgcc.a(_umoddi3.o)
                0x0800f63c                __umoddi3
 .text          0x0800fbec      0x504 c:/altera/nios2eds/bin/gnu/h-i686-mingw32/bin/../lib/gcc/nios2-elf/4.1.2\libgcc.a(_addsub_df.o)
                0x0800fffc                __subdf3
                0x0801007c                __adddf3
 .text          0x080100f0      0x3c4 c:/altera/nios2eds/bin/gnu/h-i686-mingw32/bin/../lib/gcc/nios2-elf/4.1.2\libgcc.a(_mul_df.o)
                0x080100f0                __muldf3
 .text          0x080104b4      0x258 c:/altera/nios2eds/bin/gnu/h-i686-mingw32/bin/../lib/gcc/nios2-elf/4.1.2\libgcc.a(_div_df.o)
                0x080104b4                __divdf3
 .text          0x0801070c       0x88 c:/altera/nios2eds/bin/gnu/h-i686-mingw32/bin/../lib/gcc/nios2-elf/4.1.2\libgcc.a(_eq_df.o)
                0x0801070c                __eqdf2
 .text          0x08010794       0x88 c:/altera/nios2eds/bin/gnu/h-i686-mingw32/bin/../lib/gcc/nios2-elf/4.1.2\libgcc.a(_ne_df.o)
                0x08010794                __nedf2
 .text          0x0801081c       0x88 c:/altera/nios2eds/bin/gnu/h-i686-mingw32/bin/../lib/gcc/nios2-elf/4.1.2\libgcc.a(_gt_df.o)
                0x0801081c                __gtdf2
 .text          0x080108a4       0x88 c:/altera/nios2eds/bin/gnu/h-i686-mingw32/bin/../lib/gcc/nios2-elf/4.1.2\libgcc.a(_ge_df.o)
                0x080108a4                __gedf2
 .text          0x0801092c       0x88 c:/altera/nios2eds/bin/gnu/h-i686-mingw32/bin/../lib/gcc/nios2-elf/4.1.2\libgcc.a(_lt_df.o)
                0x0801092c                __ltdf2
 .text          0x080109b4       0xf8 c:/altera/nios2eds/bin/gnu/h-i686-mingw32/bin/../lib/gcc/nios2-elf/4.1.2\libgcc.a(_si_to_df.o)
                0x080109b4                __floatsidf
 .text          0x08010aac       0xd8 c:/altera/nios2eds/bin/gnu/h-i686-mingw32/bin/../lib/gcc/nios2-elf/4.1.2\libgcc.a(_df_to_si.o)
                0x08010aac                __fixdfsi
 .text          0x08010b84        0x0 c:/altera/nios2eds/bin/gnu/h-i686-mingw32/bin/../lib/gcc/nios2-elf/4.1.2\libgcc.a(_thenan_df.o)
 .text          0x08010b84      0x194 c:/altera/nios2eds/bin/gnu/h-i686-mingw32/bin/../lib/gcc/nios2-elf/4.1.2\libgcc.a(_usi_to_df.o)
                0x08010b84                __floatunsidf
 .text          0x08010d18      0x14c c:/altera/nios2eds/bin/gnu/h-i686-mingw32/bin/../lib/gcc/nios2-elf/4.1.2\libgcc.a(lib2-divmod.o)
                0x08010d94                __divsi3
                0x08010df4                __modsi3
                0x08010e54                __udivsi3
                0x08010e5c                __umodsi3
 .text          0x08010e64       0x98 c:/altera/nios2eds/bin/gnu/h-i686-mingw32/bin/../lib/gcc/nios2-elf/4.1.2\libgcc.a(_muldi3.o)
                0x08010e64                __muldi3
 .text          0x08010efc        0x0 c:/altera/nios2eds/bin/gnu/h-i686-mingw32/bin/../lib/gcc/nios2-elf/4.1.2\libgcc.a(_clz.o)
 .text          0x08010efc       0x80 c:/altera/nios2eds/bin/gnu/h-i686-mingw32/bin/../lib/gcc/nios2-elf/4.1.2\libgcc.a(_clzsi2.o)
                0x08010efc                __clzsi2
 .text          0x08010f7c      0x314 c:/altera/nios2eds/bin/gnu/h-i686-mingw32/bin/../lib/gcc/nios2-elf/4.1.2\libgcc.a(_pack_df.o)
                0x08010f7c                __pack_d
 .text          0x08011290      0x138 c:/altera/nios2eds/bin/gnu/h-i686-mingw32/bin/../lib/gcc/nios2-elf/4.1.2\libgcc.a(_unpack_df.o)
                0x08011290                __unpack_d
 .text          0x080113c8       0xc8 c:/altera/nios2eds/bin/gnu/h-i686-mingw32/bin/../lib/gcc/nios2-elf/4.1.2\libgcc.a(_fpcmp_parts_df.o)
                0x080113c8                __fpcmp_parts_d
 .text          0x08011490      0x15c ../NES_FPGA_bsp/\libhal_bsp.a(alt_close.o)
                0x08011490                close
 .text          0x080115ec       0x2c ../NES_FPGA_bsp/\libhal_bsp.a(alt_dev.o)
 .text          0x08011618        0x0 ../NES_FPGA_bsp/\libhal_bsp.a(alt_errno.o)
 .text          0x08011618      0x134 ../NES_FPGA_bsp/\libhal_bsp.a(alt_fstat.o)
                0x08011618                fstat
 .text          0x0801174c      0x120 ../NES_FPGA_bsp/\libhal_bsp.a(alt_isatty.o)
                0x0801174c                isatty
 .text          0x0801186c       0xec ../NES_FPGA_bsp/\libhal_bsp.a(alt_load.o)
                0x0801186c                alt_load
 .text          0x08011958      0x150 ../NES_FPGA_bsp/\libhal_bsp.a(alt_lseek.o)
                0x08011958                lseek
 .text          0x08011aa8       0x6c ../NES_FPGA_bsp/\libhal_bsp.a(alt_main.o)
                0x08011aa8                alt_main
 .text          0x08011b14       0x40 ../NES_FPGA_bsp/\libhal_bsp.a(alt_malloc_lock.o)
                0x08011b14                __malloc_lock
                0x08011b34                __malloc_unlock
 .text          0x08011b54      0x180 ../NES_FPGA_bsp/\libhal_bsp.a(alt_read.o)
                0x08011b54                read
 .text          0x08011cd4       0x60 ../NES_FPGA_bsp/\libhal_bsp.a(alt_release_fd.o)
                0x08011cd4                alt_release_fd
 .text          0x08011d34       0xbc ../NES_FPGA_bsp/\libhal_bsp.a(alt_sbrk.o)
                0x08011d34                sbrk
 .text          0x08011df0      0x180 ../NES_FPGA_bsp/\libhal_bsp.a(alt_write.o)
                0x08011df0                write
 .text          0x08011f70      0x2b4 ../NES_FPGA_bsp/\libhal_bsp.a(alt_sys_init.o)
                0x08011f70                alt_irq_init
                0x08011fa4                alt_sys_init
 .text          0x08012224      0x148 ../NES_FPGA_bsp/\libhal_bsp.a(altera_avalon_jtag_uart_fd.o)
                0x08012224                altera_avalon_jtag_uart_read_fd
                0x0801227c                altera_avalon_jtag_uart_write_fd
                0x080122d4                altera_avalon_jtag_uart_close_fd
                0x0801231c                altera_avalon_jtag_uart_ioctl_fd
 .text          0x0801236c      0x40c ../NES_FPGA_bsp/\libhal_bsp.a(altera_avalon_jtag_uart_init.o)
                0x0801236c                altera_avalon_jtag_uart_init
                0x08012704                altera_avalon_jtag_uart_close
 .text          0x08012778       0xf4 ../NES_FPGA_bsp/\libhal_bsp.a(altera_avalon_jtag_uart_ioctl.o)
                0x08012778                altera_avalon_jtag_uart_ioctl
 .text          0x0801286c      0x224 ../NES_FPGA_bsp/\libhal_bsp.a(altera_avalon_jtag_uart_read.o)
                0x0801286c                altera_avalon_jtag_uart_read
 .text          0x08012a90      0x240 ../NES_FPGA_bsp/\libhal_bsp.a(altera_avalon_jtag_uart_write.o)
                0x08012a90                altera_avalon_jtag_uart_write
 .text          0x08012cd0     0x156c ../NES_FPGA_bsp/\libhal_bsp.a(altera_up_avalon_video_pixel_buffer_dma.o)
                0x08012cd0                alt_up_pixel_buffer_dma_open_dev
                0x08012d10                alt_up_pixel_buffer_dma_draw
                0x08012eb0                alt_up_pixel_buffer_dma_change_back_buffer_address
                0x08012f08                alt_up_pixel_buffer_dma_swap_buffers
                0x08012f60                alt_up_pixel_buffer_dma_check_swap_buffers_status
                0x08012f94                alt_up_pixel_buffer_dma_clear_screen
                0x080130f8                alt_up_pixel_buffer_dma_draw_box
                0x080135ec                alt_up_pixel_buffer_dma_draw_hline
                0x0801393c                alt_up_pixel_buffer_dma_draw_vline
                0x08013d0c                alt_up_pixel_buffer_dma_draw_rectangle
                0x08013dd0                helper_plot_pixel
                0x08013ea0                alt_up_pixel_buffer_dma_draw_line
 .text          0x0801423c     0x4424 ../NES_FPGA_bsp/\libhal_bsp.a(altera_up_sd_card_avalon_interface.o)
                0x0801423c                Write_Sector_Data
                0x08014304                Save_Modified_Sector
                0x08014354                Read_Sector_Data
                0x08014450                get_cluster_flag
                0x08014508                mark_cluster
                0x080145ec                Check_for_Master_Boot_Record
                0x0801479c                Read_File_Record_At_Offset
                0x08014a20                Write_File_Record_At_Offset
                0x08014cd8                Check_for_DOS_FAT
                0x08015318                Look_for_FAT16
                0x08015410                filename_to_upper_case
                0x080154e0                check_file_name_for_FAT16_compliance
                0x08015770                get_dir_divider_location
                0x08015830                match_file_record_to_name_ext
                0x08015b1c                get_home_directory_cluster_for_file
                0x08016030                find_file_in_directory
                0x08016494                find_first_empty_cluster
                0x08016638                find_first_empty_record_in_a_subdirectory
                0x08016884                find_first_empty_record_in_root_directory
                0x080169b0                convert_filename_to_name_extension
                0x08016b68                create_file
                0x08016e3c                copy_file_record_name_to_string
                0x08016f90                alt_up_sd_card_open_dev
                0x08017054                alt_up_sd_card_is_Present
                0x0801711c                alt_up_sd_card_is_FAT16
                0x08017190                alt_up_sd_card_find_first
                0x08017264                alt_up_sd_card_find_next
                0x08017614                alt_up_sd_card_fopen
                0x080179bc                alt_up_sd_card_set_attributes
                0x08017a4c                alt_up_sd_card_get_attributes
                0x08017ad8                alt_up_sd_card_read
                0x08017e74                alt_up_sd_card_write
                0x08018494                alt_up_sd_card_fclose
 .text          0x08018660      0x154 ../NES_FPGA_bsp/\libhal_bsp.a(alt_alarm_start.o)
                0x08018660                alt_alarm_start
 .text          0x080187b4       0x44 ../NES_FPGA_bsp/\libhal_bsp.a(alt_dcache_flush_all.o)
                0x080187b4                alt_dcache_flush_all
 .text          0x080187f8      0x114 ../NES_FPGA_bsp/\libhal_bsp.a(alt_dev_llist_insert.o)
                0x080187f8                alt_dev_llist_insert
 .text          0x0801890c       0x64 ../NES_FPGA_bsp/\libhal_bsp.a(alt_do_ctors.o)
                0x0801890c                _do_ctors
 .text          0x08018970       0x64 ../NES_FPGA_bsp/\libhal_bsp.a(alt_do_dtors.o)
                0x08018970                _do_dtors
 .text          0x080189d4       0x94 ../NES_FPGA_bsp/\libhal_bsp.a(alt_find_dev.o)
                0x080189d4                alt_find_dev
 .text          0x08018a68       0x30 ../NES_FPGA_bsp/\libhal_bsp.a(alt_icache_flush_all.o)
                0x08018a68                alt_icache_flush_all
 .text          0x08018a98      0x1d4 ../NES_FPGA_bsp/\libhal_bsp.a(alt_iic.o)
                0x08018a98                alt_ic_isr_register
                0x08018ae8                alt_ic_irq_enable
                0x08018b84                alt_ic_irq_disable
                0x08018c24                alt_ic_irq_enabled
 .text          0x08018c6c       0xf8 ../NES_FPGA_bsp/\libhal_bsp.a(alt_iic_isr_register.o)
                0x08018c6c                alt_iic_isr_register
 .text          0x08018d64      0x13c ../NES_FPGA_bsp/\libhal_bsp.a(alt_io_redirect.o)
                0x08018e28                alt_io_redirect
 .text          0x08018ea0        0x0 ../NES_FPGA_bsp/\libhal_bsp.a(alt_irq_entry.o)
 .text          0x08018ea0        0x0 ../NES_FPGA_bsp/\libhal_bsp.a(alt_irq_handler.o)
 .text          0x08018ea0        0x0 ../NES_FPGA_bsp/\libhal_bsp.a(alt_irq_vars.o)
 .text          0x08018ea0      0x2c4 ../NES_FPGA_bsp/\libhal_bsp.a(alt_open.o)
                0x08018f7c                open
 .text          0x08019164      0x1a4 ../NES_FPGA_bsp/\libhal_bsp.a(alt_tick.o)
                0x08019164                alt_alarm_stop
                0x080191fc                alt_tick
 .text          0x08019308       0x20 ../NES_FPGA_bsp/\libhal_bsp.a(altera_nios2_qsys_irq.o)
                0x08019308                altera_nios2_qsys_irq_init
 .text          0x08019328        0x0 ../NES_FPGA_bsp/\libhal_bsp.a(alt_exception_entry.o)
 .text          0x08019328      0x120 ../NES_FPGA_bsp/\libhal_bsp.a(alt_find_file.o)
                0x08019328                alt_find_file
 .text          0x08019448       0xb8 ../NES_FPGA_bsp/\libhal_bsp.a(alt_get_fd.o)
                0x08019448                alt_get_fd
 .text          0x08019500       0x90 ../NES_FPGA_bsp/\libhal_bsp.a(alt_icache_flush.o)
                0x08019500                alt_icache_flush
 .text          0x08019590       0x14 c:/altera/nios2eds/bin/gnu/h-i686-mingw32/bin/../lib/gcc/nios2-elf/4.1.2/../../../../nios2-elf/lib\libc.a(lib_a-atexit.o)
                0x08019590                atexit
 .text          0x080195a4       0x38 c:/altera/nios2eds/bin/gnu/h-i686-mingw32/bin/../lib/gcc/nios2-elf/4.1.2/../../../../nios2-elf/lib\libc.a(lib_a-exit.o)
                0x080195a4                exit
 .text          0x080195dc       0x74 c:/altera/nios2eds/bin/gnu/h-i686-mingw32/bin/../lib/gcc/nios2-elf/4.1.2/../../../../nios2-elf/lib\libc.a(lib_a-memcmp.o)
                0x080195dc                memcmp
 .text          0x08019650      0x134 c:/altera/nios2eds/bin/gnu/h-i686-mingw32/bin/../lib/gcc/nios2-elf/4.1.2/../../../../nios2-elf/lib\libc.a(lib_a-__atexit.o)
                0x08019650                __register_exitproc
 .text          0x08019784      0x1b4 c:/altera/nios2eds/bin/gnu/h-i686-mingw32/bin/../lib/gcc/nios2-elf/4.1.2/../../../../nios2-elf/lib\libc.a(lib_a-__call_atexit.o)
                0x08019788                __call_exitprocs
 .text          0x08019938       0x60 ../NES_FPGA_bsp/\libhal_bsp.a(alt_exit.o)
                0x08019978                _exit
 *(.gnu.warning.*)
 *(.fini)
                0x08019998                PROVIDE (__etext, ABSOLUTE (.))
                0x08019998                PROVIDE (_etext, ABSOLUTE (.))
                0x08019998                PROVIDE (etext, ABSOLUTE (.))
 *(.eh_frame_hdr)
                0x08019998                . = ALIGN (0x4)
                0x08019998                PROVIDE (__preinit_array_start, ABSOLUTE (.))
 *(.preinit_array)
                0x08019998                PROVIDE (__preinit_array_end, ABSOLUTE (.))
                0x08019998                PROVIDE (__init_array_start, ABSOLUTE (.))
 *(.init_array)
                0x08019998                PROVIDE (__init_array_end, ABSOLUTE (.))
                0x08019998                PROVIDE (__fini_array_start, ABSOLUTE (.))
 *(.fini_array)
                0x08019998                PROVIDE (__fini_array_end, ABSOLUTE (.))
 *(.eh_frame)
 *(.gcc_except_table)
 *(.dynamic)
                0x08019998                PROVIDE (__CTOR_LIST__, ABSOLUTE (.))
 *(.ctors)
 *(SORT(.ctors.*))
 .ctors.65535   0x08019998        0x4 c:/altera/nios2eds/bin/gnu/h-i686-mingw32/bin/../lib/gcc/nios2-elf/4.1.2/../../../../nios2-elf/lib\libc.a(lib_a-__call_atexit.o)
                0x0801999c                PROVIDE (__CTOR_END__, ABSOLUTE (.))
                0x0801999c                PROVIDE (__DTOR_LIST__, ABSOLUTE (.))
 *(.dtors)
 *(SORT(.dtors.*))
                0x0801999c                PROVIDE (__DTOR_END__, ABSOLUTE (.))
 *(.jcr)
                0x0801999c                . = ALIGN (0x4)

.rodata         0x0801999c      0x8d8
                0x0801999c                PROVIDE (__ram_rodata_start, ABSOLUTE (.))
                0x0801999c                . = ALIGN (0x4)
 *(.rodata .rodata.* .gnu.linkonce.r.*)
 .rodata        0x0801999c      0x2b4 obj/default/cpu.o
 .rodata        0x08019c50       0xb8 obj/default/main.o
 .rodata        0x08019d08       0x40 obj/default/ppu.o
 .rodata        0x08019d48      0x158 obj/default/sdcard.o
 .rodata        0x08019ea0       0x54 obj/default/vga.o
 .rodata.str1.4
                0x08019ef4        0x2 c:/altera/nios2eds/bin/gnu/h-i686-mingw32/bin/../lib/gcc/nios2-elf/4.1.2/../../../../nios2-elf/lib\libc.a(lib_a-puts.o)
                                  0x4 (size before relaxing)
 *fill*         0x08019ef6        0x2 00
 .rodata.str1.4
                0x08019ef8       0x5e c:/altera/nios2eds/bin/gnu/h-i686-mingw32/bin/../lib/gcc/nios2-elf/4.1.2/../../../../nios2-elf/lib\libc.a(lib_a-vfprintf.o)
                                 0x60 (size before relaxing)
 .rodata        0x08019f56       0x20 c:/altera/nios2eds/bin/gnu/h-i686-mingw32/bin/../lib/gcc/nios2-elf/4.1.2/../../../../nios2-elf/lib\libc.a(lib_a-vfprintf.o)
 *fill*         0x08019f76        0x2 00
 .rodata.str1.4
                0x08019f78       0x10 c:/altera/nios2eds/bin/gnu/h-i686-mingw32/bin/../lib/gcc/nios2-elf/4.1.2/../../../../nios2-elf/lib\libc.a(lib_a-dtoa.o)
                                 0x14 (size before relaxing)
 .rodata.str1.4
                0x08019f88        0x2 c:/altera/nios2eds/bin/gnu/h-i686-mingw32/bin/../lib/gcc/nios2-elf/4.1.2/../../../../nios2-elf/lib\libc.a(lib_a-impure.o)
                                  0x4 (size before relaxing)
 *fill*         0x08019f8a        0x2 00
 .rodata.str1.4
                0x08019f8c       0x10 c:/altera/nios2eds/bin/gnu/h-i686-mingw32/bin/../lib/gcc/nios2-elf/4.1.2/../../../../nios2-elf/lib\libc.a(lib_a-locale.o)
                                 0x18 (size before relaxing)
 .rodata        0x08019f9c       0x30 c:/altera/nios2eds/bin/gnu/h-i686-mingw32/bin/../lib/gcc/nios2-elf/4.1.2/../../../../nios2-elf/lib\libc.a(lib_a-locale.o)
 .rodata        0x08019fcc      0x124 c:/altera/nios2eds/bin/gnu/h-i686-mingw32/bin/../lib/gcc/nios2-elf/4.1.2/../../../../nios2-elf/lib\libc.a(lib_a-mprec.o)
                0x08019fcc                __mprec_tens
                0x0801a094                __mprec_bigtens
                0x0801a0bc                __mprec_tinytens
 .rodata        0x0801a0f0       0x14 c:/altera/nios2eds/bin/gnu/h-i686-mingw32/bin/../lib/gcc/nios2-elf/4.1.2\libgcc.a(_thenan_df.o)
                0x0801a0f0                __thenan_df
 .rodata        0x0801a104      0x100 c:/altera/nios2eds/bin/gnu/h-i686-mingw32/bin/../lib/gcc/nios2-elf/4.1.2\libgcc.a(_clz.o)
                0x0801a104                __clz_tab
 .rodata        0x0801a204        0xc ../NES_FPGA_bsp/\libhal_bsp.a(alt_dev.o)
 .rodata        0x0801a210       0x10 ../NES_FPGA_bsp/\libhal_bsp.a(alt_main.o)
 .rodata        0x0801a220       0x54 ../NES_FPGA_bsp/\libhal_bsp.a(alt_sys_init.o)
 *(.rodata1)
                0x0801a274                . = ALIGN (0x4)
                0x0801a274                PROVIDE (__ram_rodata_end, ABSOLUTE (.))
                0x0801999c                PROVIDE (__flash_rodata_start, LOADADDR (.rodata))

.rwdata         0x0801a274     0x1bdc load address 0x0801be50
                0x0801a274                PROVIDE (__ram_rwdata_start, ABSOLUTE (.))
                0x0801a274                . = ALIGN (0x4)
 *(.got.plt)
 *(.got)
 *(.data1)
 *(.data .data.* .gnu.linkonce.d.*)
 .data          0x0801a274        0x0 ../NES_FPGA_bsp//obj/HAL/src/crt0.o
 .data          0x0801a274        0x0 obj/default/cpu.o
 .data          0x0801a274        0x0 obj/default/main.o
 .data          0x0801a274      0x100 obj/default/ppu.o
                0x0801a274                RGB
 .data          0x0801a374        0x0 obj/default/sdcard.o
 .data          0x0801a374        0x0 obj/default/vga.o
 .data          0x0801a374        0x0 c:/altera/nios2eds/bin/gnu/h-i686-mingw32/bin/../lib/gcc/nios2-elf/4.1.2/../../../../nios2-elf/lib\libc.a(lib_a-malloc.o)
 .data          0x0801a374      0x408 c:/altera/nios2eds/bin/gnu/h-i686-mingw32/bin/../lib/gcc/nios2-elf/4.1.2/../../../../nios2-elf/lib\libc.a(lib_a-mallocr.o)
                0x0801a374                __malloc_av_
 .data          0x0801a77c        0x0 c:/altera/nios2eds/bin/gnu/h-i686-mingw32/bin/../lib/gcc/nios2-elf/4.1.2/../../../../nios2-elf/lib\libc.a(lib_a-printf.o)
 .data          0x0801a77c        0x0 c:/altera/nios2eds/bin/gnu/h-i686-mingw32/bin/../lib/gcc/nios2-elf/4.1.2/../../../../nios2-elf/lib\libc.a(lib_a-putchar.o)
 .data          0x0801a77c        0x0 c:/altera/nios2eds/bin/gnu/h-i686-mingw32/bin/../lib/gcc/nios2-elf/4.1.2/../../../../nios2-elf/lib\libc.a(lib_a-puts.o)
 .data          0x0801a77c        0x0 c:/altera/nios2eds/bin/gnu/h-i686-mingw32/bin/../lib/gcc/nios2-elf/4.1.2/../../../../nios2-elf/lib\libc.a(lib_a-sbrkr.o)
 .data          0x0801a77c        0x0 c:/altera/nios2eds/bin/gnu/h-i686-mingw32/bin/../lib/gcc/nios2-elf/4.1.2/../../../../nios2-elf/lib\libc.a(lib_a-sprintf.o)
 .data          0x0801a77c        0x0 c:/altera/nios2eds/bin/gnu/h-i686-mingw32/bin/../lib/gcc/nios2-elf/4.1.2/../../../../nios2-elf/lib\libc.a(lib_a-strlen.o)
 .data          0x0801a77c        0x0 c:/altera/nios2eds/bin/gnu/h-i686-mingw32/bin/../lib/gcc/nios2-elf/4.1.2/../../../../nios2-elf/lib\libc.a(lib_a-vfprintf.o)
 .data          0x0801a77c        0x0 c:/altera/nios2eds/bin/gnu/h-i686-mingw32/bin/../lib/gcc/nios2-elf/4.1.2/../../../../nios2-elf/lib\libc.a(lib_a-wsetup.o)
 .data          0x0801a77c        0x0 c:/altera/nios2eds/bin/gnu/h-i686-mingw32/bin/../lib/gcc/nios2-elf/4.1.2/../../../../nios2-elf/lib\libc.a(lib_a-dtoa.o)
 .data          0x0801a77c        0x0 c:/altera/nios2eds/bin/gnu/h-i686-mingw32/bin/../lib/gcc/nios2-elf/4.1.2/../../../../nios2-elf/lib\libc.a(lib_a-fflush.o)
 .data          0x0801a77c        0x0 c:/altera/nios2eds/bin/gnu/h-i686-mingw32/bin/../lib/gcc/nios2-elf/4.1.2/../../../../nios2-elf/lib\libc.a(lib_a-findfp.o)
 .data          0x0801a77c        0x0 c:/altera/nios2eds/bin/gnu/h-i686-mingw32/bin/../lib/gcc/nios2-elf/4.1.2/../../../../nios2-elf/lib\libc.a(lib_a-freer.o)
 .data          0x0801a77c        0x0 c:/altera/nios2eds/bin/gnu/h-i686-mingw32/bin/../lib/gcc/nios2-elf/4.1.2/../../../../nios2-elf/lib\libc.a(lib_a-fvwrite.o)
 .data          0x0801a77c        0x0 c:/altera/nios2eds/bin/gnu/h-i686-mingw32/bin/../lib/gcc/nios2-elf/4.1.2/../../../../nios2-elf/lib\libc.a(lib_a-fwalk.o)
 .data          0x0801a77c      0x400 c:/altera/nios2eds/bin/gnu/h-i686-mingw32/bin/../lib/gcc/nios2-elf/4.1.2/../../../../nios2-elf/lib\libc.a(lib_a-impure.o)
 .data          0x0801ab7c        0x0 c:/altera/nios2eds/bin/gnu/h-i686-mingw32/bin/../lib/gcc/nios2-elf/4.1.2/../../../../nios2-elf/lib\libc.a(lib_a-int_errno.o)
 .data          0x0801ab7c        0xc c:/altera/nios2eds/bin/gnu/h-i686-mingw32/bin/../lib/gcc/nios2-elf/4.1.2/../../../../nios2-elf/lib\libc.a(lib_a-locale.o)
                0x0801ab7c                __lc_ctype
 .data          0x0801ab88        0x0 c:/altera/nios2eds/bin/gnu/h-i686-mingw32/bin/../lib/gcc/nios2-elf/4.1.2/../../../../nios2-elf/lib\libc.a(lib_a-makebuf.o)
 .data          0x0801ab88        0x0 c:/altera/nios2eds/bin/gnu/h-i686-mingw32/bin/../lib/gcc/nios2-elf/4.1.2/../../../../nios2-elf/lib\libc.a(lib_a-memchr.o)
 .data          0x0801ab88        0x0 c:/altera/nios2eds/bin/gnu/h-i686-mingw32/bin/../lib/gcc/nios2-elf/4.1.2/../../../../nios2-elf/lib\libc.a(lib_a-memcpy.o)
 .data          0x0801ab88        0x0 c:/altera/nios2eds/bin/gnu/h-i686-mingw32/bin/../lib/gcc/nios2-elf/4.1.2/../../../../nios2-elf/lib\libc.a(lib_a-memmove.o)
 .data          0x0801ab88        0x0 c:/altera/nios2eds/bin/gnu/h-i686-mingw32/bin/../lib/gcc/nios2-elf/4.1.2/../../../../nios2-elf/lib\libc.a(lib_a-memset.o)
 .data          0x0801ab88        0x0 c:/altera/nios2eds/bin/gnu/h-i686-mingw32/bin/../lib/gcc/nios2-elf/4.1.2/../../../../nios2-elf/lib\libc.a(lib_a-mprec.o)
 .data          0x0801ab88        0x0 c:/altera/nios2eds/bin/gnu/h-i686-mingw32/bin/../lib/gcc/nios2-elf/4.1.2/../../../../nios2-elf/lib\libc.a(lib_a-putc.o)
 .data          0x0801ab88        0x0 c:/altera/nios2eds/bin/gnu/h-i686-mingw32/bin/../lib/gcc/nios2-elf/4.1.2/../../../../nios2-elf/lib\libc.a(lib_a-reallocr.o)
 .data          0x0801ab88        0x0 c:/altera/nios2eds/bin/gnu/h-i686-mingw32/bin/../lib/gcc/nios2-elf/4.1.2/../../../../nios2-elf/lib\libc.a(lib_a-s_isinfd.o)
 .data          0x0801ab88        0x0 c:/altera/nios2eds/bin/gnu/h-i686-mingw32/bin/../lib/gcc/nios2-elf/4.1.2/../../../../nios2-elf/lib\libc.a(lib_a-s_isnand.o)
 .data          0x0801ab88        0x0 c:/altera/nios2eds/bin/gnu/h-i686-mingw32/bin/../lib/gcc/nios2-elf/4.1.2/../../../../nios2-elf/lib\libc.a(lib_a-stdio.o)
 .data          0x0801ab88        0x0 c:/altera/nios2eds/bin/gnu/h-i686-mingw32/bin/../lib/gcc/nios2-elf/4.1.2/../../../../nios2-elf/lib\libc.a(lib_a-strcmp.o)
 .data          0x0801ab88        0x0 c:/altera/nios2eds/bin/gnu/h-i686-mingw32/bin/../lib/gcc/nios2-elf/4.1.2/../../../../nios2-elf/lib\libc.a(lib_a-wbuf.o)
 .data          0x0801ab88        0x0 c:/altera/nios2eds/bin/gnu/h-i686-mingw32/bin/../lib/gcc/nios2-elf/4.1.2/../../../../nios2-elf/lib\libc.a(lib_a-writer.o)
 .data          0x0801ab88        0x0 c:/altera/nios2eds/bin/gnu/h-i686-mingw32/bin/../lib/gcc/nios2-elf/4.1.2/../../../../nios2-elf/lib\libc.a(lib_a-callocr.o)
 .data          0x0801ab88        0x0 c:/altera/nios2eds/bin/gnu/h-i686-mingw32/bin/../lib/gcc/nios2-elf/4.1.2/../../../../nios2-elf/lib\libc.a(lib_a-closer.o)
 .data          0x0801ab88        0x0 c:/altera/nios2eds/bin/gnu/h-i686-mingw32/bin/../lib/gcc/nios2-elf/4.1.2/../../../../nios2-elf/lib\libc.a(lib_a-fclose.o)
 .data          0x0801ab88        0x0 c:/altera/nios2eds/bin/gnu/h-i686-mingw32/bin/../lib/gcc/nios2-elf/4.1.2/../../../../nios2-elf/lib\libc.a(lib_a-fstatr.o)
 .data          0x0801ab88        0x0 c:/altera/nios2eds/bin/gnu/h-i686-mingw32/bin/../lib/gcc/nios2-elf/4.1.2/../../../../nios2-elf/lib\libc.a(lib_a-isattyr.o)
 .data          0x0801ab88        0x0 c:/altera/nios2eds/bin/gnu/h-i686-mingw32/bin/../lib/gcc/nios2-elf/4.1.2/../../../../nios2-elf/lib\libc.a(lib_a-lseekr.o)
 .data          0x0801ab88        0x0 c:/altera/nios2eds/bin/gnu/h-i686-mingw32/bin/../lib/gcc/nios2-elf/4.1.2/../../../../nios2-elf/lib\libc.a(lib_a-readr.o)
 .data          0x0801ab88        0x0 c:/altera/nios2eds/bin/gnu/h-i686-mingw32/bin/../lib/gcc/nios2-elf/4.1.2\libgcc.a(_udivdi3.o)
 .data          0x0801ab88        0x0 c:/altera/nios2eds/bin/gnu/h-i686-mingw32/bin/../lib/gcc/nios2-elf/4.1.2\libgcc.a(_umoddi3.o)
 .data          0x0801ab88        0x0 c:/altera/nios2eds/bin/gnu/h-i686-mingw32/bin/../lib/gcc/nios2-elf/4.1.2\libgcc.a(_addsub_df.o)
 .data          0x0801ab88        0x0 c:/altera/nios2eds/bin/gnu/h-i686-mingw32/bin/../lib/gcc/nios2-elf/4.1.2\libgcc.a(_mul_df.o)
 .data          0x0801ab88        0x0 c:/altera/nios2eds/bin/gnu/h-i686-mingw32/bin/../lib/gcc/nios2-elf/4.1.2\libgcc.a(_div_df.o)
 .data          0x0801ab88        0x0 c:/altera/nios2eds/bin/gnu/h-i686-mingw32/bin/../lib/gcc/nios2-elf/4.1.2\libgcc.a(_eq_df.o)
 .data          0x0801ab88        0x0 c:/altera/nios2eds/bin/gnu/h-i686-mingw32/bin/../lib/gcc/nios2-elf/4.1.2\libgcc.a(_ne_df.o)
 .data          0x0801ab88        0x0 c:/altera/nios2eds/bin/gnu/h-i686-mingw32/bin/../lib/gcc/nios2-elf/4.1.2\libgcc.a(_gt_df.o)
 .data          0x0801ab88        0x0 c:/altera/nios2eds/bin/gnu/h-i686-mingw32/bin/../lib/gcc/nios2-elf/4.1.2\libgcc.a(_ge_df.o)
 .data          0x0801ab88        0x0 c:/altera/nios2eds/bin/gnu/h-i686-mingw32/bin/../lib/gcc/nios2-elf/4.1.2\libgcc.a(_lt_df.o)
 .data          0x0801ab88        0x0 c:/altera/nios2eds/bin/gnu/h-i686-mingw32/bin/../lib/gcc/nios2-elf/4.1.2\libgcc.a(_si_to_df.o)
 .data          0x0801ab88        0x0 c:/altera/nios2eds/bin/gnu/h-i686-mingw32/bin/../lib/gcc/nios2-elf/4.1.2\libgcc.a(_df_to_si.o)
 .data          0x0801ab88        0x0 c:/altera/nios2eds/bin/gnu/h-i686-mingw32/bin/../lib/gcc/nios2-elf/4.1.2\libgcc.a(_thenan_df.o)
 .data          0x0801ab88        0x0 c:/altera/nios2eds/bin/gnu/h-i686-mingw32/bin/../lib/gcc/nios2-elf/4.1.2\libgcc.a(_usi_to_df.o)
 .data          0x0801ab88        0x0 c:/altera/nios2eds/bin/gnu/h-i686-mingw32/bin/../lib/gcc/nios2-elf/4.1.2\libgcc.a(lib2-divmod.o)
 .data          0x0801ab88        0x0 c:/altera/nios2eds/bin/gnu/h-i686-mingw32/bin/../lib/gcc/nios2-elf/4.1.2\libgcc.a(_muldi3.o)
 .data          0x0801ab88        0x0 c:/altera/nios2eds/bin/gnu/h-i686-mingw32/bin/../lib/gcc/nios2-elf/4.1.2\libgcc.a(_clz.o)
 .data          0x0801ab88        0x0 c:/altera/nios2eds/bin/gnu/h-i686-mingw32/bin/../lib/gcc/nios2-elf/4.1.2\libgcc.a(_clzsi2.o)
 .data          0x0801ab88        0x0 c:/altera/nios2eds/bin/gnu/h-i686-mingw32/bin/../lib/gcc/nios2-elf/4.1.2\libgcc.a(_pack_df.o)
 .data          0x0801ab88        0x0 c:/altera/nios2eds/bin/gnu/h-i686-mingw32/bin/../lib/gcc/nios2-elf/4.1.2\libgcc.a(_unpack_df.o)
 .data          0x0801ab88        0x0 c:/altera/nios2eds/bin/gnu/h-i686-mingw32/bin/../lib/gcc/nios2-elf/4.1.2\libgcc.a(_fpcmp_parts_df.o)
 .data          0x0801ab88        0x0 ../NES_FPGA_bsp/\libhal_bsp.a(alt_close.o)
 .data          0x0801ab88      0x1a8 ../NES_FPGA_bsp/\libhal_bsp.a(alt_dev.o)
                0x0801ab88                alt_dev_null
                0x0801abb0                alt_fd_list
 .data          0x0801ad30        0x0 ../NES_FPGA_bsp/\libhal_bsp.a(alt_errno.o)
 .data          0x0801ad30        0x0 ../NES_FPGA_bsp/\libhal_bsp.a(alt_fstat.o)
 .data          0x0801ad30        0x0 ../NES_FPGA_bsp/\libhal_bsp.a(alt_isatty.o)
 .data          0x0801ad30        0x0 ../NES_FPGA_bsp/\libhal_bsp.a(alt_load.o)
 .data          0x0801ad30        0x0 ../NES_FPGA_bsp/\libhal_bsp.a(alt_lseek.o)
 .data          0x0801ad30        0x0 ../NES_FPGA_bsp/\libhal_bsp.a(alt_main.o)
 .data          0x0801ad30        0x0 ../NES_FPGA_bsp/\libhal_bsp.a(alt_malloc_lock.o)
 .data          0x0801ad30        0x0 ../NES_FPGA_bsp/\libhal_bsp.a(alt_read.o)
 .data          0x0801ad30        0x0 ../NES_FPGA_bsp/\libhal_bsp.a(alt_release_fd.o)
 .data          0x0801ad30        0x0 ../NES_FPGA_bsp/\libhal_bsp.a(alt_sbrk.o)
 .data          0x0801ad30        0x0 ../NES_FPGA_bsp/\libhal_bsp.a(alt_write.o)
 .data          0x0801ad30     0x10e0 ../NES_FPGA_bsp/\libhal_bsp.a(alt_sys_init.o)
 .data          0x0801be10        0x0 ../NES_FPGA_bsp/\libhal_bsp.a(altera_avalon_jtag_uart_fd.o)
 .data          0x0801be10        0x0 ../NES_FPGA_bsp/\libhal_bsp.a(altera_avalon_jtag_uart_init.o)
 .data          0x0801be10        0x0 ../NES_FPGA_bsp/\libhal_bsp.a(altera_avalon_jtag_uart_ioctl.o)
 .data          0x0801be10        0x0 ../NES_FPGA_bsp/\libhal_bsp.a(altera_avalon_jtag_uart_read.o)
 .data          0x0801be10        0x0 ../NES_FPGA_bsp/\libhal_bsp.a(altera_avalon_jtag_uart_write.o)
 .data          0x0801be10        0x0 ../NES_FPGA_bsp/\libhal_bsp.a(altera_up_avalon_video_pixel_buffer_dma.o)
 .data          0x0801be10        0x0 ../NES_FPGA_bsp/\libhal_bsp.a(altera_up_sd_card_avalon_interface.o)
 .data          0x0801be10        0x0 ../NES_FPGA_bsp/\libhal_bsp.a(alt_alarm_start.o)
 .data          0x0801be10        0x0 ../NES_FPGA_bsp/\libhal_bsp.a(alt_dcache_flush_all.o)
 .data          0x0801be10        0x0 ../NES_FPGA_bsp/\libhal_bsp.a(alt_dev_llist_insert.o)
 .data          0x0801be10        0x0 ../NES_FPGA_bsp/\libhal_bsp.a(alt_do_ctors.o)
 .data          0x0801be10        0x0 ../NES_FPGA_bsp/\libhal_bsp.a(alt_do_dtors.o)
 .data          0x0801be10        0x0 ../NES_FPGA_bsp/\libhal_bsp.a(alt_find_dev.o)
 .data          0x0801be10        0x0 ../NES_FPGA_bsp/\libhal_bsp.a(alt_icache_flush_all.o)
 .data          0x0801be10        0x0 ../NES_FPGA_bsp/\libhal_bsp.a(alt_iic.o)
 .data          0x0801be10        0x0 ../NES_FPGA_bsp/\libhal_bsp.a(alt_iic_isr_register.o)
 .data          0x0801be10        0x0 ../NES_FPGA_bsp/\libhal_bsp.a(alt_io_redirect.o)
 .data          0x0801be10        0x0 ../NES_FPGA_bsp/\libhal_bsp.a(alt_irq_entry.o)
 .data          0x0801be10        0x0 ../NES_FPGA_bsp/\libhal_bsp.a(alt_irq_handler.o)
 .data          0x0801be10        0x0 ../NES_FPGA_bsp/\libhal_bsp.a(alt_irq_vars.o)
 .data          0x0801be10        0x0 ../NES_FPGA_bsp/\libhal_bsp.a(alt_open.o)
 .data          0x0801be10        0x0 ../NES_FPGA_bsp/\libhal_bsp.a(alt_tick.o)
 .data          0x0801be10        0x0 ../NES_FPGA_bsp/\libhal_bsp.a(altera_nios2_qsys_irq.o)
 .data          0x0801be10        0x0 ../NES_FPGA_bsp/\libhal_bsp.a(alt_exception_entry.o)
 .data          0x0801be10        0x0 ../NES_FPGA_bsp/\libhal_bsp.a(alt_find_file.o)
 .data          0x0801be10        0x0 ../NES_FPGA_bsp/\libhal_bsp.a(alt_get_fd.o)
 .data          0x0801be10        0x0 ../NES_FPGA_bsp/\libhal_bsp.a(alt_icache_flush.o)
 .data          0x0801be10        0x0 c:/altera/nios2eds/bin/gnu/h-i686-mingw32/bin/../lib/gcc/nios2-elf/4.1.2/../../../../nios2-elf/lib\libc.a(lib_a-atexit.o)
 .data          0x0801be10        0x0 c:/altera/nios2eds/bin/gnu/h-i686-mingw32/bin/../lib/gcc/nios2-elf/4.1.2/../../../../nios2-elf/lib\libc.a(lib_a-exit.o)
 .data          0x0801be10        0x0 c:/altera/nios2eds/bin/gnu/h-i686-mingw32/bin/../lib/gcc/nios2-elf/4.1.2/../../../../nios2-elf/lib\libc.a(lib_a-memcmp.o)
 .data          0x0801be10        0x0 c:/altera/nios2eds/bin/gnu/h-i686-mingw32/bin/../lib/gcc/nios2-elf/4.1.2/../../../../nios2-elf/lib\libc.a(lib_a-__atexit.o)
 .data          0x0801be10        0x0 c:/altera/nios2eds/bin/gnu/h-i686-mingw32/bin/../lib/gcc/nios2-elf/4.1.2/../../../../nios2-elf/lib\libc.a(lib_a-__call_atexit.o)
 .data          0x0801be10        0x0 ../NES_FPGA_bsp/\libhal_bsp.a(alt_exit.o)
                0x08023e10                _gp = ABSOLUTE ((. + 0x8000))
                0x08023e10                PROVIDE (gp, _gp)
 *(.rwdata .rwdata.*)
 *(.sdata .sdata.* .gnu.linkonce.s.*)
 .sdata         0x0801be10        0x8 c:/altera/nios2eds/bin/gnu/h-i686-mingw32/bin/../lib/gcc/nios2-elf/4.1.2/../../../../nios2-elf/lib\libc.a(lib_a-mallocr.o)
                0x0801be10                __malloc_trim_threshold
                0x0801be14                __malloc_sbrk_base
 .sdata         0x0801be18        0x8 c:/altera/nios2eds/bin/gnu/h-i686-mingw32/bin/../lib/gcc/nios2-elf/4.1.2/../../../../nios2-elf/lib\libc.a(lib_a-impure.o)
                0x0801be18                _impure_ptr
                0x0801be1c                _global_impure_ptr
 .sdata         0x0801be20        0x8 c:/altera/nios2eds/bin/gnu/h-i686-mingw32/bin/../lib/gcc/nios2-elf/4.1.2/../../../../nios2-elf/lib\libc.a(lib_a-locale.o)
                0x0801be20                __mb_cur_max
 .sdata         0x0801be28       0x14 ../NES_FPGA_bsp/\libhal_bsp.a(alt_dev.o)
                0x0801be28                alt_fs_list
                0x0801be30                alt_dev_list
                0x0801be38                alt_max_fd
 .sdata         0x0801be3c        0x4 ../NES_FPGA_bsp/\libhal_bsp.a(alt_errno.o)
                0x0801be3c                alt_errno
 .sdata         0x0801be40        0x4 ../NES_FPGA_bsp/\libhal_bsp.a(alt_sbrk.o)
 .sdata         0x0801be44        0x4 ../NES_FPGA_bsp/\libhal_bsp.a(alt_irq_vars.o)
                0x0801be44                alt_priority_mask
 .sdata         0x0801be48        0x8 ../NES_FPGA_bsp/\libhal_bsp.a(alt_tick.o)
                0x0801be48                alt_alarm_list
 *(.sdata2 .sdata2.* .gnu.linkonce.s2.*)
                0x0801be50                . = ALIGN (0x4)
                0x0801be50                _edata = ABSOLUTE (.)
                0x0801be50                PROVIDE (edata, ABSOLUTE (.))
                0x0801be50                PROVIDE (__ram_rwdata_end, ABSOLUTE (.))
                0x0801be50                PROVIDE (__flash_rwdata_start, LOADADDR (.rwdata))

.bss            0x0801da2c      0x8d0
                0x0801da2c                __bss_start = ABSOLUTE (.)
                0x0801da2c                PROVIDE (__sbss_start, ABSOLUTE (.))
                0x0801da2c                PROVIDE (___sbss_start, ABSOLUTE (.))
 *(.dynsbss)
 *(.sbss .sbss.* .gnu.linkonce.sb.*)
 .sbss          0x0801da2c       0x3e obj/default/cpu.o
                0x0801da2c                CPU
                0x0801da30                sd_card_dev
                0x0801da34                trainer
                0x0801da36                temp2
                0x0801da38                cpu_sram_batt
                0x0801da39                prg_size
                0x0801da3a                l
                0x0801da3c                t2
                0x0801da3e                temp
                0x0801da40                operand
                0x0801da44                file_name
                0x0801da48                file_handle
                0x0801da4a                pb
                0x0801da4c                temp_addr
                0x0801da4e                mirroring
                0x0801da4f                tv_system
                0x0801da50                t1
                0x0801da54                data
                0x0801da58                PPU
                0x0801da5c                mapper
                0x0801da5e                h
                0x0801da60                chr_size
                0x0801da64                pix_buffer
                0x0801da68                prg_ram_size
                0x0801da69                cpu_sram
 *fill*         0x0801da6a        0x2 00
 .sbss          0x0801da6c        0x4 obj/default/main.o
                0x0801da6c                i
 .sbss          0x0801da70        0x2 obj/default/ppu.o
 *fill*         0x0801da72        0x2 00
 .sbss          0x0801da74        0xc c:/altera/nios2eds/bin/gnu/h-i686-mingw32/bin/../lib/gcc/nios2-elf/4.1.2/../../../../nios2-elf/lib\libc.a(lib_a-mallocr.o)
                0x0801da74                __malloc_top_pad
                0x0801da78                __malloc_max_sbrked_mem
                0x0801da7c                __malloc_max_total_mem
 .sbss          0x0801da80        0x4 c:/altera/nios2eds/bin/gnu/h-i686-mingw32/bin/../lib/gcc/nios2-elf/4.1.2/../../../../nios2-elf/lib\libc.a(lib_a-int_errno.o)
                0x0801da80                errno
 .sbss          0x0801da84        0xc c:/altera/nios2eds/bin/gnu/h-i686-mingw32/bin/../lib/gcc/nios2-elf/4.1.2/../../../../nios2-elf/lib\libc.a(lib_a-locale.o)
                0x0801da84                __nlocale_changed
                0x0801da88                __mlocale_changed
                0x0801da8c                _PathLocale
 .sbss          0x0801da90        0xc ../NES_FPGA_bsp/\libhal_bsp.a(alt_main.o)
                0x0801da90                alt_argc
                0x0801da94                alt_argv
                0x0801da98                alt_envp
 .sbss          0x0801da9c       0x34 ../NES_FPGA_bsp/\libhal_bsp.a(altera_up_sd_card_avalon_interface.o)
                0x0801da9c                initialized
                0x0801daa0                is_sd_card_formated_as_FAT16
                0x0801daa4                aux_status_register
                0x0801daa8                status_register
                0x0801daac                CSD_register_w0
                0x0801dab0                command_register
                0x0801dab4                command_argument_register
                0x0801dab8                buffer_memory
                0x0801dabc                fat_partition_offset_in_512_byte_sectors
                0x0801dac0                fat_partition_size_in_512_byte_sectors
                0x0801dac4                device_pointer
                0x0801dac8                current_sector_modified
                0x0801dacc                current_sector_index
 .sbss          0x0801dad0        0x4 ../NES_FPGA_bsp/\libhal_bsp.a(alt_irq_vars.o)
                0x0801dad0                alt_irq_active
 .sbss          0x0801dad4        0x8 ../NES_FPGA_bsp/\libhal_bsp.a(alt_tick.o)
                0x0801dad4                _alt_tick_rate
                0x0801dad8                _alt_nticks
 *(.sbss2 .sbss2.* .gnu.linkonce.sb2.*)
 *(.scommon)
                0x0801dadc                PROVIDE (__sbss_end, ABSOLUTE (.))
                0x0801dadc                PROVIDE (___sbss_end, ABSOLUTE (.))
 *(.dynbss)
 *(.bss .bss.* .gnu.linkonce.b.*)
 .bss           0x0801dadc        0x0 ../NES_FPGA_bsp//obj/HAL/src/crt0.o
 .bss           0x0801dadc        0x0 obj/default/cpu.o
 .bss           0x0801dadc        0x0 obj/default/main.o
 .bss           0x0801dadc        0x0 obj/default/ppu.o
 .bss           0x0801dadc        0x0 obj/default/sdcard.o
 .bss           0x0801dadc        0x0 obj/default/vga.o
 .bss           0x0801dadc        0x0 c:/altera/nios2eds/bin/gnu/h-i686-mingw32/bin/../lib/gcc/nios2-elf/4.1.2/../../../../nios2-elf/lib\libc.a(lib_a-malloc.o)
 .bss           0x0801dadc       0x28 c:/altera/nios2eds/bin/gnu/h-i686-mingw32/bin/../lib/gcc/nios2-elf/4.1.2/../../../../nios2-elf/lib\libc.a(lib_a-mallocr.o)
                0x0801dadc                __malloc_current_mallinfo
 .bss           0x0801db04        0x0 c:/altera/nios2eds/bin/gnu/h-i686-mingw32/bin/../lib/gcc/nios2-elf/4.1.2/../../../../nios2-elf/lib\libc.a(lib_a-printf.o)
 .bss           0x0801db04        0x0 c:/altera/nios2eds/bin/gnu/h-i686-mingw32/bin/../lib/gcc/nios2-elf/4.1.2/../../../../nios2-elf/lib\libc.a(lib_a-putchar.o)
 .bss           0x0801db04        0x0 c:/altera/nios2eds/bin/gnu/h-i686-mingw32/bin/../lib/gcc/nios2-elf/4.1.2/../../../../nios2-elf/lib\libc.a(lib_a-puts.o)
 .bss           0x0801db04        0x0 c:/altera/nios2eds/bin/gnu/h-i686-mingw32/bin/../lib/gcc/nios2-elf/4.1.2/../../../../nios2-elf/lib\libc.a(lib_a-sbrkr.o)
 .bss           0x0801db04        0x0 c:/altera/nios2eds/bin/gnu/h-i686-mingw32/bin/../lib/gcc/nios2-elf/4.1.2/../../../../nios2-elf/lib\libc.a(lib_a-sprintf.o)
 .bss           0x0801db04        0x0 c:/altera/nios2eds/bin/gnu/h-i686-mingw32/bin/../lib/gcc/nios2-elf/4.1.2/../../../../nios2-elf/lib\libc.a(lib_a-strlen.o)
 .bss           0x0801db04        0x0 c:/altera/nios2eds/bin/gnu/h-i686-mingw32/bin/../lib/gcc/nios2-elf/4.1.2/../../../../nios2-elf/lib\libc.a(lib_a-vfprintf.o)
 .bss           0x0801db04        0x0 c:/altera/nios2eds/bin/gnu/h-i686-mingw32/bin/../lib/gcc/nios2-elf/4.1.2/../../../../nios2-elf/lib\libc.a(lib_a-wsetup.o)
 .bss           0x0801db04        0x0 c:/altera/nios2eds/bin/gnu/h-i686-mingw32/bin/../lib/gcc/nios2-elf/4.1.2/../../../../nios2-elf/lib\libc.a(lib_a-dtoa.o)
 .bss           0x0801db04        0x0 c:/altera/nios2eds/bin/gnu/h-i686-mingw32/bin/../lib/gcc/nios2-elf/4.1.2/../../../../nios2-elf/lib\libc.a(lib_a-fflush.o)
 .bss           0x0801db04        0x0 c:/altera/nios2eds/bin/gnu/h-i686-mingw32/bin/../lib/gcc/nios2-elf/4.1.2/../../../../nios2-elf/lib\libc.a(lib_a-findfp.o)
 .bss           0x0801db04        0x0 c:/altera/nios2eds/bin/gnu/h-i686-mingw32/bin/../lib/gcc/nios2-elf/4.1.2/../../../../nios2-elf/lib\libc.a(lib_a-freer.o)
 .bss           0x0801db04        0x0 c:/altera/nios2eds/bin/gnu/h-i686-mingw32/bin/../lib/gcc/nios2-elf/4.1.2/../../../../nios2-elf/lib\libc.a(lib_a-fvwrite.o)
 .bss           0x0801db04        0x0 c:/altera/nios2eds/bin/gnu/h-i686-mingw32/bin/../lib/gcc/nios2-elf/4.1.2/../../../../nios2-elf/lib\libc.a(lib_a-fwalk.o)
 .bss           0x0801db04        0x0 c:/altera/nios2eds/bin/gnu/h-i686-mingw32/bin/../lib/gcc/nios2-elf/4.1.2/../../../../nios2-elf/lib\libc.a(lib_a-impure.o)
 .bss           0x0801db04        0x0 c:/altera/nios2eds/bin/gnu/h-i686-mingw32/bin/../lib/gcc/nios2-elf/4.1.2/../../../../nios2-elf/lib\libc.a(lib_a-int_errno.o)
 .bss           0x0801db04        0x0 c:/altera/nios2eds/bin/gnu/h-i686-mingw32/bin/../lib/gcc/nios2-elf/4.1.2/../../../../nios2-elf/lib\libc.a(lib_a-locale.o)
 .bss           0x0801db04        0x0 c:/altera/nios2eds/bin/gnu/h-i686-mingw32/bin/../lib/gcc/nios2-elf/4.1.2/../../../../nios2-elf/lib\libc.a(lib_a-makebuf.o)
 .bss           0x0801db04        0x0 c:/altera/nios2eds/bin/gnu/h-i686-mingw32/bin/../lib/gcc/nios2-elf/4.1.2/../../../../nios2-elf/lib\libc.a(lib_a-memchr.o)
 .bss           0x0801db04        0x0 c:/altera/nios2eds/bin/gnu/h-i686-mingw32/bin/../lib/gcc/nios2-elf/4.1.2/../../../../nios2-elf/lib\libc.a(lib_a-memcpy.o)
 .bss           0x0801db04        0x0 c:/altera/nios2eds/bin/gnu/h-i686-mingw32/bin/../lib/gcc/nios2-elf/4.1.2/../../../../nios2-elf/lib\libc.a(lib_a-memmove.o)
 .bss           0x0801db04        0x0 c:/altera/nios2eds/bin/gnu/h-i686-mingw32/bin/../lib/gcc/nios2-elf/4.1.2/../../../../nios2-elf/lib\libc.a(lib_a-memset.o)
 .bss           0x0801db04        0x0 c:/altera/nios2eds/bin/gnu/h-i686-mingw32/bin/../lib/gcc/nios2-elf/4.1.2/../../../../nios2-elf/lib\libc.a(lib_a-mprec.o)
 .bss           0x0801db04        0x0 c:/altera/nios2eds/bin/gnu/h-i686-mingw32/bin/../lib/gcc/nios2-elf/4.1.2/../../../../nios2-elf/lib\libc.a(lib_a-putc.o)
 .bss           0x0801db04        0x0 c:/altera/nios2eds/bin/gnu/h-i686-mingw32/bin/../lib/gcc/nios2-elf/4.1.2/../../../../nios2-elf/lib\libc.a(lib_a-reallocr.o)
 .bss           0x0801db04        0x0 c:/altera/nios2eds/bin/gnu/h-i686-mingw32/bin/../lib/gcc/nios2-elf/4.1.2/../../../../nios2-elf/lib\libc.a(lib_a-s_isinfd.o)
 .bss           0x0801db04        0x0 c:/altera/nios2eds/bin/gnu/h-i686-mingw32/bin/../lib/gcc/nios2-elf/4.1.2/../../../../nios2-elf/lib\libc.a(lib_a-s_isnand.o)
 .bss           0x0801db04        0x0 c:/altera/nios2eds/bin/gnu/h-i686-mingw32/bin/../lib/gcc/nios2-elf/4.1.2/../../../../nios2-elf/lib\libc.a(lib_a-stdio.o)
 .bss           0x0801db04        0x0 c:/altera/nios2eds/bin/gnu/h-i686-mingw32/bin/../lib/gcc/nios2-elf/4.1.2/../../../../nios2-elf/lib\libc.a(lib_a-strcmp.o)
 .bss           0x0801db04        0x0 c:/altera/nios2eds/bin/gnu/h-i686-mingw32/bin/../lib/gcc/nios2-elf/4.1.2/../../../../nios2-elf/lib\libc.a(lib_a-wbuf.o)
 .bss           0x0801db04        0x0 c:/altera/nios2eds/bin/gnu/h-i686-mingw32/bin/../lib/gcc/nios2-elf/4.1.2/../../../../nios2-elf/lib\libc.a(lib_a-writer.o)
 .bss           0x0801db04        0x0 c:/altera/nios2eds/bin/gnu/h-i686-mingw32/bin/../lib/gcc/nios2-elf/4.1.2/../../../../nios2-elf/lib\libc.a(lib_a-callocr.o)
 .bss           0x0801db04        0x0 c:/altera/nios2eds/bin/gnu/h-i686-mingw32/bin/../lib/gcc/nios2-elf/4.1.2/../../../../nios2-elf/lib\libc.a(lib_a-closer.o)
 .bss           0x0801db04        0x0 c:/altera/nios2eds/bin/gnu/h-i686-mingw32/bin/../lib/gcc/nios2-elf/4.1.2/../../../../nios2-elf/lib\libc.a(lib_a-fclose.o)
 .bss           0x0801db04        0x0 c:/altera/nios2eds/bin/gnu/h-i686-mingw32/bin/../lib/gcc/nios2-elf/4.1.2/../../../../nios2-elf/lib\libc.a(lib_a-fstatr.o)
 .bss           0x0801db04        0x0 c:/altera/nios2eds/bin/gnu/h-i686-mingw32/bin/../lib/gcc/nios2-elf/4.1.2/../../../../nios2-elf/lib\libc.a(lib_a-isattyr.o)
 .bss           0x0801db04        0x0 c:/altera/nios2eds/bin/gnu/h-i686-mingw32/bin/../lib/gcc/nios2-elf/4.1.2/../../../../nios2-elf/lib\libc.a(lib_a-lseekr.o)
 .bss           0x0801db04        0x0 c:/altera/nios2eds/bin/gnu/h-i686-mingw32/bin/../lib/gcc/nios2-elf/4.1.2/../../../../nios2-elf/lib\libc.a(lib_a-readr.o)
 .bss           0x0801db04        0x0 c:/altera/nios2eds/bin/gnu/h-i686-mingw32/bin/../lib/gcc/nios2-elf/4.1.2\libgcc.a(_udivdi3.o)
 .bss           0x0801db04        0x0 c:/altera/nios2eds/bin/gnu/h-i686-mingw32/bin/../lib/gcc/nios2-elf/4.1.2\libgcc.a(_umoddi3.o)
 .bss           0x0801db04        0x0 c:/altera/nios2eds/bin/gnu/h-i686-mingw32/bin/../lib/gcc/nios2-elf/4.1.2\libgcc.a(_addsub_df.o)
 .bss           0x0801db04        0x0 c:/altera/nios2eds/bin/gnu/h-i686-mingw32/bin/../lib/gcc/nios2-elf/4.1.2\libgcc.a(_mul_df.o)
 .bss           0x0801db04        0x0 c:/altera/nios2eds/bin/gnu/h-i686-mingw32/bin/../lib/gcc/nios2-elf/4.1.2\libgcc.a(_div_df.o)
 .bss           0x0801db04        0x0 c:/altera/nios2eds/bin/gnu/h-i686-mingw32/bin/../lib/gcc/nios2-elf/4.1.2\libgcc.a(_eq_df.o)
 .bss           0x0801db04        0x0 c:/altera/nios2eds/bin/gnu/h-i686-mingw32/bin/../lib/gcc/nios2-elf/4.1.2\libgcc.a(_ne_df.o)
 .bss           0x0801db04        0x0 c:/altera/nios2eds/bin/gnu/h-i686-mingw32/bin/../lib/gcc/nios2-elf/4.1.2\libgcc.a(_gt_df.o)
 .bss           0x0801db04        0x0 c:/altera/nios2eds/bin/gnu/h-i686-mingw32/bin/../lib/gcc/nios2-elf/4.1.2\libgcc.a(_ge_df.o)
 .bss           0x0801db04        0x0 c:/altera/nios2eds/bin/gnu/h-i686-mingw32/bin/../lib/gcc/nios2-elf/4.1.2\libgcc.a(_lt_df.o)
 .bss           0x0801db04        0x0 c:/altera/nios2eds/bin/gnu/h-i686-mingw32/bin/../lib/gcc/nios2-elf/4.1.2\libgcc.a(_si_to_df.o)
 .bss           0x0801db04        0x0 c:/altera/nios2eds/bin/gnu/h-i686-mingw32/bin/../lib/gcc/nios2-elf/4.1.2\libgcc.a(_df_to_si.o)
 .bss           0x0801db04        0x0 c:/altera/nios2eds/bin/gnu/h-i686-mingw32/bin/../lib/gcc/nios2-elf/4.1.2\libgcc.a(_thenan_df.o)
 .bss           0x0801db04        0x0 c:/altera/nios2eds/bin/gnu/h-i686-mingw32/bin/../lib/gcc/nios2-elf/4.1.2\libgcc.a(_usi_to_df.o)
 .bss           0x0801db04        0x0 c:/altera/nios2eds/bin/gnu/h-i686-mingw32/bin/../lib/gcc/nios2-elf/4.1.2\libgcc.a(lib2-divmod.o)
 .bss           0x0801db04        0x0 c:/altera/nios2eds/bin/gnu/h-i686-mingw32/bin/../lib/gcc/nios2-elf/4.1.2\libgcc.a(_muldi3.o)
 .bss           0x0801db04        0x0 c:/altera/nios2eds/bin/gnu/h-i686-mingw32/bin/../lib/gcc/nios2-elf/4.1.2\libgcc.a(_clz.o)
 .bss           0x0801db04        0x0 c:/altera/nios2eds/bin/gnu/h-i686-mingw32/bin/../lib/gcc/nios2-elf/4.1.2\libgcc.a(_clzsi2.o)
 .bss           0x0801db04        0x0 c:/altera/nios2eds/bin/gnu/h-i686-mingw32/bin/../lib/gcc/nios2-elf/4.1.2\libgcc.a(_pack_df.o)
 .bss           0x0801db04        0x0 c:/altera/nios2eds/bin/gnu/h-i686-mingw32/bin/../lib/gcc/nios2-elf/4.1.2\libgcc.a(_unpack_df.o)
 .bss           0x0801db04        0x0 c:/altera/nios2eds/bin/gnu/h-i686-mingw32/bin/../lib/gcc/nios2-elf/4.1.2\libgcc.a(_fpcmp_parts_df.o)
 .bss           0x0801db04        0x0 ../NES_FPGA_bsp/\libhal_bsp.a(alt_close.o)
 .bss           0x0801db04        0x0 ../NES_FPGA_bsp/\libhal_bsp.a(alt_dev.o)
 .bss           0x0801db04        0x0 ../NES_FPGA_bsp/\libhal_bsp.a(alt_errno.o)
 .bss           0x0801db04        0x0 ../NES_FPGA_bsp/\libhal_bsp.a(alt_fstat.o)
 .bss           0x0801db04        0x0 ../NES_FPGA_bsp/\libhal_bsp.a(alt_isatty.o)
 .bss           0x0801db04        0x0 ../NES_FPGA_bsp/\libhal_bsp.a(alt_load.o)
 .bss           0x0801db04        0x0 ../NES_FPGA_bsp/\libhal_bsp.a(alt_lseek.o)
 .bss           0x0801db04        0x0 ../NES_FPGA_bsp/\libhal_bsp.a(alt_main.o)
 .bss           0x0801db04        0x0 ../NES_FPGA_bsp/\libhal_bsp.a(alt_malloc_lock.o)
 .bss           0x0801db04        0x0 ../NES_FPGA_bsp/\libhal_bsp.a(alt_read.o)
 .bss           0x0801db04        0x0 ../NES_FPGA_bsp/\libhal_bsp.a(alt_release_fd.o)
 .bss           0x0801db04        0x0 ../NES_FPGA_bsp/\libhal_bsp.a(alt_sbrk.o)
 .bss           0x0801db04        0x0 ../NES_FPGA_bsp/\libhal_bsp.a(alt_write.o)
 .bss           0x0801db04        0x0 ../NES_FPGA_bsp/\libhal_bsp.a(alt_sys_init.o)
 .bss           0x0801db04        0x0 ../NES_FPGA_bsp/\libhal_bsp.a(altera_avalon_jtag_uart_fd.o)
 .bss           0x0801db04        0x0 ../NES_FPGA_bsp/\libhal_bsp.a(altera_avalon_jtag_uart_init.o)
 .bss           0x0801db04        0x0 ../NES_FPGA_bsp/\libhal_bsp.a(altera_avalon_jtag_uart_ioctl.o)
 .bss           0x0801db04        0x0 ../NES_FPGA_bsp/\libhal_bsp.a(altera_avalon_jtag_uart_read.o)
 .bss           0x0801db04        0x0 ../NES_FPGA_bsp/\libhal_bsp.a(altera_avalon_jtag_uart_write.o)
 .bss           0x0801db04        0x0 ../NES_FPGA_bsp/\libhal_bsp.a(altera_up_avalon_video_pixel_buffer_dma.o)
 .bss           0x0801db04        0x0 ../NES_FPGA_bsp/\libhal_bsp.a(altera_up_sd_card_avalon_interface.o)
 .bss           0x0801db04        0x0 ../NES_FPGA_bsp/\libhal_bsp.a(alt_alarm_start.o)
 .bss           0x0801db04        0x0 ../NES_FPGA_bsp/\libhal_bsp.a(alt_dcache_flush_all.o)
 .bss           0x0801db04        0x0 ../NES_FPGA_bsp/\libhal_bsp.a(alt_dev_llist_insert.o)
 .bss           0x0801db04        0x0 ../NES_FPGA_bsp/\libhal_bsp.a(alt_do_ctors.o)
 .bss           0x0801db04        0x0 ../NES_FPGA_bsp/\libhal_bsp.a(alt_do_dtors.o)
 .bss           0x0801db04        0x0 ../NES_FPGA_bsp/\libhal_bsp.a(alt_find_dev.o)
 .bss           0x0801db04        0x0 ../NES_FPGA_bsp/\libhal_bsp.a(alt_icache_flush_all.o)
 .bss           0x0801db04        0x0 ../NES_FPGA_bsp/\libhal_bsp.a(alt_iic.o)
 .bss           0x0801db04        0x0 ../NES_FPGA_bsp/\libhal_bsp.a(alt_iic_isr_register.o)
 .bss           0x0801db04        0x0 ../NES_FPGA_bsp/\libhal_bsp.a(alt_io_redirect.o)
 .bss           0x0801db04        0x0 ../NES_FPGA_bsp/\libhal_bsp.a(alt_irq_entry.o)
 .bss           0x0801db04        0x0 ../NES_FPGA_bsp/\libhal_bsp.a(alt_irq_handler.o)
 .bss           0x0801db04        0x0 ../NES_FPGA_bsp/\libhal_bsp.a(alt_irq_vars.o)
 .bss           0x0801db04        0x0 ../NES_FPGA_bsp/\libhal_bsp.a(alt_open.o)
 .bss           0x0801db04        0x0 ../NES_FPGA_bsp/\libhal_bsp.a(alt_tick.o)
 .bss           0x0801db04        0x0 ../NES_FPGA_bsp/\libhal_bsp.a(altera_nios2_qsys_irq.o)
 .bss           0x0801db04        0x0 ../NES_FPGA_bsp/\libhal_bsp.a(alt_exception_entry.o)
 .bss           0x0801db04        0x0 ../NES_FPGA_bsp/\libhal_bsp.a(alt_find_file.o)
 .bss           0x0801db04        0x0 ../NES_FPGA_bsp/\libhal_bsp.a(alt_get_fd.o)
 .bss           0x0801db04        0x0 ../NES_FPGA_bsp/\libhal_bsp.a(alt_icache_flush.o)
 .bss           0x0801db04        0x0 c:/altera/nios2eds/bin/gnu/h-i686-mingw32/bin/../lib/gcc/nios2-elf/4.1.2/../../../../nios2-elf/lib\libc.a(lib_a-atexit.o)
 .bss           0x0801db04        0x0 c:/altera/nios2eds/bin/gnu/h-i686-mingw32/bin/../lib/gcc/nios2-elf/4.1.2/../../../../nios2-elf/lib\libc.a(lib_a-exit.o)
 .bss           0x0801db04        0x0 c:/altera/nios2eds/bin/gnu/h-i686-mingw32/bin/../lib/gcc/nios2-elf/4.1.2/../../../../nios2-elf/lib\libc.a(lib_a-memcmp.o)
 .bss           0x0801db04        0x0 c:/altera/nios2eds/bin/gnu/h-i686-mingw32/bin/../lib/gcc/nios2-elf/4.1.2/../../../../nios2-elf/lib\libc.a(lib_a-__atexit.o)
 .bss           0x0801db04        0x0 c:/altera/nios2eds/bin/gnu/h-i686-mingw32/bin/../lib/gcc/nios2-elf/4.1.2/../../../../nios2-elf/lib\libc.a(lib_a-__call_atexit.o)
 .bss           0x0801db04        0x0 ../NES_FPGA_bsp/\libhal_bsp.a(alt_exit.o)
 *(COMMON)
 COMMON         0x0801db04      0x568 ../NES_FPGA_bsp/\libhal_bsp.a(altera_up_sd_card_avalon_interface.o)
                0x0801db04                search_data
                0x0801db18                boot_sector_data
                0x0801db6c                active_files
 COMMON         0x0801e06c      0x100 ../NES_FPGA_bsp/\libhal_bsp.a(alt_irq_handler.o)
                0x0801e06c                alt_irq
 COMMON         0x0801e16c      0x190 c:/altera/nios2eds/bin/gnu/h-i686-mingw32/bin/../lib/gcc/nios2-elf/4.1.2/../../../../nios2-elf/lib\libc.a(lib_a-atexit.o)
                0x0801e16c                _atexit0
                0x0801e2fc                . = ALIGN (0x4)
                0x0801e2fc                __bss_end = ABSOLUTE (.)

.sdram_0        0x0801e2fc        0x0
                0x0801e2fc                PROVIDE (_alt_partition_sdram_0_start, ABSOLUTE (.))
 *(.sdram_0. sdram_0.*)
                0x0801e2fc                . = ALIGN (0x4)
                0x0801e2fc                PROVIDE (_alt_partition_sdram_0_end, ABSOLUTE (.))
                0x0801e2fc                _end = ABSOLUTE (.)
                0x0801e2fc                end = ABSOLUTE (.)
                0x0801e2fc                __alt_stack_base = ABSOLUTE (.)
                0x0801e2fc                PROVIDE (_alt_partition_sdram_0_load_addr, LOADADDR (.sdram_0))

.stab
 *(.stab)

.stabstr
 *(.stabstr)

.stab.excl
 *(.stab.excl)

.stab.exclstr
 *(.stab.exclstr)

.stab.index
 *(.stab.index)

.stab.indexstr
 *(.stab.indexstr)

.comment        0x00000000       0x23
 *(.comment)
 .comment       0x00000000       0x23 obj/default/cpu.o
                                 0x24 (size before relaxing)
 .comment       0x00000000       0x24 obj/default/main.o
 .comment       0x00000000       0x24 obj/default/ppu.o
 .comment       0x00000000       0x24 obj/default/sdcard.o
 .comment       0x00000000       0x24 obj/default/vga.o
 .comment       0x00000000       0x24 c:/altera/nios2eds/bin/gnu/h-i686-mingw32/bin/../lib/gcc/nios2-elf/4.1.2/../../../../nios2-elf/lib\libc.a(lib_a-malloc.o)
 .comment       0x00000000       0x24 c:/altera/nios2eds/bin/gnu/h-i686-mingw32/bin/../lib/gcc/nios2-elf/4.1.2/../../../../nios2-elf/lib\libc.a(lib_a-mallocr.o)
 .comment       0x00000000       0x24 c:/altera/nios2eds/bin/gnu/h-i686-mingw32/bin/../lib/gcc/nios2-elf/4.1.2/../../../../nios2-elf/lib\libc.a(lib_a-printf.o)
 .comment       0x00000000       0x24 c:/altera/nios2eds/bin/gnu/h-i686-mingw32/bin/../lib/gcc/nios2-elf/4.1.2/../../../../nios2-elf/lib\libc.a(lib_a-putchar.o)
 .comment       0x00000000       0x24 c:/altera/nios2eds/bin/gnu/h-i686-mingw32/bin/../lib/gcc/nios2-elf/4.1.2/../../../../nios2-elf/lib\libc.a(lib_a-puts.o)
 .comment       0x00000000       0x24 c:/altera/nios2eds/bin/gnu/h-i686-mingw32/bin/../lib/gcc/nios2-elf/4.1.2/../../../../nios2-elf/lib\libc.a(lib_a-sbrkr.o)
 .comment       0x00000000       0x24 c:/altera/nios2eds/bin/gnu/h-i686-mingw32/bin/../lib/gcc/nios2-elf/4.1.2/../../../../nios2-elf/lib\libc.a(lib_a-sprintf.o)
 .comment       0x00000000       0x24 c:/altera/nios2eds/bin/gnu/h-i686-mingw32/bin/../lib/gcc/nios2-elf/4.1.2/../../../../nios2-elf/lib\libc.a(lib_a-strlen.o)
 .comment       0x00000000       0x24 c:/altera/nios2eds/bin/gnu/h-i686-mingw32/bin/../lib/gcc/nios2-elf/4.1.2/../../../../nios2-elf/lib\libc.a(lib_a-vfprintf.o)
 .comment       0x00000000       0x24 c:/altera/nios2eds/bin/gnu/h-i686-mingw32/bin/../lib/gcc/nios2-elf/4.1.2/../../../../nios2-elf/lib\libc.a(lib_a-wsetup.o)
 .comment       0x00000000       0x24 c:/altera/nios2eds/bin/gnu/h-i686-mingw32/bin/../lib/gcc/nios2-elf/4.1.2/../../../../nios2-elf/lib\libc.a(lib_a-dtoa.o)
 .comment       0x00000000       0x24 c:/altera/nios2eds/bin/gnu/h-i686-mingw32/bin/../lib/gcc/nios2-elf/4.1.2/../../../../nios2-elf/lib\libc.a(lib_a-fflush.o)
 .comment       0x00000000       0x24 c:/altera/nios2eds/bin/gnu/h-i686-mingw32/bin/../lib/gcc/nios2-elf/4.1.2/../../../../nios2-elf/lib\libc.a(lib_a-findfp.o)
 .comment       0x00000000       0x24 c:/altera/nios2eds/bin/gnu/h-i686-mingw32/bin/../lib/gcc/nios2-elf/4.1.2/../../../../nios2-elf/lib\libc.a(lib_a-freer.o)
 .comment       0x00000000       0x24 c:/altera/nios2eds/bin/gnu/h-i686-mingw32/bin/../lib/gcc/nios2-elf/4.1.2/../../../../nios2-elf/lib\libc.a(lib_a-fvwrite.o)
 .comment       0x00000000       0x24 c:/altera/nios2eds/bin/gnu/h-i686-mingw32/bin/../lib/gcc/nios2-elf/4.1.2/../../../../nios2-elf/lib\libc.a(lib_a-fwalk.o)
 .comment       0x00000000       0x24 c:/altera/nios2eds/bin/gnu/h-i686-mingw32/bin/../lib/gcc/nios2-elf/4.1.2/../../../../nios2-elf/lib\libc.a(lib_a-impure.o)
 .comment       0x00000000       0x24 c:/altera/nios2eds/bin/gnu/h-i686-mingw32/bin/../lib/gcc/nios2-elf/4.1.2/../../../../nios2-elf/lib\libc.a(lib_a-int_errno.o)
 .comment       0x00000000       0x24 c:/altera/nios2eds/bin/gnu/h-i686-mingw32/bin/../lib/gcc/nios2-elf/4.1.2/../../../../nios2-elf/lib\libc.a(lib_a-locale.o)
 .comment       0x00000000       0x24 c:/altera/nios2eds/bin/gnu/h-i686-mingw32/bin/../lib/gcc/nios2-elf/4.1.2/../../../../nios2-elf/lib\libc.a(lib_a-makebuf.o)
 .comment       0x00000000       0x24 c:/altera/nios2eds/bin/gnu/h-i686-mingw32/bin/../lib/gcc/nios2-elf/4.1.2/../../../../nios2-elf/lib\libc.a(lib_a-memchr.o)
 .comment       0x00000000       0x24 c:/altera/nios2eds/bin/gnu/h-i686-mingw32/bin/../lib/gcc/nios2-elf/4.1.2/../../../../nios2-elf/lib\libc.a(lib_a-memcpy.o)
 .comment       0x00000000       0x24 c:/altera/nios2eds/bin/gnu/h-i686-mingw32/bin/../lib/gcc/nios2-elf/4.1.2/../../../../nios2-elf/lib\libc.a(lib_a-memmove.o)
 .comment       0x00000000       0x24 c:/altera/nios2eds/bin/gnu/h-i686-mingw32/bin/../lib/gcc/nios2-elf/4.1.2/../../../../nios2-elf/lib\libc.a(lib_a-memset.o)
 .comment       0x00000000       0x24 c:/altera/nios2eds/bin/gnu/h-i686-mingw32/bin/../lib/gcc/nios2-elf/4.1.2/../../../../nios2-elf/lib\libc.a(lib_a-mprec.o)
 .comment       0x00000000       0x24 c:/altera/nios2eds/bin/gnu/h-i686-mingw32/bin/../lib/gcc/nios2-elf/4.1.2/../../../../nios2-elf/lib\libc.a(lib_a-putc.o)
 .comment       0x00000000       0x24 c:/altera/nios2eds/bin/gnu/h-i686-mingw32/bin/../lib/gcc/nios2-elf/4.1.2/../../../../nios2-elf/lib\libc.a(lib_a-reallocr.o)
 .comment       0x00000000       0x24 c:/altera/nios2eds/bin/gnu/h-i686-mingw32/bin/../lib/gcc/nios2-elf/4.1.2/../../../../nios2-elf/lib\libc.a(lib_a-s_isinfd.o)
 .comment       0x00000000       0x24 c:/altera/nios2eds/bin/gnu/h-i686-mingw32/bin/../lib/gcc/nios2-elf/4.1.2/../../../../nios2-elf/lib\libc.a(lib_a-s_isnand.o)
 .comment       0x00000000       0x24 c:/altera/nios2eds/bin/gnu/h-i686-mingw32/bin/../lib/gcc/nios2-elf/4.1.2/../../../../nios2-elf/lib\libc.a(lib_a-stdio.o)
 .comment       0x00000000       0x24 c:/altera/nios2eds/bin/gnu/h-i686-mingw32/bin/../lib/gcc/nios2-elf/4.1.2/../../../../nios2-elf/lib\libc.a(lib_a-strcmp.o)
 .comment       0x00000000       0x24 c:/altera/nios2eds/bin/gnu/h-i686-mingw32/bin/../lib/gcc/nios2-elf/4.1.2/../../../../nios2-elf/lib\libc.a(lib_a-wbuf.o)
 .comment       0x00000000       0x24 c:/altera/nios2eds/bin/gnu/h-i686-mingw32/bin/../lib/gcc/nios2-elf/4.1.2/../../../../nios2-elf/lib\libc.a(lib_a-writer.o)
 .comment       0x00000000       0x24 c:/altera/nios2eds/bin/gnu/h-i686-mingw32/bin/../lib/gcc/nios2-elf/4.1.2/../../../../nios2-elf/lib\libc.a(lib_a-callocr.o)
 .comment       0x00000000       0x24 c:/altera/nios2eds/bin/gnu/h-i686-mingw32/bin/../lib/gcc/nios2-elf/4.1.2/../../../../nios2-elf/lib\libc.a(lib_a-closer.o)
 .comment       0x00000000       0x24 c:/altera/nios2eds/bin/gnu/h-i686-mingw32/bin/../lib/gcc/nios2-elf/4.1.2/../../../../nios2-elf/lib\libc.a(lib_a-fclose.o)
 .comment       0x00000000       0x24 c:/altera/nios2eds/bin/gnu/h-i686-mingw32/bin/../lib/gcc/nios2-elf/4.1.2/../../../../nios2-elf/lib\libc.a(lib_a-fstatr.o)
 .comment       0x00000000       0x24 c:/altera/nios2eds/bin/gnu/h-i686-mingw32/bin/../lib/gcc/nios2-elf/4.1.2/../../../../nios2-elf/lib\libc.a(lib_a-isattyr.o)
 .comment       0x00000000       0x24 c:/altera/nios2eds/bin/gnu/h-i686-mingw32/bin/../lib/gcc/nios2-elf/4.1.2/../../../../nios2-elf/lib\libc.a(lib_a-lseekr.o)
 .comment       0x00000000       0x24 c:/altera/nios2eds/bin/gnu/h-i686-mingw32/bin/../lib/gcc/nios2-elf/4.1.2/../../../../nios2-elf/lib\libc.a(lib_a-readr.o)
 .comment       0x00000000       0x24 c:/altera/nios2eds/bin/gnu/h-i686-mingw32/bin/../lib/gcc/nios2-elf/4.1.2\libgcc.a(_udivdi3.o)
 .comment       0x00000000       0x24 c:/altera/nios2eds/bin/gnu/h-i686-mingw32/bin/../lib/gcc/nios2-elf/4.1.2\libgcc.a(_umoddi3.o)
 .comment       0x00000000       0x24 c:/altera/nios2eds/bin/gnu/h-i686-mingw32/bin/../lib/gcc/nios2-elf/4.1.2\libgcc.a(_addsub_df.o)
 .comment       0x00000000       0x24 c:/altera/nios2eds/bin/gnu/h-i686-mingw32/bin/../lib/gcc/nios2-elf/4.1.2\libgcc.a(_mul_df.o)
 .comment       0x00000000       0x24 c:/altera/nios2eds/bin/gnu/h-i686-mingw32/bin/../lib/gcc/nios2-elf/4.1.2\libgcc.a(_div_df.o)
 .comment       0x00000000       0x24 c:/altera/nios2eds/bin/gnu/h-i686-mingw32/bin/../lib/gcc/nios2-elf/4.1.2\libgcc.a(_eq_df.o)
 .comment       0x00000000       0x24 c:/altera/nios2eds/bin/gnu/h-i686-mingw32/bin/../lib/gcc/nios2-elf/4.1.2\libgcc.a(_ne_df.o)
 .comment       0x00000000       0x24 c:/altera/nios2eds/bin/gnu/h-i686-mingw32/bin/../lib/gcc/nios2-elf/4.1.2\libgcc.a(_gt_df.o)
 .comment       0x00000000       0x24 c:/altera/nios2eds/bin/gnu/h-i686-mingw32/bin/../lib/gcc/nios2-elf/4.1.2\libgcc.a(_ge_df.o)
 .comment       0x00000000       0x24 c:/altera/nios2eds/bin/gnu/h-i686-mingw32/bin/../lib/gcc/nios2-elf/4.1.2\libgcc.a(_lt_df.o)
 .comment       0x00000000       0x24 c:/altera/nios2eds/bin/gnu/h-i686-mingw32/bin/../lib/gcc/nios2-elf/4.1.2\libgcc.a(_si_to_df.o)
 .comment       0x00000000       0x24 c:/altera/nios2eds/bin/gnu/h-i686-mingw32/bin/../lib/gcc/nios2-elf/4.1.2\libgcc.a(_df_to_si.o)
 .comment       0x00000000       0x24 c:/altera/nios2eds/bin/gnu/h-i686-mingw32/bin/../lib/gcc/nios2-elf/4.1.2\libgcc.a(_thenan_df.o)
 .comment       0x00000000       0x24 c:/altera/nios2eds/bin/gnu/h-i686-mingw32/bin/../lib/gcc/nios2-elf/4.1.2\libgcc.a(_usi_to_df.o)
 .comment       0x00000000       0x24 c:/altera/nios2eds/bin/gnu/h-i686-mingw32/bin/../lib/gcc/nios2-elf/4.1.2\libgcc.a(lib2-divmod.o)
 .comment       0x00000000       0x24 c:/altera/nios2eds/bin/gnu/h-i686-mingw32/bin/../lib/gcc/nios2-elf/4.1.2\libgcc.a(_muldi3.o)
 .comment       0x00000000       0x24 c:/altera/nios2eds/bin/gnu/h-i686-mingw32/bin/../lib/gcc/nios2-elf/4.1.2\libgcc.a(_clz.o)
 .comment       0x00000000       0x24 c:/altera/nios2eds/bin/gnu/h-i686-mingw32/bin/../lib/gcc/nios2-elf/4.1.2\libgcc.a(_clzsi2.o)
 .comment       0x00000000       0x24 c:/altera/nios2eds/bin/gnu/h-i686-mingw32/bin/../lib/gcc/nios2-elf/4.1.2\libgcc.a(_pack_df.o)
 .comment       0x00000000       0x24 c:/altera/nios2eds/bin/gnu/h-i686-mingw32/bin/../lib/gcc/nios2-elf/4.1.2\libgcc.a(_unpack_df.o)
 .comment       0x00000000       0x24 c:/altera/nios2eds/bin/gnu/h-i686-mingw32/bin/../lib/gcc/nios2-elf/4.1.2\libgcc.a(_fpcmp_parts_df.o)
 .comment       0x00000000       0x24 ../NES_FPGA_bsp/\libhal_bsp.a(alt_close.o)
 .comment       0x00000000       0x24 ../NES_FPGA_bsp/\libhal_bsp.a(alt_dev.o)
 .comment       0x00000000       0x24 ../NES_FPGA_bsp/\libhal_bsp.a(alt_errno.o)
 .comment       0x00000000       0x24 ../NES_FPGA_bsp/\libhal_bsp.a(alt_fstat.o)
 .comment       0x00000000       0x24 ../NES_FPGA_bsp/\libhal_bsp.a(alt_isatty.o)
 .comment       0x00000000       0x24 ../NES_FPGA_bsp/\libhal_bsp.a(alt_load.o)
 .comment       0x00000000       0x24 ../NES_FPGA_bsp/\libhal_bsp.a(alt_lseek.o)
 .comment       0x00000000       0x24 ../NES_FPGA_bsp/\libhal_bsp.a(alt_main.o)
 .comment       0x00000000       0x24 ../NES_FPGA_bsp/\libhal_bsp.a(alt_malloc_lock.o)
 .comment       0x00000000       0x24 ../NES_FPGA_bsp/\libhal_bsp.a(alt_read.o)
 .comment       0x00000000       0x24 ../NES_FPGA_bsp/\libhal_bsp.a(alt_release_fd.o)
 .comment       0x00000000       0x24 ../NES_FPGA_bsp/\libhal_bsp.a(alt_sbrk.o)
 .comment       0x00000000       0x24 ../NES_FPGA_bsp/\libhal_bsp.a(alt_write.o)
 .comment       0x00000000       0x24 ../NES_FPGA_bsp/\libhal_bsp.a(alt_sys_init.o)
 .comment       0x00000000       0x24 ../NES_FPGA_bsp/\libhal_bsp.a(altera_avalon_jtag_uart_fd.o)
 .comment       0x00000000       0x24 ../NES_FPGA_bsp/\libhal_bsp.a(altera_avalon_jtag_uart_init.o)
 .comment       0x00000000       0x24 ../NES_FPGA_bsp/\libhal_bsp.a(altera_avalon_jtag_uart_ioctl.o)
 .comment       0x00000000       0x24 ../NES_FPGA_bsp/\libhal_bsp.a(altera_avalon_jtag_uart_read.o)
 .comment       0x00000000       0x24 ../NES_FPGA_bsp/\libhal_bsp.a(altera_avalon_jtag_uart_write.o)
 .comment       0x00000000       0x24 ../NES_FPGA_bsp/\libhal_bsp.a(altera_up_avalon_video_pixel_buffer_dma.o)
 .comment       0x00000000       0x24 ../NES_FPGA_bsp/\libhal_bsp.a(altera_up_sd_card_avalon_interface.o)
 .comment       0x00000000       0x24 ../NES_FPGA_bsp/\libhal_bsp.a(alt_alarm_start.o)
 .comment       0x00000000       0x24 ../NES_FPGA_bsp/\libhal_bsp.a(alt_dcache_flush_all.o)
 .comment       0x00000000       0x24 ../NES_FPGA_bsp/\libhal_bsp.a(alt_dev_llist_insert.o)
 .comment       0x00000000       0x24 ../NES_FPGA_bsp/\libhal_bsp.a(alt_do_ctors.o)
 .comment       0x00000000       0x24 ../NES_FPGA_bsp/\libhal_bsp.a(alt_do_dtors.o)
 .comment       0x00000000       0x24 ../NES_FPGA_bsp/\libhal_bsp.a(alt_find_dev.o)
 .comment       0x00000000       0x24 ../NES_FPGA_bsp/\libhal_bsp.a(alt_icache_flush_all.o)
 .comment       0x00000000       0x24 ../NES_FPGA_bsp/\libhal_bsp.a(alt_iic.o)
 .comment       0x00000000       0x24 ../NES_FPGA_bsp/\libhal_bsp.a(alt_iic_isr_register.o)
 .comment       0x00000000       0x24 ../NES_FPGA_bsp/\libhal_bsp.a(alt_io_redirect.o)
 .comment       0x00000000       0x24 ../NES_FPGA_bsp/\libhal_bsp.a(alt_irq_handler.o)
 .comment       0x00000000       0x24 ../NES_FPGA_bsp/\libhal_bsp.a(alt_irq_vars.o)
 .comment       0x00000000       0x24 ../NES_FPGA_bsp/\libhal_bsp.a(alt_open.o)
 .comment       0x00000000       0x24 ../NES_FPGA_bsp/\libhal_bsp.a(alt_tick.o)
 .comment       0x00000000       0x24 ../NES_FPGA_bsp/\libhal_bsp.a(altera_nios2_qsys_irq.o)
 .comment       0x00000000       0x24 ../NES_FPGA_bsp/\libhal_bsp.a(alt_find_file.o)
 .comment       0x00000000       0x24 ../NES_FPGA_bsp/\libhal_bsp.a(alt_get_fd.o)
 .comment       0x00000000       0x24 ../NES_FPGA_bsp/\libhal_bsp.a(alt_icache_flush.o)
 .comment       0x00000000       0x24 c:/altera/nios2eds/bin/gnu/h-i686-mingw32/bin/../lib/gcc/nios2-elf/4.1.2/../../../../nios2-elf/lib\libc.a(lib_a-atexit.o)
 .comment       0x00000000       0x24 c:/altera/nios2eds/bin/gnu/h-i686-mingw32/bin/../lib/gcc/nios2-elf/4.1.2/../../../../nios2-elf/lib\libc.a(lib_a-exit.o)
 .comment       0x00000000       0x24 c:/altera/nios2eds/bin/gnu/h-i686-mingw32/bin/../lib/gcc/nios2-elf/4.1.2/../../../../nios2-elf/lib\libc.a(lib_a-memcmp.o)
 .comment       0x00000000       0x24 c:/altera/nios2eds/bin/gnu/h-i686-mingw32/bin/../lib/gcc/nios2-elf/4.1.2/../../../../nios2-elf/lib\libc.a(lib_a-__atexit.o)
 .comment       0x00000000       0x24 c:/altera/nios2eds/bin/gnu/h-i686-mingw32/bin/../lib/gcc/nios2-elf/4.1.2/../../../../nios2-elf/lib\libc.a(lib_a-__call_atexit.o)
 .comment       0x00000000       0x24 ../NES_FPGA_bsp/\libhal_bsp.a(alt_exit.o)

.debug
 *(.debug)

.line
 *(.line)

.debug_srcinfo
 *(.debug_srcinfo)

.debug_sfnames
 *(.debug_sfnames)

.debug_aranges  0x00000000      0xdb8
 *(.debug_aranges)
 .debug_aranges
                0x00000000       0x28 ../NES_FPGA_bsp//obj/HAL/src/crt0.o
 .debug_aranges
                0x00000028       0x20 obj/default/cpu.o
 .debug_aranges
                0x00000048       0x20 obj/default/main.o
 .debug_aranges
                0x00000068       0x20 obj/default/ppu.o
 .debug_aranges
                0x00000088       0x20 obj/default/sdcard.o
 .debug_aranges
                0x000000a8       0x20 obj/default/vga.o
 .debug_aranges
                0x000000c8       0x20 c:/altera/nios2eds/bin/gnu/h-i686-mingw32/bin/../lib/gcc/nios2-elf/4.1.2/../../../../nios2-elf/lib\libc.a(lib_a-malloc.o)
 .debug_aranges
                0x000000e8       0x20 c:/altera/nios2eds/bin/gnu/h-i686-mingw32/bin/../lib/gcc/nios2-elf/4.1.2/../../../../nios2-elf/lib\libc.a(lib_a-mallocr.o)
 .debug_aranges
                0x00000108       0x20 c:/altera/nios2eds/bin/gnu/h-i686-mingw32/bin/../lib/gcc/nios2-elf/4.1.2/../../../../nios2-elf/lib\libc.a(lib_a-printf.o)
 .debug_aranges
                0x00000128       0x20 c:/altera/nios2eds/bin/gnu/h-i686-mingw32/bin/../lib/gcc/nios2-elf/4.1.2/../../../../nios2-elf/lib\libc.a(lib_a-putchar.o)
 .debug_aranges
                0x00000148       0x20 c:/altera/nios2eds/bin/gnu/h-i686-mingw32/bin/../lib/gcc/nios2-elf/4.1.2/../../../../nios2-elf/lib\libc.a(lib_a-puts.o)
 .debug_aranges
                0x00000168       0x20 c:/altera/nios2eds/bin/gnu/h-i686-mingw32/bin/../lib/gcc/nios2-elf/4.1.2/../../../../nios2-elf/lib\libc.a(lib_a-sbrkr.o)
 .debug_aranges
                0x00000188       0x20 c:/altera/nios2eds/bin/gnu/h-i686-mingw32/bin/../lib/gcc/nios2-elf/4.1.2/../../../../nios2-elf/lib\libc.a(lib_a-sprintf.o)
 .debug_aranges
                0x000001a8       0x20 c:/altera/nios2eds/bin/gnu/h-i686-mingw32/bin/../lib/gcc/nios2-elf/4.1.2/../../../../nios2-elf/lib\libc.a(lib_a-strlen.o)
 .debug_aranges
                0x000001c8       0x20 c:/altera/nios2eds/bin/gnu/h-i686-mingw32/bin/../lib/gcc/nios2-elf/4.1.2/../../../../nios2-elf/lib\libc.a(lib_a-vfprintf.o)
 .debug_aranges
                0x000001e8       0x20 c:/altera/nios2eds/bin/gnu/h-i686-mingw32/bin/../lib/gcc/nios2-elf/4.1.2/../../../../nios2-elf/lib\libc.a(lib_a-wsetup.o)
 .debug_aranges
                0x00000208       0x20 c:/altera/nios2eds/bin/gnu/h-i686-mingw32/bin/../lib/gcc/nios2-elf/4.1.2/../../../../nios2-elf/lib\libc.a(lib_a-dtoa.o)
 .debug_aranges
                0x00000228       0x20 c:/altera/nios2eds/bin/gnu/h-i686-mingw32/bin/../lib/gcc/nios2-elf/4.1.2/../../../../nios2-elf/lib\libc.a(lib_a-fflush.o)
 .debug_aranges
                0x00000248       0x20 c:/altera/nios2eds/bin/gnu/h-i686-mingw32/bin/../lib/gcc/nios2-elf/4.1.2/../../../../nios2-elf/lib\libc.a(lib_a-findfp.o)
 .debug_aranges
                0x00000268       0x20 c:/altera/nios2eds/bin/gnu/h-i686-mingw32/bin/../lib/gcc/nios2-elf/4.1.2/../../../../nios2-elf/lib\libc.a(lib_a-freer.o)
 .debug_aranges
                0x00000288       0x20 c:/altera/nios2eds/bin/gnu/h-i686-mingw32/bin/../lib/gcc/nios2-elf/4.1.2/../../../../nios2-elf/lib\libc.a(lib_a-fvwrite.o)
 .debug_aranges
                0x000002a8       0x20 c:/altera/nios2eds/bin/gnu/h-i686-mingw32/bin/../lib/gcc/nios2-elf/4.1.2/../../../../nios2-elf/lib\libc.a(lib_a-fwalk.o)
 .debug_aranges
                0x000002c8       0x20 c:/altera/nios2eds/bin/gnu/h-i686-mingw32/bin/../lib/gcc/nios2-elf/4.1.2/../../../../nios2-elf/lib\libc.a(lib_a-locale.o)
 .debug_aranges
                0x000002e8       0x20 c:/altera/nios2eds/bin/gnu/h-i686-mingw32/bin/../lib/gcc/nios2-elf/4.1.2/../../../../nios2-elf/lib\libc.a(lib_a-makebuf.o)
 .debug_aranges
                0x00000308       0x20 c:/altera/nios2eds/bin/gnu/h-i686-mingw32/bin/../lib/gcc/nios2-elf/4.1.2/../../../../nios2-elf/lib\libc.a(lib_a-memchr.o)
 .debug_aranges
                0x00000328       0x20 c:/altera/nios2eds/bin/gnu/h-i686-mingw32/bin/../lib/gcc/nios2-elf/4.1.2/../../../../nios2-elf/lib\libc.a(lib_a-memcpy.o)
 .debug_aranges
                0x00000348       0x20 c:/altera/nios2eds/bin/gnu/h-i686-mingw32/bin/../lib/gcc/nios2-elf/4.1.2/../../../../nios2-elf/lib\libc.a(lib_a-memmove.o)
 .debug_aranges
                0x00000368       0x20 c:/altera/nios2eds/bin/gnu/h-i686-mingw32/bin/../lib/gcc/nios2-elf/4.1.2/../../../../nios2-elf/lib\libc.a(lib_a-memset.o)
 .debug_aranges
                0x00000388       0x20 c:/altera/nios2eds/bin/gnu/h-i686-mingw32/bin/../lib/gcc/nios2-elf/4.1.2/../../../../nios2-elf/lib\libc.a(lib_a-mprec.o)
 .debug_aranges
                0x000003a8       0x20 c:/altera/nios2eds/bin/gnu/h-i686-mingw32/bin/../lib/gcc/nios2-elf/4.1.2/../../../../nios2-elf/lib\libc.a(lib_a-putc.o)
 .debug_aranges
                0x000003c8       0x20 c:/altera/nios2eds/bin/gnu/h-i686-mingw32/bin/../lib/gcc/nios2-elf/4.1.2/../../../../nios2-elf/lib\libc.a(lib_a-reallocr.o)
 .debug_aranges