Archive member included because of file (symbol)

c:/altera/nios2eds/bin/gnu/h-i686-mingw32/bin/../lib/gcc/nios2-elf/4.1.2/../../../../nios2-elf/lib\libc.a(lib_a-malloc.o)
                              obj/default/cpu.o (malloc)
c:/altera/nios2eds/bin/gnu/h-i686-mingw32/bin/../lib/gcc/nios2-elf/4.1.2/../../../../nios2-elf/lib\libc.a(lib_a-mallocr.o)
                              c:/altera/nios2eds/bin/gnu/h-i686-mingw32/bin/../lib/gcc/nios2-elf/4.1.2/../../../../nios2-elf/lib\libc.a(lib_a-malloc.o) (_malloc_r)
c:/altera/nios2eds/bin/gnu/h-i686-mingw32/bin/../lib/gcc/nios2-elf/4.1.2/../../../../nios2-elf/lib\libc.a(lib_a-printf.o)
                              obj/default/cpu.o (printf)
c:/altera/nios2eds/bin/gnu/h-i686-mingw32/bin/../lib/gcc/nios2-elf/4.1.2/../../../../nios2-elf/lib\libc.a(lib_a-putchar.o)
                              obj/default/cpu.o (putchar)
c:/altera/nios2eds/bin/gnu/h-i686-mingw32/bin/../lib/gcc/nios2-elf/4.1.2/../../../../nios2-elf/lib\libc.a(lib_a-puts.o)
                              obj/default/cpu.o (puts)
c:/altera/nios2eds/bin/gnu/h-i686-mingw32/bin/../lib/gcc/nios2-elf/4.1.2/../../../../nios2-elf/lib\libc.a(lib_a-sbrkr.o)
                              c:/altera/nios2eds/bin/gnu/h-i686-mingw32/bin/../lib/gcc/nios2-elf/4.1.2/../../../../nios2-elf/lib\libc.a(lib_a-mallocr.o) (_sbrk_r)
c:/altera/nios2eds/bin/gnu/h-i686-mingw32/bin/../lib/gcc/nios2-elf/4.1.2/../../../../nios2-elf/lib\libc.a(lib_a-strlen.o)
                              c:/altera/nios2eds/bin/gnu/h-i686-mingw32/bin/../lib/gcc/nios2-elf/4.1.2/../../../../nios2-elf/lib\libc.a(lib_a-puts.o) (strlen)
c:/altera/nios2eds/bin/gnu/h-i686-mingw32/bin/../lib/gcc/nios2-elf/4.1.2/../../../../nios2-elf/lib\libc.a(lib_a-vfprintf.o)
                              c:/altera/nios2eds/bin/gnu/h-i686-mingw32/bin/../lib/gcc/nios2-elf/4.1.2/../../../../nios2-elf/lib\libc.a(lib_a-printf.o) (___vfprintf_internal_r)
c:/altera/nios2eds/bin/gnu/h-i686-mingw32/bin/../lib/gcc/nios2-elf/4.1.2/../../../../nios2-elf/lib\libc.a(lib_a-wsetup.o)
                              c:/altera/nios2eds/bin/gnu/h-i686-mingw32/bin/../lib/gcc/nios2-elf/4.1.2/../../../../nios2-elf/lib\libc.a(lib_a-vfprintf.o) (__swsetup_r)
c:/altera/nios2eds/bin/gnu/h-i686-mingw32/bin/../lib/gcc/nios2-elf/4.1.2/../../../../nios2-elf/lib\libc.a(lib_a-dtoa.o)
                              c:/altera/nios2eds/bin/gnu/h-i686-mingw32/bin/../lib/gcc/nios2-elf/4.1.2/../../../../nios2-elf/lib\libc.a(lib_a-vfprintf.o) (_dtoa_r)
c:/altera/nios2eds/bin/gnu/h-i686-mingw32/bin/../lib/gcc/nios2-elf/4.1.2/../../../../nios2-elf/lib\libc.a(lib_a-fflush.o)
                              c:/altera/nios2eds/bin/gnu/h-i686-mingw32/bin/../lib/gcc/nios2-elf/4.1.2/../../../../nios2-elf/lib\libc.a(lib_a-vfprintf.o) (_fflush_r)
c:/altera/nios2eds/bin/gnu/h-i686-mingw32/bin/../lib/gcc/nios2-elf/4.1.2/../../../../nios2-elf/lib\libc.a(lib_a-findfp.o)
                              c:/altera/nios2eds/bin/gnu/h-i686-mingw32/bin/../lib/gcc/nios2-elf/4.1.2/../../../../nios2-elf/lib\libc.a(lib_a-vfprintf.o) (__sinit)
c:/altera/nios2eds/bin/gnu/h-i686-mingw32/bin/../lib/gcc/nios2-elf/4.1.2/../../../../nios2-elf/lib\libc.a(lib_a-freer.o)
                              c:/altera/nios2eds/bin/gnu/h-i686-mingw32/bin/../lib/gcc/nios2-elf/4.1.2/../../../../nios2-elf/lib\libc.a(lib_a-malloc.o) (_free_r)
c:/altera/nios2eds/bin/gnu/h-i686-mingw32/bin/../lib/gcc/nios2-elf/4.1.2/../../../../nios2-elf/lib\libc.a(lib_a-fvwrite.o)
                              c:/altera/nios2eds/bin/gnu/h-i686-mingw32/bin/../lib/gcc/nios2-elf/4.1.2/../../../../nios2-elf/lib\libc.a(lib_a-puts.o) (__sfvwrite_r)
c:/altera/nios2eds/bin/gnu/h-i686-mingw32/bin/../lib/gcc/nios2-elf/4.1.2/../../../../nios2-elf/lib\libc.a(lib_a-fwalk.o)
                              c:/altera/nios2eds/bin/gnu/h-i686-mingw32/bin/../lib/gcc/nios2-elf/4.1.2/../../../../nios2-elf/lib\libc.a(lib_a-fflush.o) (_fwalk_reent)
c:/altera/nios2eds/bin/gnu/h-i686-mingw32/bin/../lib/gcc/nios2-elf/4.1.2/../../../../nios2-elf/lib\libc.a(lib_a-impure.o)
                              c:/altera/nios2eds/bin/gnu/h-i686-mingw32/bin/../lib/gcc/nios2-elf/4.1.2/../../../../nios2-elf/lib\libc.a(lib_a-malloc.o) (_impure_ptr)
c:/altera/nios2eds/bin/gnu/h-i686-mingw32/bin/../lib/gcc/nios2-elf/4.1.2/../../../../nios2-elf/lib\libc.a(lib_a-int_errno.o)
                              c:/altera/nios2eds/bin/gnu/h-i686-mingw32/bin/../lib/gcc/nios2-elf/4.1.2/../../../../nios2-elf/lib\libc.a(lib_a-sbrkr.o) (errno)
c:/altera/nios2eds/bin/gnu/h-i686-mingw32/bin/../lib/gcc/nios2-elf/4.1.2/../../../../nios2-elf/lib\libc.a(lib_a-locale.o)
                              c:/altera/nios2eds/bin/gnu/h-i686-mingw32/bin/../lib/gcc/nios2-elf/4.1.2/../../../../nios2-elf/lib\libc.a(lib_a-vfprintf.o) (_localeconv_r)
c:/altera/nios2eds/bin/gnu/h-i686-mingw32/bin/../lib/gcc/nios2-elf/4.1.2/../../../../nios2-elf/lib\libc.a(lib_a-makebuf.o)
[...]
Memory Configuration

Name             Origin             Length             Attributes
reset            0x08000000         0x00000020
sdram_0          0x08000020         0x07ffffe0
*default*        0x00000000         0xffffffff

Linker script and memory map

LOAD ../NES_FPGA_bsp//obj/HAL/src/crt0.o
LOAD obj/default/cpu.o
LOAD obj/default/main.o
LOAD obj/default/ppu.o
LOAD obj/default/sdcard.o
LOAD obj/default/vga.o
LOAD c:/altera/nios2eds/bin/gnu/h-i686-mingw32/bin/../lib/gcc/nios2-elf/4.1.2/../../../../nios2-elf/lib\libstdc++.a
LOAD c:/altera/nios2eds/bin/gnu/h-i686-mingw32/bin/../lib/gcc/nios2-elf/4.1.2/../../../../nios2-elf/lib\libm.a
LOAD c:/altera/nios2eds/bin/gnu/h-i686-mingw32/bin/../lib/gcc/nios2-elf/4.1.2\libgcc.a
START GROUP
LOAD c:/altera/nios2eds/bin/gnu/h-i686-mingw32/bin/../lib/gcc/nios2-elf/4.1.2/../../../../nios2-elf/lib\libc.a
LOAD c:/altera/nios2eds/bin/gnu/h-i686-mingw32/bin/../lib/gcc/nios2-elf/4.1.2\libgcc.a
LOAD ../NES_FPGA_bsp/\libhal_bsp.a
END GROUP
LOAD c:/altera/nios2eds/bin/gnu/h-i686-mingw32/bin/../lib/gcc/nios2-elf/4.1.2\libgcc.a
                0x08000000                __alt_mem_sdram_0 = 0x8000000

.entry          0x08000000       0x20
 *(.entry)
 .entry         0x08000000       0x20 ../NES_FPGA_bsp//obj/HAL/src/crt0.o
                0x08000000                __reset

.exceptions     0x08000020      0x194
                0x08000020                PROVIDE (__ram_exceptions_start, ABSOLUTE (.))
                0x08000020                . = ALIGN (0x20)
 *(.irq)
 *(.exceptions.entry.label)
 .exceptions.entry.label
                0x08000020        0x0 ../NES_FPGA_bsp/\libhal_bsp.a(alt_irq_entry.o)
                0x08000020                alt_irq_entry
 .exceptions.entry.label
                0x08000020        0x0 ../NES_FPGA_bsp/\libhal_bsp.a(alt_exception_entry.o)
                0x08000020                alt_exception
 *(.exceptions.entry.user)
 *(.exceptions.entry)
 .exceptions.entry
                0x08000020       0x54 ../NES_FPGA_bsp/\libhal_bsp.a(alt_exception_entry.o)
 *(.exceptions.irqtest.user)
 *(.exceptions.irqtest)
 .exceptions.irqtest
                0x08000074       0x10 ../NES_FPGA_bsp/\libhal_bsp.a(alt_irq_entry.o)
 *(.exceptions.irqhandler.user)
 *(.exceptions.irqhandler)
 .exceptions.irqhandler
                0x08000084        0x4 ../NES_FPGA_bsp/\libhal_bsp.a(alt_irq_entry.o)
 *(.exceptions.irqreturn.user)
 *(.exceptions.irqreturn)
 .exceptions.irqreturn
                0x08000088        0x4 ../NES_FPGA_bsp/\libhal_bsp.a(alt_irq_entry.o)
 *(.exceptions.notirq.label)
 .exceptions.notirq.label
                0x0800008c        0x0 ../NES_FPGA_bsp/\libhal_bsp.a(alt_irq_entry.o)
 *(.exceptions.notirq.user)
 *(.exceptions.notirq)
 .exceptions.notirq
                0x0800008c        0x8 ../NES_FPGA_bsp/\libhal_bsp.a(alt_exception_entry.o)
 *(.exceptions.soft.user)
 *(.exceptions.soft)
 *(.exceptions.unknown.user)
 *(.exceptions.unknown)
 .exceptions.unknown
                0x08000094        0x4 ../NES_FPGA_bsp/\libhal_bsp.a(alt_exception_entry.o)
 *(.exceptions.exit.label)
 .exceptions.exit.label
                0x08000098        0x0 ../NES_FPGA_bsp/\libhal_bsp.a(alt_irq_entry.o)
 .exceptions.exit.label
                0x08000098        0x0 ../NES_FPGA_bsp/\libhal_bsp.a(alt_exception_entry.o)
 *(.exceptions.exit.user)
 *(.exceptions.exit)
 .exceptions.exit
                0x08000098       0x54 ../NES_FPGA_bsp/\libhal_bsp.a(alt_exception_entry.o)
 *(.exceptions)
 .exceptions    0x080000ec       0xc8 ../NES_FPGA_bsp/\libhal_bsp.a(alt_irq_handler.o)
                0x080000ec                alt_irq_handler
                0x080001b4                PROVIDE (__ram_exceptions_end, ABSOLUTE (.))
                0x08000020                PROVIDE (__flash_exceptions_start, LOADADDR (.exceptions))

.text           0x080001b4    0x1944c
                0x080001b4                PROVIDE (stext, ABSOLUTE (.))
 *(.interp)
 *(.hash)
 *(.dynsym)
 *(.dynstr)
 *(.gnu.version)
 *(.gnu.version_d)
 *(.gnu.version_r)
 *(.rel.init)
 *(.rela.init)
 *(.rel.text .rel.text.* .rel.gnu.linkonce.t.*)
 *(.rela.text .rela.text.* .rela.gnu.linkonce.t.*)
 *(.rel.fini)
 *(.rela.fini)
 *(.rel.rodata .rel.rodata.* .rel.gnu.linkonce.r.*)
 *(.rela.rodata .rela.rodata.* .rela.gnu.linkonce.r.*)
 *(.rel.data .rel.data.* .rel.gnu.linkonce.d.*)
 *(.rela.data .rela.data.* .rela.gnu.linkonce.d.*)
 *(.rel.tdata .rel.tdata.* .rel.gnu.linkonce.td.*)
 *(.rela.tdata .rela.tdata.* .rela.gnu.linkonce.td.*)
 *(.rel.tbss .rel.tbss.* .rel.gnu.linkonce.tb.*)
 *(.rela.tbss .rela.tbss.* .rela.gnu.linkonce.tb.*)
 *(.rel.ctors)
 *(.rela.ctors)
 *(.rel.dtors)
 *(.rela.dtors)
 *(.rel.got)
 *(.rela.got)
 *(.rel.sdata .rel.sdata.* .rel.gnu.linkonce.s.*)
 *(.rela.sdata .rela.sdata.* .rela.gnu.linkonce.s.*)
 *(.rel.sbss .rel.sbss.* .rel.gnu.linkonce.sb.*)
 *(.rela.sbss .rela.sbss.* .rela.gnu.linkonce.sb.*)
 *(.rel.sdata2 .rel.sdata2.* .rel.gnu.linkonce.s2.*)
 *(.rela.sdata2 .rela.sdata2.* .rela.gnu.linkonce.s2.*)
 *(.rel.sbss2 .rel.sbss2.* .rel.gnu.linkonce.sb2.*)
 *(.rela.sbss2 .rela.sbss2.* .rela.gnu.linkonce.sb2.*)
 *(.rel.bss .rel.bss.* .rel.gnu.linkonce.b.*)
 *(.rela.bss .rela.bss.* .rela.gnu.linkonce.b.*)
 *(.rel.plt)
 *(.rela.plt)
 *(.rel.dyn)
 *(.init)
 *(.plt)
 *(.text .stub .text.* .gnu.linkonce.t.*)
 .text          0x080001b4       0x4c ../NES_FPGA_bsp//obj/HAL/src/crt0.o
                0x080001b4                _start
 .text          0x08000200     0x48a0 obj/default/cpu.o
                0x08000200                cpu_exec
                0x08002960                print_opcode
                0x08003148                cpu_init
                0x080031d0                cpu_reset
                0x080032ec                cpu_nmi
                0x08003438                cpu_irq
                0x0800357c                cpu_int_check
                0x08003604                cpu_read
                0x0800364c                cpu_mem_read
                0x0800378c                cpu_mem_write
                0x08003890                cpu_join_flags
                0x08003958                cpu_split_flags
                0x080039d8                rel_page_boundary
                0x08003a54                ABS
                0x08003ab0                ABSX
                0x08003b58                ABSY
                0x08003c00                XIND
                0x08003ca0                INDY
                0x08003d80                IMM
                0x08003dac                ZP
                0x08003de0                ZPX
                0x08003e2c                ABSw
                0x08003e7c                ABSXw
                0x08003ee4                ABSYw
                0x08003f4c                XINDw
                0x08003fe4                INDYw
                0x08004078                ZPXw
                0x080040bc                ADC
                0x0800415c                AND
                0x080041c8                ASL
                0x0800423c                CMP
                0x080042b0                CPX
                0x08004324                CPY
                0x08004398                DEC
                0x080043f8                INC
                0x08004458                LDA
                0x080044b8                LDX
                0x08004518                LDY
                0x08004578                LSR
                0x080045d4                ORA
                0x08004640                ROL
                0x080046d4                ROR
                0x08004778                SBC
                0x0800484c                cpu_status
                0x08004a30                prg_test
 .text          0x08004aa0      0x108 obj/default/main.o
                0x08004aa0                main
 .text          0x08004ba8     0x22d4 obj/default/ppu.o
                0x08004ba8                read_ppu_reg
                0x08004e54                write_ppu_reg
                0x08005288                ppu_status
                0x080052e0                ppu_exec
                0x08005510                ppu_init
                0x08005794                draw_tile
                0x08005ae0                render_to_screen
                0x08005bd0                attribute_offset_set
                0x08005f2c                pattern_lookout
                0x08005fb0                mask
                0x0800609c                tile_retrieval
                0x08006138                scanline_retireval
                0x08006590                UPDATE
                0x0800672c                draw_tile2
                0x08006b68                nametable_display
                0x08006d1c                nametable_viewer
                0x08006d6c                test_nametable
 .text          0x08006e7c      0x3fc obj/default/sdcard.o
                0x08006e7c                load_rom
 .text          0x08007278      0x3b4 obj/default/vga.o
                0x08007278                toVGA
                0x080072f0                vga_init
                0x08007398                vga_test
 .text          0x0800762c       0x28 c:/altera/nios2eds/bin/gnu/h-i686-mingw32/bin/../lib/gcc/nios2-elf/4.1.2/../../../../nios2-elf/lib\libc.a(lib_a-malloc.o)
                0x0800762c                free
                0x08007640                malloc
 .text          0x08007654      0x740 c:/altera/nios2eds/bin/gnu/h-i686-mingw32/bin/../lib/gcc/nios2-elf/4.1.2/../../../../nios2-elf/lib\libc.a(lib_a-mallocr.o)
                0x08007654                _malloc_r
 .text          0x08007d94       0x78 c:/altera/nios2eds/bin/gnu/h-i686-mingw32/bin/../lib/gcc/nios2-elf/4.1.2/../../../../nios2-elf/lib\libc.a(lib_a-printf.o)
                0x08007d94                printf
                0x08007dd8                _printf_r
 .text          0x08007e0c       0x24 c:/altera/nios2eds/bin/gnu/h-i686-mingw32/bin/../lib/gcc/nios2-elf/4.1.2/../../../../nios2-elf/lib\libc.a(lib_a-putchar.o)
                0x08007e0c                putchar
                0x08007e28                _putchar_r
 .text          0x08007e30       0xb4 c:/altera/nios2eds/bin/gnu/h-i686-mingw32/bin/../lib/gcc/nios2-elf/4.1.2/../../../../nios2-elf/lib\libc.a(lib_a-puts.o)
                0x08007e30                _puts_r
                0x08007ed0                puts
 .text          0x08007ee4       0x70 c:/altera/nios2eds/bin/gnu/h-i686-mingw32/bin/../lib/gcc/nios2-elf/4.1.2/../../../../nios2-elf/lib\libc.a(lib_a-sbrkr.o)
                0x08007ee4                _sbrk_r
 .text          0x08007f54       0x74 c:/altera/nios2eds/bin/gnu/h-i686-mingw32/bin/../lib/gcc/nios2-elf/4.1.2/../../../../nios2-elf/lib\libc.a(lib_a-strlen.o)
                0x08007f54                strlen
 .text          0x08007fc8     0x1f28 c:/altera/nios2eds/bin/gnu/h-i686-mingw32/bin/../lib/gcc/nios2-elf/4.1.2/../../../../nios2-elf/lib\libc.a(lib_a-vfprintf.o)
                0x08008020                ___vfprintf_internal_r
                0x08009ecc                __vfprintf_internal
 .text          0x08009ef0      0x13c c:/altera/nios2eds/bin/gnu/h-i686-mingw32/bin/../lib/gcc/nios2-elf/4.1.2/../../../../nios2-elf/lib\libc.a(lib_a-wsetup.o)
                0x08009ef0                __swsetup_r
 .text          0x0800a02c     0x17cc c:/altera/nios2eds/bin/gnu/h-i686-mingw32/bin/../lib/gcc/nios2-elf/4.1.2/../../../../nios2-elf/lib\libc.a(lib_a-dtoa.o)
                0x0800a244                _dtoa_r
 .text          0x0800b7f8      0x230 c:/altera/nios2eds/bin/gnu/h-i686-mingw32/bin/../lib/gcc/nios2-elf/4.1.2/../../../../nios2-elf/lib\libc.a(lib_a-fflush.o)
                0x0800b7f8                _fflush_r
                0x0800b9f4                fflush
 .text          0x0800ba28      0x2c0 c:/altera/nios2eds/bin/gnu/h-i686-mingw32/bin/../lib/gcc/nios2-elf/4.1.2/../../../../nios2-elf/lib\libc.a(lib_a-findfp.o)
                0x0800ba80                __sfp_lock_acquire
                0x0800ba84                __sfp_lock_release
                0x0800ba88                __sinit_lock_acquire
                0x0800ba8c                __sinit_lock_release
                0x0800ba90                __sinit
                0x0800bb44                __fp_unlock_all
                0x0800bb5c                __fp_lock_all
                0x0800bb74                _cleanup_r
                0x0800bb80                _cleanup
                0x0800bb90                __sfmoreglue
                0x0800bbf8                __sfp
 .text          0x0800bce8      0x440 c:/altera/nios2eds/bin/gnu/h-i686-mingw32/bin/../lib/gcc/nios2-elf/4.1.2/../../../../nios2-elf/lib\libc.a(lib_a-freer.o)
                0x0800bce8                _malloc_trim_r
                0x0800be14                _free_r
 .text          0x0800c128      0x49c c:/altera/nios2eds/bin/gnu/h-i686-mingw32/bin/../lib/gcc/nios2-elf/4.1.2/../../../../nios2-elf/lib\libc.a(lib_a-fvwrite.o)
                0x0800c128                __sfvwrite_r
 .text          0x0800c5c4      0x180 c:/altera/nios2eds/bin/gnu/h-i686-mingw32/bin/../lib/gcc/nios2-elf/4.1.2/../../../../nios2-elf/lib\libc.a(lib_a-fwalk.o)
                0x0800c5c4                _fwalk_reent
                0x0800c68c                _fwalk
 .text          0x0800c744        0x0 c:/altera/nios2eds/bin/gnu/h-i686-mingw32/bin/../lib/gcc/nios2-elf/4.1.2/../../../../nios2-elf/lib\libc.a(lib_a-impure.o)
 .text          0x0800c744        0x0 c:/altera/nios2eds/bin/gnu/h-i686-mingw32/bin/../lib/gcc/nios2-elf/4.1.2/../../../../nios2-elf/lib\libc.a(lib_a-int_errno.o)
 .text          0x0800c744       0xc4 c:/altera/nios2eds/bin/gnu/h-i686-mingw32/bin/../lib/gcc/nios2-elf/4.1.2/../../../../nios2-elf/lib\libc.a(lib_a-locale.o)
                0x0800c744                __locale_charset
                0x0800c74c                _localeconv_r
                0x0800c758                localeconv
                0x0800c768                _setlocale_r
                0x0800c7ec                setlocale
 .text          0x0800c808      0x194 c:/altera/nios2eds/bin/gnu/h-i686-mingw32/bin/../lib/gcc/nios2-elf/4.1.2/../../../../nios2-elf/lib\libc.a(lib_a-makebuf.o)
                0x0800c808                __smakebuf_r
 .text          0x0800c99c       0xe4 c:/altera/nios2eds/bin/gnu/h-i686-mingw32/bin/../lib/gcc/nios2-elf/4.1.2/../../../../nios2-elf/lib\libc.a(lib_a-memchr.o)
                0x0800c99c                memchr
 .text          0x0800ca80       0xa0 c:/altera/nios2eds/bin/gnu/h-i686-mingw32/bin/../lib/gcc/nios2-elf/4.1.2/../../../../nios2-elf/lib\libc.a(lib_a-memcpy.o)
                0x0800ca80                memcpy
 .text          0x0800cb20       0xe0 c:/altera/nios2eds/bin/gnu/h-i686-mingw32/bin/../lib/gcc/nios2-elf/4.1.2/../../../../nios2-elf/lib\libc.a(lib_a-memmove.o)
                0x0800cb20                memmove
 .text          0x0800cc00       0x98 c:/altera/nios2eds/bin/gnu/h-i686-mingw32/bin/../lib/gcc/nios2-elf/4.1.2/../../../../nios2-elf/lib\libc.a(lib_a-memset.o)
                0x0800cc00                memset
 .text          0x0800cc98      0xff4 c:/altera/nios2eds/bin/gnu/h-i686-mingw32/bin/../lib/gcc/nios2-elf/4.1.2/../../../../nios2-elf/lib\libc.a(lib_a-mprec.o)
                0x0800cc98                _Bfree
                0x0800ccc0                __hi0bits
                0x0800cd30                __lo0bits
                0x0800cdf4                __mcmp
                0x0800ce54                __ulp
                0x0800ced4                __b2d
                0x0800cff4                __ratio
                0x0800d0a4                _mprec_log10
                0x0800d138                __copybits
                0x0800d190                __any_on
                0x0800d218                _Balloc
                0x0800d2d4                __d2b
                0x0800d450                __mdiff
                0x0800d5dc                __lshift
                0x0800d728                __multiply
                0x0800d910                __i2b
                0x0800d94c                __multadd
                0x0800da4c                __pow5mult
                0x0800db6c                __s2b
 .text          0x0800dc8c      0x1ec c:/altera/nios2eds/bin/gnu/h-i686-mingw32/bin/../lib/gcc/nios2-elf/4.1.2/../../../../nios2-elf/lib\libc.a(lib_a-putc.o)
                0x0800dc8c                putc
                0x0800dd90                _putc_r
 .text          0x0800de78      0x5f4 c:/altera/nios2eds/bin/gnu/h-i686-mingw32/bin/../lib/gcc/nios2-elf/4.1.2/../../../../nios2-elf/lib\libc.a(lib_a-reallocr.o)
                0x0800de78                _realloc_r
 .text          0x0800e46c       0x40 c:/altera/nios2eds/bin/gnu/h-i686-mingw32/bin/../lib/gcc/nios2-elf/4.1.2/../../../../nios2-elf/lib\libc.a(lib_a-s_isinfd.o)
                0x0800e46c                __isinfd
 .text          0x0800e4ac       0x30 c:/altera/nios2eds/bin/gnu/h-i686-mingw32/bin/../lib/gcc/nios2-elf/4.1.2/../../../../nios2-elf/lib\libc.a(lib_a-s_isnand.o)
                0x0800e4ac                __isnand
 .text          0x0800e4dc      0x14c c:/altera/nios2eds/bin/gnu/h-i686-mingw32/bin/../lib/gcc/nios2-elf/4.1.2/../../../../nios2-elf/lib\libc.a(lib_a-stdio.o)
                0x0800e4dc                __sclose
                0x0800e4e4                __sseek
                0x0800e54c                __swrite
                0x0800e5c8                __sread
 .text          0x0800e628       0xbc c:/altera/nios2eds/bin/gnu/h-i686-mingw32/bin/../lib/gcc/nios2-elf/4.1.2/../../../../nios2-elf/lib\libc.a(lib_a-strcmp.o)
                0x0800e628                strcmp
 .text          0x0800e6e4      0x14c c:/altera/nios2eds/bin/gnu/h-i686-mingw32/bin/../lib/gcc/nios2-elf/4.1.2/../../../../nios2-elf/lib\libc.a(lib_a-wbuf.o)
                0x0800e6e4                __swbuf_r
                0x0800e814                __swbuf
 .text          0x0800e830       0x78 c:/altera/nios2eds/bin/gnu/h-i686-mingw32/bin/../lib/gcc/nios2-elf/4.1.2/../../../../nios2-elf/lib\libc.a(lib_a-writer.o)
                0x0800e830                _write_r
 .text          0x0800e8a8       0xb4 c:/altera/nios2eds/bin/gnu/h-i686-mingw32/bin/../lib/gcc/nios2-elf/4.1.2/../../../../nios2-elf/lib\libc.a(lib_a-callocr.o)
                0x0800e8a8                _calloc_r
 .text          0x0800e95c       0x70 c:/altera/nios2eds/bin/gnu/h-i686-mingw32/bin/../lib/gcc/nios2-elf/4.1.2/../../../../nios2-elf/lib\libc.a(lib_a-closer.o)
                0x0800e95c                _close_r
 .text          0x0800e9cc      0x124 c:/altera/nios2eds/bin/gnu/h-i686-mingw32/bin/../lib/gcc/nios2-elf/4.1.2/../../../../nios2-elf/lib\libc.a(lib_a-fclose.o)
                0x0800e9cc                _fclose_r
                0x0800eadc                fclose
 .text          0x0800eaf0       0x74 c:/altera/nios2eds/bin/gnu/h-i686-mingw32/bin/../lib/gcc/nios2-elf/4.1.2/../../../../nios2-elf/lib\libc.a(lib_a-fstatr.o)
                0x0800eaf0                _fstat_r
 .text          0x0800eb64       0x70 c:/altera/nios2eds/bin/gnu/h-i686-mingw32/bin/../lib/gcc/nios2-elf/4.1.2/../../../../nios2-elf/lib\libc.a(lib_a-isattyr.o)
                0x0800eb64                _isatty_r
 .text          0x0800ebd4       0x78 c:/altera/nios2eds/bin/gnu/h-i686-mingw32/bin/../lib/gcc/nios2-elf/4.1.2/../../../../nios2-elf/lib\libc.a(lib_a-lseekr.o)
                0x0800ebd4                _lseek_r
 .text          0x0800ec4c       0x78 c:/altera/nios2eds/bin/gnu/h-i686-mingw32/bin/../lib/gcc/nios2-elf/4.1.2/../../../../nios2-elf/lib\libc.a(lib_a-readr.o)
                0x0800ec4c                _read_r
 .text          0x0800ecc4      0x5dc c:/altera/nios2eds/bin/gnu/h-i686-mingw32/bin/../lib/gcc/nios2-elf/4.1.2\libgcc.a(_udivdi3.o)
                0x0800ecc4                __udivdi3
 .text          0x0800f2a0      0x5b0 c:/altera/nios2eds/bin/gnu/h-i686-mingw32/bin/../lib/gcc/nios2-elf/4.1.2\libgcc.a(_umoddi3.o)
                0x0800f2a0                __umoddi3
 .text          0x0800f850      0x504 c:/altera/nios2eds/bin/gnu/h-i686-mingw32/bin/../lib/gcc/nios2-elf/4.1.2\libgcc.a(_addsub_df.o)
                0x0800fc60                __subdf3
                0x0800fce0                __adddf3
 .text          0x0800fd54      0x3c4 c:/altera/nios2eds/bin/gnu/h-i686-mingw32/bin/../lib/gcc/nios2-elf/4.1.2\libgcc.a(_mul_df.o)
                0x0800fd54                __muldf3
 .text          0x08010118      0x258 c:/altera/nios2eds/bin/gnu/h-i686-mingw32/bin/../lib/gcc/nios2-elf/4.1.2\libgcc.a(_div_df.o)
                0x08010118                __divdf3
 .text          0x08010370       0x88 c:/altera/nios2eds/bin/gnu/h-i686-mingw32/bin/../lib/gcc/nios2-elf/4.1.2\libgcc.a(_eq_df.o)
                0x08010370                __eqdf2
 .text          0x080103f8       0x88 c:/altera/nios2eds/bin/gnu/h-i686-mingw32/bin/../lib/gcc/nios2-elf/4.1.2\libgcc.a(_ne_df.o)
                0x080103f8                __nedf2
 .text          0x08010480       0x88 c:/altera/nios2eds/bin/gnu/h-i686-mingw32/bin/../lib/gcc/nios2-elf/4.1.2\libgcc.a(_gt_df.o)
                0x08010480                __gtdf2
 .text          0x08010508       0x88 c:/altera/nios2eds/bin/gnu/h-i686-mingw32/bin/../lib/gcc/nios2-elf/4.1.2\libgcc.a(_ge_df.o)
                0x08010508                __gedf2
 .text          0x08010590       0x88 c:/altera/nios2eds/bin/gnu/h-i686-mingw32/bin/../lib/gcc/nios2-elf/4.1.2\libgcc.a(_lt_df.o)
                0x08010590                __ltdf2
 .text          0x08010618       0xf8 c:/altera/nios2eds/bin/gnu/h-i686-mingw32/bin/../lib/gcc/nios2-elf/4.1.2\libgcc.a(_si_to_df.o)
                0x08010618                __floatsidf
 .text          0x08010710       0xd8 c:/altera/nios2eds/bin/gnu/h-i686-mingw32/bin/../lib/gcc/nios2-elf/4.1.2\libgcc.a(_df_to_si.o)
                0x08010710                __fixdfsi
 .text          0x080107e8        0x0 c:/altera/nios2eds/bin/gnu/h-i686-mingw32/bin/../lib/gcc/nios2-elf/4.1.2\libgcc.a(_thenan_df.o)
 .text          0x080107e8      0x194 c:/altera/nios2eds/bin/gnu/h-i686-mingw32/bin/../lib/gcc/nios2-elf/4.1.2\libgcc.a(_usi_to_df.o)
                0x080107e8                __floatunsidf
 .text          0x0801097c      0x14c c:/altera/nios2eds/bin/gnu/h-i686-mingw32/bin/../lib/gcc/nios2-elf/4.1.2\libgcc.a(lib2-divmod.o)
                0x080109f8                __divsi3
                0x08010a58                __modsi3
                0x08010ab8                __udivsi3
                0x08010ac0                __umodsi3
 .text          0x08010ac8       0x98 c:/altera/nios2eds/bin/gnu/h-i686-mingw32/bin/../lib/gcc/nios2-elf/4.1.2\libgcc.a(_muldi3.o)
                0x08010ac8                __muldi3
 .text          0x08010b60        0x0 c:/altera/nios2eds/bin/gnu/h-i686-mingw32/bin/../lib/gcc/nios2-elf/4.1.2\libgcc.a(_clz.o)
 .text          0x08010b60       0x80 c:/altera/nios2eds/bin/gnu/h-i686-mingw32/bin/../lib/gcc/nios2-elf/4.1.2\libgcc.a(_clzsi2.o)
                0x08010b60                __clzsi2
 .text          0x08010be0      0x314 c:/altera/nios2eds/bin/gnu/h-i686-mingw32/bin/../lib/gcc/nios2-elf/4.1.2\libgcc.a(_pack_df.o)
                0x08010be0                __pack_d
 .text          0x08010ef4      0x138 c:/altera/nios2eds/bin/gnu/h-i686-mingw32/bin/../lib/gcc/nios2-elf/4.1.2\libgcc.a(_unpack_df.o)
                0x08010ef4                __unpack_d
 .text          0x0801102c       0xc8 c:/altera/nios2eds/bin/gnu/h-i686-mingw32/bin/../lib/gcc/nios2-elf/4.1.2\libgcc.a(_fpcmp_parts_df.o)
                0x0801102c                __fpcmp_parts_d
 .text          0x080110f4      0x15c ../NES_FPGA_bsp/\libhal_bsp.a(alt_close.o)
                0x080110f4                close
 .text          0x08011250       0x2c ../NES_FPGA_bsp/\libhal_bsp.a(alt_dev.o)
 .text          0x0801127c        0x0 ../NES_FPGA_bsp/\libhal_bsp.a(alt_errno.o)
 .text          0x0801127c      0x134 ../NES_FPGA_bsp/\libhal_bsp.a(alt_fstat.o)
                0x0801127c                fstat
 .text          0x080113b0      0x120 ../NES_FPGA_bsp/\libhal_bsp.a(alt_isatty.o)
                0x080113b0                isatty
 .text          0x080114d0       0xec ../NES_FPGA_bsp/\libhal_bsp.a(alt_load.o)
                0x080114d0                alt_load
 .text          0x080115bc      0x150 ../NES_FPGA_bsp/\libhal_bsp.a(alt_lseek.o)
                0x080115bc                lseek
 .text          0x0801170c       0x6c ../NES_FPGA_bsp/\libhal_bsp.a(alt_main.o)
                0x0801170c                alt_main
 .text          0x08011778       0x40 ../NES_FPGA_bsp/\libhal_bsp.a(alt_malloc_lock.o)
                0x08011778                __malloc_lock
                0x08011798                __malloc_unlock
 .text          0x080117b8      0x180 ../NES_FPGA_bsp/\libhal_bsp.a(alt_read.o)
                0x080117b8                read
 .text          0x08011938       0x60 ../NES_FPGA_bsp/\libhal_bsp.a(alt_release_fd.o)
                0x08011938                alt_release_fd
 .text          0x08011998       0xbc ../NES_FPGA_bsp/\libhal_bsp.a(alt_sbrk.o)
                0x08011998                sbrk
 .text          0x08011a54      0x180 ../NES_FPGA_bsp/\libhal_bsp.a(alt_write.o)
                0x08011a54                write
 .text          0x08011bd4      0x2b4 ../NES_FPGA_bsp/\libhal_bsp.a(alt_sys_init.o)
                0x08011bd4                alt_irq_init
                0x08011c08                alt_sys_init
 .text          0x08011e88      0x148 ../NES_FPGA_bsp/\libhal_bsp.a(altera_avalon_jtag_uart_fd.o)
                0x08011e88                altera_avalon_jtag_uart_read_fd
                0x08011ee0                altera_avalon_jtag_uart_write_fd
                0x08011f38                altera_avalon_jtag_uart_close_fd
                0x08011f80                altera_avalon_jtag_uart_ioctl_fd
 .text          0x08011fd0      0x40c ../NES_FPGA_bsp/\libhal_bsp.a(altera_avalon_jtag_uart_init.o)
                0x08011fd0                altera_avalon_jtag_uart_init
                0x08012368                altera_avalon_jtag_uart_close
 .text          0x080123dc       0xf4 ../NES_FPGA_bsp/\libhal_bsp.a(altera_avalon_jtag_uart_ioctl.o)
                0x080123dc                altera_avalon_jtag_uart_ioctl
 .text          0x080124d0      0x224 ../NES_FPGA_bsp/\libhal_bsp.a(altera_avalon_jtag_uart_read.o)
                0x080124d0                altera_avalon_jtag_uart_read
 .text          0x080126f4      0x240 ../NES_FPGA_bsp/\libhal_bsp.a(altera_avalon_jtag_uart_write.o)
                0x080126f4                altera_avalon_jtag_uart_write
 .text          0x08012934     0x156c ../NES_FPGA_bsp/\libhal_bsp.a(altera_up_avalon_video_pixel_buffer_dma.o)
                0x08012934                alt_up_pixel_buffer_dma_open_dev
                0x08012974                alt_up_pixel_buffer_dma_draw
                0x08012b14                alt_up_pixel_buffer_dma_change_back_buffer_address
                0x08012b6c                alt_up_pixel_buffer_dma_swap_buffers
                0x08012bc4                alt_up_pixel_buffer_dma_check_swap_buffers_status
                0x08012bf8                alt_up_pixel_buffer_dma_clear_screen
                0x08012d5c                alt_up_pixel_buffer_dma_draw_box
                0x08013250                alt_up_pixel_buffer_dma_draw_hline
                0x080135a0                alt_up_pixel_buffer_dma_draw_vline
                0x08013970                alt_up_pixel_buffer_dma_draw_rectangle
                0x08013a34                helper_plot_pixel
                0x08013b04                alt_up_pixel_buffer_dma_draw_line
 .text          0x08013ea0     0x4424 ../NES_FPGA_bsp/\libhal_bsp.a(altera_up_sd_card_avalon_interface.o)
                0x08013ea0                Write_Sector_Data
                0x08013f68                Save_Modified_Sector
                0x08013fb8                Read_Sector_Data
                0x080140b4                get_cluster_flag
                0x0801416c                mark_cluster
                0x08014250                Check_for_Master_Boot_Record
                0x08014400                Read_File_Record_At_Offset
                0x08014684                Write_File_Record_At_Offset
                0x0801493c                Check_for_DOS_FAT
                0x08014f7c                Look_for_FAT16
                0x08015074                filename_to_upper_case
                0x08015144                check_file_name_for_FAT16_compliance
                0x080153d4                get_dir_divider_location
                0x08015494                match_file_record_to_name_ext
                0x08015780                get_home_directory_cluster_for_file
                0x08015c94                find_file_in_directory
                0x080160f8                find_first_empty_cluster
                0x0801629c                find_first_empty_record_in_a_subdirectory
                0x080164e8                find_first_empty_record_in_root_directory
                0x08016614                convert_filename_to_name_extension
                0x080167cc                create_file
                0x08016aa0                copy_file_record_name_to_string
                0x08016bf4                alt_up_sd_card_open_dev
                0x08016cb8                alt_up_sd_card_is_Present
                0x08016d80                alt_up_sd_card_is_FAT16
                0x08016df4                alt_up_sd_card_find_first
                0x08016ec8                alt_up_sd_card_find_next
                0x08017278                alt_up_sd_card_fopen
                0x08017620                alt_up_sd_card_set_attributes
                0x080176b0                alt_up_sd_card_get_attributes
                0x0801773c                alt_up_sd_card_read
                0x08017ad8                alt_up_sd_card_write
                0x080180f8                alt_up_sd_card_fclose
 .text          0x080182c4      0x154 ../NES_FPGA_bsp/\libhal_bsp.a(alt_alarm_start.o)
                0x080182c4                alt_alarm_start
 .text          0x08018418       0x44 ../NES_FPGA_bsp/\libhal_bsp.a(alt_dcache_flush_all.o)
                0x08018418                alt_dcache_flush_all
 .text          0x0801845c      0x114 ../NES_FPGA_bsp/\libhal_bsp.a(alt_dev_llist_insert.o)
                0x0801845c                alt_dev_llist_insert
 .text          0x08018570       0x64 ../NES_FPGA_bsp/\libhal_bsp.a(alt_do_ctors.o)
                0x08018570                _do_ctors
 .text          0x080185d4       0x64 ../NES_FPGA_bsp/\libhal_bsp.a(alt_do_dtors.o)
                0x080185d4                _do_dtors
 .text          0x08018638       0x94 ../NES_FPGA_bsp/\libhal_bsp.a(alt_find_dev.o)
                0x08018638                alt_find_dev
 .text          0x080186cc       0x30 ../NES_FPGA_bsp/\libhal_bsp.a(alt_icache_flush_all.o)
                0x080186cc                alt_icache_flush_all
 .text          0x080186fc      0x1d4 ../NES_FPGA_bsp/\libhal_bsp.a(alt_iic.o)
                0x080186fc                alt_ic_isr_register
                0x0801874c                alt_ic_irq_enable
                0x080187e8                alt_ic_irq_disable
                0x08018888                alt_ic_irq_enabled
 .text          0x080188d0       0xf8 ../NES_FPGA_bsp/\libhal_bsp.a(alt_iic_isr_register.o)
                0x080188d0                alt_iic_isr_register
 .text          0x080189c8      0x13c ../NES_FPGA_bsp/\libhal_bsp.a(alt_io_redirect.o)
                0x08018a8c                alt_io_redirect
 .text          0x08018b04        0x0 ../NES_FPGA_bsp/\libhal_bsp.a(alt_irq_entry.o)
 .text          0x08018b04        0x0 ../NES_FPGA_bsp/\libhal_bsp.a(alt_irq_handler.o)
 .text          0x08018b04        0x0 ../NES_FPGA_bsp/\libhal_bsp.a(alt_irq_vars.o)
 .text          0x08018b04      0x2c4 ../NES_FPGA_bsp/\libhal_bsp.a(alt_open.o)
                0x08018be0                open
 .text          0x08018dc8      0x1a4 ../NES_FPGA_bsp/\libhal_bsp.a(alt_tick.o)
                0x08018dc8                alt_alarm_stop
                0x08018e60                alt_tick
 .text          0x08018f6c       0x20 ../NES_FPGA_bsp/\libhal_bsp.a(altera_nios2_qsys_irq.o)
                0x08018f6c                altera_nios2_qsys_irq_init
 .text          0x08018f8c        0x0 ../NES_FPGA_bsp/\libhal_bsp.a(alt_exception_entry.o)
 .text          0x08018f8c      0x120 ../NES_FPGA_bsp/\libhal_bsp.a(alt_find_file.o)
                0x08018f8c                alt_find_file
 .text          0x080190ac       0xb8 ../NES_FPGA_bsp/\libhal_bsp.a(alt_get_fd.o)
                0x080190ac                alt_get_fd
 .text          0x08019164       0x90 ../NES_FPGA_bsp/\libhal_bsp.a(alt_icache_flush.o)
                0x08019164                alt_icache_flush
 .text          0x080191f4       0x14 c:/altera/nios2eds/bin/gnu/h-i686-mingw32/bin/../lib/gcc/nios2-elf/4.1.2/../../../../nios2-elf/lib\libc.a(lib_a-atexit.o)
                0x080191f4                atexit
 .text          0x08019208       0x38 c:/altera/nios2eds/bin/gnu/h-i686-mingw32/bin/../lib/gcc/nios2-elf/4.1.2/../../../../nios2-elf/lib\libc.a(lib_a-exit.o)
                0x08019208                exit
 .text          0x08019240       0x74 c:/altera/nios2eds/bin/gnu/h-i686-mingw32/bin/../lib/gcc/nios2-elf/4.1.2/../../../../nios2-elf/lib\libc.a(lib_a-memcmp.o)
                0x08019240                memcmp
 .text          0x080192b4      0x134 c:/altera/nios2eds/bin/gnu/h-i686-mingw32/bin/../lib/gcc/nios2-elf/4.1.2/../../../../nios2-elf/lib\libc.a(lib_a-__atexit.o)
                0x080192b4                __register_exitproc
 .text          0x080193e8      0x1b4 c:/altera/nios2eds/bin/gnu/h-i686-mingw32/bin/../lib/gcc/nios2-elf/4.1.2/../../../../nios2-elf/lib\libc.a(lib_a-__call_atexit.o)
                0x080193ec                __call_exitprocs
 .text          0x0801959c       0x60 ../NES_FPGA_bsp/\libhal_bsp.a(alt_exit.o)
                0x080195dc                _exit
 *(.gnu.warning.*)
 *(.fini)
                0x080195fc                PROVIDE (__etext, ABSOLUTE (.))
                0x080195fc                PROVIDE (_etext, ABSOLUTE (.))
                0x080195fc                PROVIDE (etext, ABSOLUTE (.))
 *(.eh_frame_hdr)
                0x080195fc                . = ALIGN (0x4)
                0x080195fc                PROVIDE (__preinit_array_start, ABSOLUTE (.))
 *(.preinit_array)
                0x080195fc                PROVIDE (__preinit_array_end, ABSOLUTE (.))
                0x080195fc                PROVIDE (__init_array_start, ABSOLUTE (.))
 *(.init_array)
                0x080195fc                PROVIDE (__init_array_end, ABSOLUTE (.))
                0x080195fc                PROVIDE (__fini_array_start, ABSOLUTE (.))
 *(.fini_array)
                0x080195fc                PROVIDE (__fini_array_end, ABSOLUTE (.))
 *(.eh_frame)
 *(.gcc_except_table)
 *(.dynamic)
                0x080195fc                PROVIDE (__CTOR_LIST__, ABSOLUTE (.))
 *(.ctors)
 *(SORT(.ctors.*))
 .ctors.65535   0x080195fc        0x4 c:/altera/nios2eds/bin/gnu/h-i686-mingw32/bin/../lib/gcc/nios2-elf/4.1.2/../../../../nios2-elf/lib\libc.a(lib_a-__call_atexit.o)
                0x08019600                PROVIDE (__CTOR_END__, ABSOLUTE (.))
                0x08019600                PROVIDE (__DTOR_LIST__, ABSOLUTE (.))
 *(.dtors)
 *(SORT(.dtors.*))
                0x08019600                PROVIDE (__DTOR_END__, ABSOLUTE (.))
 *(.jcr)
                0x08019600                . = ALIGN (0x4)

.rodata         0x08019600      0x848
                0x08019600                PROVIDE (__ram_rodata_start, ABSOLUTE (.))
                0x08019600                . = ALIGN (0x4)
 *(.rodata .rodata.* .gnu.linkonce.r.*)
 .rodata        0x08019600      0x2b4 obj/default/cpu.o
 .rodata        0x080198b4        0xc obj/default/main.o
 .rodata        0x080198c0       0x5c obj/default/ppu.o
 .rodata        0x0801991c      0x158 obj/default/sdcard.o
 .rodata        0x08019a74       0x54 obj/default/vga.o
 .rodata.str1.4
                0x08019ac8        0x2 c:/altera/nios2eds/bin/gnu/h-i686-mingw32/bin/../lib/gcc/nios2-elf/4.1.2/../../../../nios2-elf/lib\libc.a(lib_a-puts.o)
                                  0x4 (size before relaxing)
 *fill*         0x08019aca        0x2 00
 .rodata.str1.4
                0x08019acc       0x5e c:/altera/nios2eds/bin/gnu/h-i686-mingw32/bin/../lib/gcc/nios2-elf/4.1.2/../../../../nios2-elf/lib\libc.a(lib_a-vfprintf.o)
                                 0x60 (size before relaxing)
 .rodata        0x08019b2a       0x20 c:/altera/nios2eds/bin/gnu/h-i686-mingw32/bin/../lib/gcc/nios2-elf/4.1.2/../../../../nios2-elf/lib\libc.a(lib_a-vfprintf.o)
 *fill*         0x08019b4a        0x2 00
 .rodata.str1.4
                0x08019b4c       0x10 c:/altera/nios2eds/bin/gnu/h-i686-mingw32/bin/../lib/gcc/nios2-elf/4.1.2/../../../../nios2-elf/lib\libc.a(lib_a-dtoa.o)
                                 0x14 (size before relaxing)
 .rodata.str1.4
                0x08019b5c        0x2 c:/altera/nios2eds/bin/gnu/h-i686-mingw32/bin/../lib/gcc/nios2-elf/4.1.2/../../../../nios2-elf/lib\libc.a(lib_a-impure.o)
                                  0x4 (size before relaxing)
 *fill*         0x08019b5e        0x2 00
 .rodata.str1.4
                0x08019b60       0x10 c:/altera/nios2eds/bin/gnu/h-i686-mingw32/bin/../lib/gcc/nios2-elf/4.1.2/../../../../nios2-elf/lib\libc.a(lib_a-locale.o)
                                 0x18 (size before relaxing)
 .rodata        0x08019b70       0x30 c:/altera/nios2eds/bin/gnu/h-i686-mingw32/bin/../lib/gcc/nios2-elf/4.1.2/../../../../nios2-elf/lib\libc.a(lib_a-locale.o)
 .rodata        0x08019ba0      0x124 c:/altera/nios2eds/bin/gnu/h-i686-mingw32/bin/../lib/gcc/nios2-elf/4.1.2/../../../../nios2-elf/lib\libc.a(lib_a-mprec.o)
                0x08019ba0                __mprec_tens
                0x08019c68                __mprec_bigtens
                0x08019c90                __mprec_tinytens
 .rodata        0x08019cc4       0x14 c:/altera/nios2eds/bin/gnu/h-i686-mingw32/bin/../lib/gcc/nios2-elf/4.1.2\libgcc.a(_thenan_df.o)
                0x08019cc4                __thenan_df
 .rodata        0x08019cd8      0x100 c:/altera/nios2eds/bin/gnu/h-i686-mingw32/bin/../lib/gcc/nios2-elf/4.1.2\libgcc.a(_clz.o)
                0x08019cd8                __clz_tab
 .rodata        0x08019dd8        0xc ../NES_FPGA_bsp/\libhal_bsp.a(alt_dev.o)
 .rodata        0x08019de4       0x10 ../NES_FPGA_bsp/\libhal_bsp.a(alt_main.o)
 .rodata        0x08019df4       0x54 ../NES_FPGA_bsp/\libhal_bsp.a(alt_sys_init.o)
 *(.rodata1)
                0x08019e48                . = ALIGN (0x4)
                0x08019e48                PROVIDE (__ram_rodata_end, ABSOLUTE (.))
                0x08019600                PROVIDE (__flash_rodata_start, LOADADDR (.rodata))

.rwdata         0x08019e48     0x1bdc load address 0x0801ba24
                0x08019e48                PROVIDE (__ram_rwdata_start, ABSOLUTE (.))
                0x08019e48                . = ALIGN (0x4)
 *(.got.plt)
 *(.got)
 *(.data1)
 *(.data .data.* .gnu.linkonce.d.*)
 .data          0x08019e48        0x0 ../NES_FPGA_bsp//obj/HAL/src/crt0.o
 .data          0x08019e48        0x0 obj/default/cpu.o
 .data          0x08019e48        0x0 obj/default/main.o
 .data          0x08019e48      0x100 obj/default/ppu.o
                0x08019e48                RGB
 .data          0x08019f48        0x0 obj/default/sdcard.o
 .data          0x08019f48        0x0 obj/default/vga.o
 .data          0x08019f48        0x0 c:/altera/nios2eds/bin/gnu/h-i686-mingw32/bin/../lib/gcc/nios2-elf/4.1.2/../../../../nios2-elf/lib\libc.a(lib_a-malloc.o)
 .data          0x08019f48      0x408 c:/altera/nios2eds/bin/gnu/h-i686-mingw32/bin/../lib/gcc/nios2-elf/4.1.2/../../../../nios2-elf/lib\libc.a(lib_a-mallocr.o)
                0x08019f48                __malloc_av_
 .data          0x0801a350        0x0 c:/altera/nios2eds/bin/gnu/h-i686-mingw32/bin/../lib/gcc/nios2-elf/4.1.2/../../../../nios2-elf/lib\libc.a(lib_a-printf.o)
 .data          0x0801a350        0x0 c:/altera/nios2eds/bin/gnu/h-i686-mingw32/bin/../lib/gcc/nios2-elf/4.1.2/../../../../nios2-elf/lib\libc.a(lib_a-putchar.o)
 .data          0x0801a350        0x0 c:/altera/nios2eds/bin/gnu/h-i686-mingw32/bin/../lib/gcc/nios2-elf/4.1.2/../../../../nios2-elf/lib\libc.a(lib_a-puts.o)
 .data          0x0801a350        0x0 c:/altera/nios2eds/bin/gnu/h-i686-mingw32/bin/../lib/gcc/nios2-elf/4.1.2/../../../../nios2-elf/lib\libc.a(lib_a-sbrkr.o)
 .data          0x0801a350        0x0 c:/altera/nios2eds/bin/gnu/h-i686-mingw32/bin/../lib/gcc/nios2-elf/4.1.2/../../../../nios2-elf/lib\libc.a(lib_a-strlen.o)
 .data          0x0801a350        0x0 c:/altera/nios2eds/bin/gnu/h-i686-mingw32/bin/../lib/gcc/nios2-elf/4.1.2/../../../../nios2-elf/lib\libc.a(lib_a-vfprintf.o)
 .data          0x0801a350        0x0 c:/altera/nios2eds/bin/gnu/h-i686-mingw32/bin/../lib/gcc/nios2-elf/4.1.2/../../../../nios2-elf/lib\libc.a(lib_a-wsetup.o)
 .data          0x0801a350        0x0 c:/altera/nios2eds/bin/gnu/h-i686-mingw32/bin/../lib/gcc/nios2-elf/4.1.2/../../../../nios2-elf/lib\libc.a(lib_a-dtoa.o)
 .data          0x0801a350        0x0 c:/altera/nios2eds/bin/gnu/h-i686-mingw32/bin/../lib/gcc/nios2-elf/4.1.2/../../../../nios2-elf/lib\libc.a(lib_a-fflush.o)
 .data          0x0801a350        0x0 c:/altera/nios2eds/bin/gnu/h-i686-mingw32/bin/../lib/gcc/nios2-elf/4.1.2/../../../../nios2-elf/lib\libc.a(lib_a-findfp.o)
 .data          0x0801a350        0x0 c:/altera/nios2eds/bin/gnu/h-i686-mingw32/bin/../lib/gcc/nios2-elf/4.1.2/../../../../nios2-elf/lib\libc.a(lib_a-freer.o)
 .data          0x0801a350        0x0 c:/altera/nios2eds/bin/gnu/h-i686-mingw32/bin/../lib/gcc/nios2-elf/4.1.2/../../../../nios2-elf/lib\libc.a(lib_a-fvwrite.o)
 .data          0x0801a350        0x0 c:/altera/nios2eds/bin/gnu/h-i686-mingw32/bin/../lib/gcc/nios2-elf/4.1.2/../../../../nios2-elf/lib\libc.a(lib_a-fwalk.o)
 .data          0x0801a350      0x400 c:/altera/nios2eds/bin/gnu/h-i686-mingw32/bin/../lib/gcc/nios2-elf/4.1.2/../../../../nios2-elf/lib\libc.a(lib_a-impure.o)
 .data          0x0801a750        0x0 c:/altera/nios2eds/bin/gnu/h-i686-mingw32/bin/../lib/gcc/nios2-elf/4.1.2/../../../../nios2-elf/lib\libc.a(lib_a-int_errno.o)
 .data          0x0801a750        0xc c:/altera/nios2eds/bin/gnu/h-i686-mingw32/bin/../lib/gcc/nios2-elf/4.1.2/../../../../nios2-elf/lib\libc.a(lib_a-locale.o)
                0x0801a750                __lc_ctype
 .data          0x0801a75c        0x0 c:/altera/nios2eds/bin/gnu/h-i686-mingw32/bin/../lib/gcc/nios2-elf/4.1.2/../../../../nios2-elf/lib\libc.a(lib_a-makebuf.o)
 .data          0x0801a75c        0x0 c:/altera/nios2eds/bin/gnu/h-i686-mingw32/bin/../lib/gcc/nios2-elf/4.1.2/../../../../nios2-elf/lib\libc.a(lib_a-memchr.o)
 .data          0x0801a75c        0x0 c:/altera/nios2eds/bin/gnu/h-i686-mingw32/bin/../lib/gcc/nios2-elf/4.1.2/../../../../nios2-elf/lib\libc.a(lib_a-memcpy.o)
 .data          0x0801a75c        0x0 c:/altera/nios2eds/bin/gnu/h-i686-mingw32/bin/../lib/gcc/nios2-elf/4.1.2/../../../../nios2-elf/lib\libc.a(lib_a-memmove.o)
 .data          0x0801a75c        0x0 c:/altera/nios2eds/bin/gnu/h-i686-mingw32/bin/../lib/gcc/nios2-elf/4.1.2/../../../../nios2-elf/lib\libc.a(lib_a-memset.o)
 .data          0x0801a75c        0x0 c:/altera/nios2eds/bin/gnu/h-i686-mingw32/bin/../lib/gcc/nios2-elf/4.1.2/../../../../nios2-elf/lib\libc.a(lib_a-mprec.o)
 .data          0x0801a75c        0x0 c:/altera/nios2eds/bin/gnu/h-i686-mingw32/bin/../lib/gcc/nios2-elf/4.1.2/../../../../nios2-elf/lib\libc.a(lib_a-putc.o)
 .data          0x0801a75c        0x0 c:/altera/nios2eds/bin/gnu/h-i686-mingw32/bin/../lib/gcc/nios2-elf/4.1.2/../../../../nios2-elf/lib\libc.a(lib_a-reallocr.o)
 .data          0x0801a75c        0x0 c:/altera/nios2eds/bin/gnu/h-i686-mingw32/bin/../lib/gcc/nios2-elf/4.1.2/../../../../nios2-elf/lib\libc.a(lib_a-s_isinfd.o)
 .data          0x0801a75c        0x0 c:/altera/nios2eds/bin/gnu/h-i686-mingw32/bin/../lib/gcc/nios2-elf/4.1.2/../../../../nios2-elf/lib\libc.a(lib_a-s_isnand.o)
 .data          0x0801a75c        0x0 c:/altera/nios2eds/bin/gnu/h-i686-mingw32/bin/../lib/gcc/nios2-elf/4.1.2/../../../../nios2-elf/lib\libc.a(lib_a-stdio.o)
 .data          0x0801a75c        0x0 c:/altera/nios2eds/bin/gnu/h-i686-mingw32/bin/../lib/gcc/nios2-elf/4.1.2/../../../../nios2-elf/lib\libc.a(lib_a-strcmp.o)
 .data          0x0801a75c        0x0 c:/altera/nios2eds/bin/gnu/h-i686-mingw32/bin/../lib/gcc/nios2-elf/4.1.2/../../../../nios2-elf/lib\libc.a(lib_a-wbuf.o)
 .data          0x0801a75c        0x0 c:/altera/nios2eds/bin/gnu/h-i686-mingw32/bin/../lib/gcc/nios2-elf/4.1.2/../../../../nios2-elf/lib\libc.a(lib_a-writer.o)
 .data          0x0801a75c        0x0 c:/altera/nios2eds/bin/gnu/h-i686-mingw32/bin/../lib/gcc/nios2-elf/4.1.2/../../../../nios2-elf/lib\libc.a(lib_a-callocr.o)
 .data          0x0801a75c        0x0 c:/altera/nios2eds/bin/gnu/h-i686-mingw32/bin/../lib/gcc/nios2-elf/4.1.2/../../../../nios2-elf/lib\libc.a(lib_a-closer.o)
 .data          0x0801a75c        0x0 c:/altera/nios2eds/bin/gnu/h-i686-mingw32/bin/../lib/gcc/nios2-elf/4.1.2/../../../../nios2-elf/lib\libc.a(lib_a-fclose.o)
 .data          0x0801a75c        0x0 c:/altera/nios2eds/bin/gnu/h-i686-mingw32/bin/../lib/gcc/nios2-elf/4.1.2/../../../../nios2-elf/lib\libc.a(lib_a-fstatr.o)
 .data          0x0801a75c        0x0 c:/altera/nios2eds/bin/gnu/h-i686-mingw32/bin/../lib/gcc/nios2-elf/4.1.2/../../../../nios2-elf/lib\libc.a(lib_a-isattyr.o)
 .data          0x0801a75c        0x0 c:/altera/nios2eds/bin/gnu/h-i686-mingw32/bin/../lib/gcc/nios2-elf/4.1.2/../../../../nios2-elf/lib\libc.a(lib_a-lseekr.o)
 .data          0x0801a75c        0x0 c:/altera/nios2eds/bin/gnu/h-i686-mingw32/bin/../lib/gcc/nios2-elf/4.1.2/../../../../nios2-elf/lib\libc.a(lib_a-readr.o)
 .data          0x0801a75c        0x0 c:/altera/nios2eds/bin/gnu/h-i686-mingw32/bin/../lib/gcc/nios2-elf/4.1.2\libgcc.a(_udivdi3.o)
 .data          0x0801a75c        0x0 c:/altera/nios2eds/bin/gnu/h-i686-mingw32/bin/../lib/gcc/nios2-elf/4.1.2\libgcc.a(_umoddi3.o)
 .data          0x0801a75c        0x0 c:/altera/nios2eds/bin/gnu/h-i686-mingw32/bin/../lib/gcc/nios2-elf/4.1.2\libgcc.a(_addsub_df.o)
 .data          0x0801a75c        0x0 c:/altera/nios2eds/bin/gnu/h-i686-mingw32/bin/../lib/gcc/nios2-elf/4.1.2\libgcc.a(_mul_df.o)
 .data          0x0801a75c        0x0 c:/altera/nios2eds/bin/gnu/h-i686-mingw32/bin/../lib/gcc/nios2-elf/4.1.2\libgcc.a(_div_df.o)
 .data          0x0801a75c        0x0 c:/altera/nios2eds/bin/gnu/h-i686-mingw32/bin/../lib/gcc/nios2-elf/4.1.2\libgcc.a(_eq_df.o)
 .data          0x0801a75c        0x0 c:/altera/nios2eds/bin/gnu/h-i686-mingw32/bin/../lib/gcc/nios2-elf/4.1.2\libgcc.a(_ne_df.o)
 .data          0x0801a75c        0x0 c:/altera/nios2eds/bin/gnu/h-i686-mingw32/bin/../lib/gcc/nios2-elf/4.1.2\libgcc.a(_gt_df.o)
 .data          0x0801a75c        0x0 c:/altera/nios2eds/bin/gnu/h-i686-mingw32/bin/../lib/gcc/nios2-elf/4.1.2\libgcc.a(_ge_df.o)
 .data          0x0801a75c        0x0 c:/altera/nios2eds/bin/gnu/h-i686-mingw32/bin/../lib/gcc/nios2-elf/4.1.2\libgcc.a(_lt_df.o)
 .data          0x0801a75c        0x0 c:/altera/nios2eds/bin/gnu/h-i686-mingw32/bin/../lib/gcc/nios2-elf/4.1.2\libgcc.a(_si_to_df.o)
 .data          0x0801a75c        0x0 c:/altera/nios2eds/bin/gnu/h-i686-mingw32/bin/../lib/gcc/nios2-elf/4.1.2\libgcc.a(_df_to_si.o)
 .data          0x0801a75c        0x0 c:/altera/nios2eds/bin/gnu/h-i686-mingw32/bin/../lib/gcc/nios2-elf/4.1.2\libgcc.a(_thenan_df.o)
 .data          0x0801a75c        0x0 c:/altera/nios2eds/bin/gnu/h-i686-mingw32/bin/../lib/gcc/nios2-elf/4.1.2\libgcc.a(_usi_to_df.o)
 .data          0x0801a75c        0x0 c:/altera/nios2eds/bin/gnu/h-i686-mingw32/bin/../lib/gcc/nios2-elf/4.1.2\libgcc.a(lib2-divmod.o)
 .data          0x0801a75c        0x0 c:/altera/nios2eds/bin/gnu/h-i686-mingw32/bin/../lib/gcc/nios2-elf/4.1.2\libgcc.a(_muldi3.o)
 .data          0x0801a75c        0x0 c:/altera/nios2eds/bin/gnu/h-i686-mingw32/bin/../lib/gcc/nios2-elf/4.1.2\libgcc.a(_clz.o)
 .data          0x0801a75c        0x0 c:/altera/nios2eds/bin/gnu/h-i686-mingw32/bin/../lib/gcc/nios2-elf/4.1.2\libgcc.a(_clzsi2.o)
 .data          0x0801a75c        0x0 c:/altera/nios2eds/bin/gnu/h-i686-mingw32/bin/../lib/gcc/nios2-elf/4.1.2\libgcc.a(_pack_df.o)
 .data          0x0801a75c        0x0 c:/altera/nios2eds/bin/gnu/h-i686-mingw32/bin/../lib/gcc/nios2-elf/4.1.2\libgcc.a(_unpack_df.o)
 .data          0x0801a75c        0x0 c:/altera/nios2eds/bin/gnu/h-i686-mingw32/bin/../lib/gcc/nios2-elf/4.1.2\libgcc.a(_fpcmp_parts_df.o)
 .data          0x0801a75c        0x0 ../NES_FPGA_bsp/\libhal_bsp.a(alt_close.o)
 .data          0x0801a75c      0x1a8 ../NES_FPGA_bsp/\libhal_bsp.a(alt_dev.o)
                0x0801a75c                alt_dev_null
                0x0801a784                alt_fd_list
 .data          0x0801a904        0x0 ../NES_FPGA_bsp/\libhal_bsp.a(alt_errno.o)
 .data          0x0801a904        0x0 ../NES_FPGA_bsp/\libhal_bsp.a(alt_fstat.o)
 .data          0x0801a904        0x0 ../NES_FPGA_bsp/\libhal_bsp.a(alt_isatty.o)
 .data          0x0801a904        0x0 ../NES_FPGA_bsp/\libhal_bsp.a(alt_load.o)
 .data          0x0801a904        0x0 ../NES_FPGA_bsp/\libhal_bsp.a(alt_lseek.o)
 .data          0x0801a904        0x0 ../NES_FPGA_bsp/\libhal_bsp.a(alt_main.o)
 .data          0x0801a904        0x0 ../NES_FPGA_bsp/\libhal_bsp.a(alt_malloc_lock.o)
 .data          0x0801a904        0x0 ../NES_FPGA_bsp/\libhal_bsp.a(alt_read.o)
 .data          0x0801a904        0x0 ../NES_FPGA_bsp/\libhal_bsp.a(alt_release_fd.o)
 .data          0x0801a904        0x0 ../NES_FPGA_bsp/\libhal_bsp.a(alt_sbrk.o)
 .data          0x0801a904        0x0 ../NES_FPGA_bsp/\libhal_bsp.a(alt_write.o)
 .data          0x0801a904     0x10e0 ../NES_FPGA_bsp/\libhal_bsp.a(alt_sys_init.o)
 .data          0x0801b9e4        0x0 ../NES_FPGA_bsp/\libhal_bsp.a(altera_avalon_jtag_uart_fd.o)
 .data          0x0801b9e4        0x0 ../NES_FPGA_bsp/\libhal_bsp.a(altera_avalon_jtag_uart_init.o)
 .data          0x0801b9e4        0x0 ../NES_FPGA_bsp/\libhal_bsp.a(altera_avalon_jtag_uart_ioctl.o)
 .data          0x0801b9e4        0x0 ../NES_FPGA_bsp/\libhal_bsp.a(altera_avalon_jtag_uart_read.o)
 .data          0x0801b9e4        0x0 ../NES_FPGA_bsp/\libhal_bsp.a(altera_avalon_jtag_uart_write.o)
 .data          0x0801b9e4        0x0 ../NES_FPGA_bsp/\libhal_bsp.a(altera_up_avalon_video_pixel_buffer_dma.o)
 .data          0x0801b9e4        0x0 ../NES_FPGA_bsp/\libhal_bsp.a(altera_up_sd_card_avalon_interface.o)
 .data          0x0801b9e4        0x0 ../NES_FPGA_bsp/\libhal_bsp.a(alt_alarm_start.o)
 .data          0x0801b9e4        0x0 ../NES_FPGA_bsp/\libhal_bsp.a(alt_dcache_flush_all.o)
 .data          0x0801b9e4        0x0 ../NES_FPGA_bsp/\libhal_bsp.a(alt_dev_llist_insert.o)
 .data          0x0801b9e4        0x0 ../NES_FPGA_bsp/\libhal_bsp.a(alt_do_ctors.o)
 .data          0x0801b9e4        0x0 ../NES_FPGA_bsp/\libhal_bsp.a(alt_do_dtors.o)
 .data          0x0801b9e4        0x0 ../NES_FPGA_bsp/\libhal_bsp.a(alt_find_dev.o)
 .data          0x0801b9e4        0x0 ../NES_FPGA_bsp/\libhal_bsp.a(alt_icache_flush_all.o)
 .data          0x0801b9e4        0x0 ../NES_FPGA_bsp/\libhal_bsp.a(alt_iic.o)
 .data          0x0801b9e4        0x0 ../NES_FPGA_bsp/\libhal_bsp.a(alt_iic_isr_register.o)
 .data          0x0801b9e4        0x0 ../NES_FPGA_bsp/\libhal_bsp.a(alt_io_redirect.o)
 .data          0x0801b9e4        0x0 ../NES_FPGA_bsp/\libhal_bsp.a(alt_irq_entry.o)
 .data          0x0801b9e4        0x0 ../NES_FPGA_bsp/\libhal_bsp.a(alt_irq_handler.o)
 .data          0x0801b9e4        0x0 ../NES_FPGA_bsp/\libhal_bsp.a(alt_irq_vars.o)
 .data          0x0801b9e4        0x0 ../NES_FPGA_bsp/\libhal_bsp.a(alt_open.o)
 .data          0x0801b9e4        0x0 ../NES_FPGA_bsp/\libhal_bsp.a(alt_tick.o)
 .data          0x0801b9e4        0x0 ../NES_FPGA_bsp/\libhal_bsp.a(altera_nios2_qsys_irq.o)
 .data          0x0801b9e4        0x0 ../NES_FPGA_bsp/\libhal_bsp.a(alt_exception_entry.o)
 .data          0x0801b9e4        0x0 ../NES_FPGA_bsp/\libhal_bsp.a(alt_find_file.o)
 .data          0x0801b9e4        0x0 ../NES_FPGA_bsp/\libhal_bsp.a(alt_get_fd.o)
 .data          0x0801b9e4        0x0 ../NES_FPGA_bsp/\libhal_bsp.a(alt_icache_flush.o)
 .data          0x0801b9e4        0x0 c:/altera/nios2eds/bin/gnu/h-i686-mingw32/bin/../lib/gcc/nios2-elf/4.1.2/../../../../nios2-elf/lib\libc.a(lib_a-atexit.o)
 .data          0x0801b9e4        0x0 c:/altera/nios2eds/bin/gnu/h-i686-mingw32/bin/../lib/gcc/nios2-elf/4.1.2/../../../../nios2-elf/lib\libc.a(lib_a-exit.o)
 .data          0x0801b9e4        0x0 c:/altera/nios2eds/bin/gnu/h-i686-mingw32/bin/../lib/gcc/nios2-elf/4.1.2/../../../../nios2-elf/lib\libc.a(lib_a-memcmp.o)
 .data          0x0801b9e4        0x0 c:/altera/nios2eds/bin/gnu/h-i686-mingw32/bin/../lib/gcc/nios2-elf/4.1.2/../../../../nios2-elf/lib\libc.a(lib_a-__atexit.o)
 .data          0x0801b9e4        0x0 c:/altera/nios2eds/bin/gnu/h-i686-mingw32/bin/../lib/gcc/nios2-elf/4.1.2/../../../../nios2-elf/lib\libc.a(lib_a-__call_atexit.o)
 .data          0x0801b9e4        0x0 ../NES_FPGA_bsp/\libhal_bsp.a(alt_exit.o)
                0x080239e4                _gp = ABSOLUTE ((. + 0x8000))
                0x080239e4                PROVIDE (gp, _gp)
 *(.rwdata .rwdata.*)
 *(.sdata .sdata.* .gnu.linkonce.s.*)
 .sdata         0x0801b9e4        0x8 c:/altera/nios2eds/bin/gnu/h-i686-mingw32/bin/../lib/gcc/nios2-elf/4.1.2/../../../../nios2-elf/lib\libc.a(lib_a-mallocr.o)
                0x0801b9e4                __malloc_trim_threshold
                0x0801b9e8                __malloc_sbrk_base
 .sdata         0x0801b9ec        0x8 c:/altera/nios2eds/bin/gnu/h-i686-mingw32/bin/../lib/gcc/nios2-elf/4.1.2/../../../../nios2-elf/lib\libc.a(lib_a-impure.o)
                0x0801b9ec                _impure_ptr
                0x0801b9f0                _global_impure_ptr
 .sdata         0x0801b9f4        0x8 c:/altera/nios2eds/bin/gnu/h-i686-mingw32/bin/../lib/gcc/nios2-elf/4.1.2/../../../../nios2-elf/lib\libc.a(lib_a-locale.o)
                0x0801b9f4                __mb_cur_max
 .sdata         0x0801b9fc       0x14 ../NES_FPGA_bsp/\libhal_bsp.a(alt_dev.o)
                0x0801b9fc                alt_fs_list
                0x0801ba04                alt_dev_list
                0x0801ba0c                alt_max_fd
 .sdata         0x0801ba10        0x4 ../NES_FPGA_bsp/\libhal_bsp.a(alt_errno.o)
                0x0801ba10                alt_errno
 .sdata         0x0801ba14        0x4 ../NES_FPGA_bsp/\libhal_bsp.a(alt_sbrk.o)
 .sdata         0x0801ba18        0x4 ../NES_FPGA_bsp/\libhal_bsp.a(alt_irq_vars.o)
                0x0801ba18                alt_priority_mask
 .sdata         0x0801ba1c        0x8 ../NES_FPGA_bsp/\libhal_bsp.a(alt_tick.o)
                0x0801ba1c                alt_alarm_list
 *(.sdata2 .sdata2.* .gnu.linkonce.s2.*)
                0x0801ba24                . = ALIGN (0x4)
                0x0801ba24                _edata = ABSOLUTE (.)
                0x0801ba24                PROVIDE (edata, ABSOLUTE (.))
                0x0801ba24                PROVIDE (__ram_rwdata_end, ABSOLUTE (.))
                0x0801ba24                PROVIDE (__flash_rwdata_start, LOADADDR (.rwdata))

.bss            0x0801d600      0x8b0
                0x0801d600                __bss_start = ABSOLUTE (.)
                0x0801d600                PROVIDE (__sbss_start, ABSOLUTE (.))
                0x0801d600                PROVIDE (___sbss_start, ABSOLUTE (.))
 *(.dynsbss)
 *(.sbss .sbss.* .gnu.linkonce.sb.*)
 .sbss          0x0801d600       0x26 obj/default/cpu.o
                0x0801d600                CPU
                0x0801d604                sd_card_dev
                0x0801d608                trainer
                0x0801d609                cpu_sram_batt
                0x0801d60a                prg_size
                0x0801d60c                file_name
                0x0801d610                mirroring
                0x0801d611                tv_system
                0x0801d614                data
                0x0801d618                PPU
                0x0801d61c                mapper
                0x0801d61d                chr_size
                0x0801d620                pix_buffer
                0x0801d624                prg_ram_size
                0x0801d625                cpu_sram
 .sbss          0x0801d626        0x2 obj/default/ppu.o
 .sbss          0x0801d628        0xc c:/altera/nios2eds/bin/gnu/h-i686-mingw32/bin/../lib/gcc/nios2-elf/4.1.2/../../../../nios2-elf/lib\libc.a(lib_a-mallocr.o)
                0x0801d628                __malloc_top_pad
                0x0801d62c                __malloc_max_sbrked_mem
                0x0801d630                __malloc_max_total_mem
 .sbss          0x0801d634        0x4 c:/altera/nios2eds/bin/gnu/h-i686-mingw32/bin/../lib/gcc/nios2-elf/4.1.2/../../../../nios2-elf/lib\libc.a(lib_a-int_errno.o)
                0x0801d634                errno
 .sbss          0x0801d638        0xc c:/altera/nios2eds/bin/gnu/h-i686-mingw32/bin/../lib/gcc/nios2-elf/4.1.2/../../../../nios2-elf/lib\libc.a(lib_a-locale.o)
                0x0801d638                __nlocale_changed
                0x0801d63c                __mlocale_changed
                0x0801d640                _PathLocale
 .sbss          0x0801d644        0xc ../NES_FPGA_bsp/\libhal_bsp.a(alt_main.o)
                0x0801d644                alt_argc
                0x0801d648                alt_argv
                0x0801d64c                alt_envp
 .sbss          0x0801d650       0x34 ../NES_FPGA_bsp/\libhal_bsp.a(altera_up_sd_card_avalon_interface.o)
                0x0801d650                initialized
                0x0801d654                is_sd_card_formated_as_FAT16
                0x0801d658                aux_status_register
                0x0801d65c                status_register
                0x0801d660                CSD_register_w0
                0x0801d664                command_register
                0x0801d668                command_argument_register
                0x0801d66c                buffer_memory
                0x0801d670                fat_partition_offset_in_512_byte_sectors
                0x0801d674                fat_partition_size_in_512_byte_sectors
                0x0801d678                device_pointer
                0x0801d67c                current_sector_modified
                0x0801d680                current_sector_index
 .sbss          0x0801d684        0x4 ../NES_FPGA_bsp/\libhal_bsp.a(alt_irq_vars.o)
                0x0801d684                alt_irq_active
 .sbss          0x0801d688        0x8 ../NES_FPGA_bsp/\libhal_bsp.a(alt_tick.o)
                0x0801d688                _alt_tick_rate
                0x0801d68c                _alt_nticks
 *(.sbss2 .sbss2.* .gnu.linkonce.sb2.*)
 *(.scommon)
                0x0801d690                PROVIDE (__sbss_end, ABSOLUTE (.))
                0x0801d690                PROVIDE (___sbss_end, ABSOLUTE (.))
 *(.dynbss)
 *(.bss .bss.* .gnu.linkonce.b.*)
 .bss           0x0801d690        0x0 ../NES_FPGA_bsp//obj/HAL/src/crt0.o
 .bss           0x0801d690        0x0 obj/default/cpu.o
 .bss           0x0801d690        0x0 obj/default/main.o
 .bss           0x0801d690        0x0 obj/default/ppu.o
 .bss           0x0801d690        0x0 obj/default/sdcard.o
 .bss           0x0801d690        0x0 obj/default/vga.o
 .bss           0x0801d690        0x0 c:/altera/nios2eds/bin/gnu/h-i686-mingw32/bin/../lib/gcc/nios2-elf/4.1.2/../../../../nios2-elf/lib\libc.a(lib_a-malloc.o)
 .bss           0x0801d690       0x28 c:/altera/nios2eds/bin/gnu/h-i686-mingw32/bin/../lib/gcc/nios2-elf/4.1.2/../../../../nios2-elf/lib\libc.a(lib_a-mallocr.o)
                0x0801d690                __malloc_current_mallinfo
 .bss           0x0801d6b8        0x0 c:/altera/nios2eds/bin/gnu/h-i686-mingw32/bin/../lib/gcc/nios2-elf/4.1.2/../../../../nios2-elf/lib\libc.a(lib_a-printf.o)
 .bss           0x0801d6b8        0x0 c:/altera/nios2eds/bin/gnu/h-i686-mingw32/bin/../lib/gcc/nios2-elf/4.1.2/../../../../nios2-elf/lib\libc.a(lib_a-putchar.o)
 .bss           0x0801d6b8        0x0 c:/altera/nios2eds/bin/gnu/h-i686-mingw32/bin/../lib/gcc/nios2-elf/4.1.2/../../../../nios2-elf/lib\libc.a(lib_a-puts.o)
 .bss           0x0801d6b8        0x0 c:/altera/nios2eds/bin/gnu/h-i686-mingw32/bin/../lib/gcc/nios2-elf/4.1.2/../../../../nios2-elf/lib\libc.a(lib_a-sbrkr.o)
 .bss           0x0801d6b8        0x0 c:/altera/nios2eds/bin/gnu/h-i686-mingw32/bin/../lib/gcc/nios2-elf/4.1.2/../../../../nios2-elf/lib\libc.a(lib_a-strlen.o)
 .bss           0x0801d6b8        0x0 c:/altera/nios2eds/bin/gnu/h-i686-mingw32/bin/../lib/gcc/nios2-elf/4.1.2/../../../../nios2-elf/lib\libc.a(lib_a-vfprintf.o)
 .bss           0x0801d6b8        0x0 c:/altera/nios2eds/bin/gnu/h-i686-mingw32/bin/../lib/gcc/nios2-elf/4.1.2/../../../../nios2-elf/lib\libc.a(lib_a-wsetup.o)
 .bss           0x0801d6b8        0x0 c:/altera/nios2eds/bin/gnu/h-i686-mingw32/bin/../lib/gcc/nios2-elf/4.1.2/../../../../nios2-elf/lib\libc.a(lib_a-dtoa.o)
 .bss           0x0801d6b8        0x0 c:/altera/nios2eds/bin/gnu/h-i686-mingw32/bin/../lib/gcc/nios2-elf/4.1.2/../../../../nios2-elf/lib\libc.a(lib_a-fflush.o)
 .bss           0x0801d6b8        0x0 c:/altera/nios2eds/bin/gnu/h-i686-mingw32/bin/../lib/gcc/nios2-elf/4.1.2/../../../../nios2-elf/lib\libc.a(lib_a-findfp.o)
 .bss           0x0801d6b8        0x0 c:/altera/nios2eds/bin/gnu/h-i686-mingw32/bin/../lib/gcc/nios2-elf/4.1.2/../../../../nios2-elf/lib\libc.a(lib_a-freer.o)
 .bss           0x0801d6b8        0x0 c:/altera/nios2eds/bin/gnu/h-i686-mingw32/bin/../lib/gcc/nios2-elf/4.1.2/../../../../nios2-elf/lib\libc.a(lib_a-fvwrite.o)
 .bss           0x0801d6b8        0x0 c:/altera/nios2eds/bin/gnu/h-i686-mingw32/bin/../lib/gcc/nios2-elf/4.1.2/../../../../nios2-elf/lib\libc.a(lib_a-fwalk.o)
 .bss           0x0801d6b8        0x0 c:/altera/nios2eds/bin/gnu/h-i686-mingw32/bin/../lib/gcc/nios2-elf/4.1.2/../../../../nios2-elf/lib\libc.a(lib_a-impure.o)
 .bss           0x0801d6b8        0x0 c:/altera/nios2eds/bin/gnu/h-i686-mingw32/bin/../lib/gcc/nios2-elf/4.1.2/../../../../nios2-elf/lib\libc.a(lib_a-int_errno.o)
 .bss           0x0801d6b8        0x0 c:/altera/nios2eds/bin/gnu/h-i686-mingw32/bin/../lib/gcc/nios2-elf/4.1.2/../../../../nios2-elf/lib\libc.a(lib_a-locale.o)
 .bss           0x0801d6b8        0x0 c:/altera/nios2eds/bin/gnu/h-i686-mingw32/bin/../lib/gcc/nios2-elf/4.1.2/../../../../nios2-elf/lib\libc.a(lib_a-makebuf.o)
 .bss           0x0801d6b8        0x0 c:/altera/nios2eds/bin/gnu/h-i686-mingw32/bin/../lib/gcc/nios2-elf/4.1.2/../../../../nios2-elf/lib\libc.a(lib_a-memchr.o)
 .bss           0x0801d6b8        0x0 c:/altera/nios2eds/bin/gnu/h-i686-mingw32/bin/../lib/gcc/nios2-elf/4.1.2/../../../../nios2-elf/lib\libc.a(lib_a-memcpy.o)
 .bss           0x0801d6b8        0x0 c:/altera/nios2eds/bin/gnu/h-i686-mingw32/bin/../lib/gcc/nios2-elf/4.1.2/../../../../nios2-elf/lib\libc.a(lib_a-memmove.o)
 .bss           0x0801d6b8        0x0 c:/altera/nios2eds/bin/gnu/h-i686-mingw32/bin/../lib/gcc/nios2-elf/4.1.2/../../../../nios2-elf/lib\libc.a(lib_a-memset.o)
 .bss           0x0801d6b8        0x0 c:/altera/nios2eds/bin/gnu/h-i686-mingw32/bin/../lib/gcc/nios2-elf/4.1.2/../../../../nios2-elf/lib\libc.a(lib_a-mprec.o)
 .bss           0x0801d6b8        0x0 c:/altera/nios2eds/bin/gnu/h-i686-mingw32/bin/../lib/gcc/nios2-elf/4.1.2/../../../../nios2-elf/lib\libc.a(lib_a-putc.o)
 .bss           0x0801d6b8        0x0 c:/altera/nios2eds/bin/gnu/h-i686-mingw32/bin/../lib/gcc/nios2-elf/4.1.2/../../../../nios2-elf/lib\libc.a(lib_a-reallocr.o)
 .bss           0x0801d6b8        0x0 c:/altera/nios2eds/bin/gnu/h-i686-mingw32/bin/../lib/gcc/nios2-elf/4.1.2/../../../../nios2-elf/lib\libc.a(lib_a-s_isinfd.o)
 .bss           0x0801d6b8        0x0 c:/altera/nios2eds/bin/gnu/h-i686-mingw32/bin/../lib/gcc/nios2-elf/4.1.2/../../../../nios2-elf/lib\libc.a(lib_a-s_isnand.o)
 .bss           0x0801d6b8        0x0 c:/altera/nios2eds/bin/gnu/h-i686-mingw32/bin/../lib/gcc/nios2-elf/4.1.2/../../../../nios2-elf/lib\libc.a(lib_a-stdio.o)
 .bss           0x0801d6b8        0x0 c:/altera/nios2eds/bin/gnu/h-i686-mingw32/bin/../lib/gcc/nios2-elf/4.1.2/../../../../nios2-elf/lib\libc.a(lib_a-strcmp.o)
 .bss           0x0801d6b8        0x0 c:/altera/nios2eds/bin/gnu/h-i686-mingw32/bin/../lib/gcc/nios2-elf/4.1.2/../../../../nios2-elf/lib\libc.a(lib_a-wbuf.o)
 .bss           0x0801d6b8        0x0 c:/altera/nios2eds/bin/gnu/h-i686-mingw32/bin/../lib/gcc/nios2-elf/4.1.2/../../../../nios2-elf/lib\libc.a(lib_a-writer.o)
 .bss           0x0801d6b8        0x0 c:/altera/nios2eds/bin/gnu/h-i686-mingw32/bin/../lib/gcc/nios2-elf/4.1.2/../../../../nios2-elf/lib\libc.a(lib_a-callocr.o)
 .bss           0x0801d6b8        0x0 c:/altera/nios2eds/bin/gnu/h-i686-mingw32/bin/../lib/gcc/nios2-elf/4.1.2/../../../../nios2-elf/lib\libc.a(lib_a-closer.o)
 .bss           0x0801d6b8        0x0 c:/altera/nios2eds/bin/gnu/h-i686-mingw32/bin/../lib/gcc/nios2-elf/4.1.2/../../../../nios2-elf/lib\libc.a(lib_a-fclose.o)
 .bss           0x0801d6b8        0x0 c:/altera/nios2eds/bin/gnu/h-i686-mingw32/bin/../lib/gcc/nios2-elf/4.1.2/../../../../nios2-elf/lib\libc.a(lib_a-fstatr.o)
 .bss           0x0801d6b8        0x0 c:/altera/nios2eds/bin/gnu/h-i686-mingw32/bin/../lib/gcc/nios2-elf/4.1.2/../../../../nios2-elf/lib\libc.a(lib_a-isattyr.o)
 .bss           0x0801d6b8        0x0 c:/altera/nios2eds/bin/gnu/h-i686-mingw32/bin/../lib/gcc/nios2-elf/4.1.2/../../../../nios2-elf/lib\libc.a(lib_a-lseekr.o)
 .bss           0x0801d6b8        0x0 c:/altera/nios2eds/bin/gnu/h-i686-mingw32/bin/../lib/gcc/nios2-elf/4.1.2/../../../../nios2-elf/lib\libc.a(lib_a-readr.o)
 .bss           0x0801d6b8        0x0 c:/altera/nios2eds/bin/gnu/h-i686-mingw32/bin/../lib/gcc/nios2-elf/4.1.2\libgcc.a(_udivdi3.o)
 .bss           0x0801d6b8        0x0 c:/altera/nios2eds/bin/gnu/h-i686-mingw32/bin/../lib/gcc/nios2-elf/4.1.2\libgcc.a(_umoddi3.o)
 .bss           0x0801d6b8        0x0 c:/altera/nios2eds/bin/gnu/h-i686-mingw32/bin/../lib/gcc/nios2-elf/4.1.2\libgcc.a(_addsub_df.o)
 .bss           0x0801d6b8        0x0 c:/altera/nios2eds/bin/gnu/h-i686-mingw32/bin/../lib/gcc/nios2-elf/4.1.2\libgcc.a(_mul_df.o)
 .bss           0x0801d6b8        0x0 c:/altera/nios2eds/bin/gnu/h-i686-mingw32/bin/../lib/gcc/nios2-elf/4.1.2\libgcc.a(_div_df.o)
 .bss           0x0801d6b8        0x0 c:/altera/nios2eds/bin/gnu/h-i686-mingw32/bin/../lib/gcc/nios2-elf/4.1.2\libgcc.a(_eq_df.o)
 .bss           0x0801d6b8        0x0 c:/altera/nios2eds/bin/gnu/h-i686-mingw32/bin/../lib/gcc/nios2-elf/4.1.2\libgcc.a(_ne_df.o)
 .bss           0x0801d6b8        0x0 c:/altera/nios2eds/bin/gnu/h-i686-mingw32/bin/../lib/gcc/nios2-elf/4.1.2\libgcc.a(_gt_df.o)
 .bss           0x0801d6b8        0x0 c:/altera/nios2eds/bin/gnu/h-i686-mingw32/bin/../lib/gcc/nios2-elf/4.1.2\libgcc.a(_ge_df.o)
 .bss           0x0801d6b8        0x0 c:/altera/nios2eds/bin/gnu/h-i686-mingw32/bin/../lib/gcc/nios2-elf/4.1.2\libgcc.a(_lt_df.o)
 .bss           0x0801d6b8        0x0 c:/altera/nios2eds/bin/gnu/h-i686-mingw32/bin/../lib/gcc/nios2-elf/4.1.2\libgcc.a(_si_to_df.o)
 .bss           0x0801d6b8        0x0 c:/altera/nios2eds/bin/gnu/h-i686-mingw32/bin/../lib/gcc/nios2-elf/4.1.2\libgcc.a(_df_to_si.o)
 .bss           0x0801d6b8        0x0 c:/altera/nios2eds/bin/gnu/h-i686-mingw32/bin/../lib/gcc/nios2-elf/4.1.2\libgcc.a(_thenan_df.o)
 .bss           0x0801d6b8        0x0 c:/altera/nios2eds/bin/gnu/h-i686-mingw32/bin/../lib/gcc/nios2-elf/4.1.2\libgcc.a(_usi_to_df.o)
 .bss           0x0801d6b8        0x0 c:/altera/nios2eds/bin/gnu/h-i686-mingw32/bin/../lib/gcc/nios2-elf/4.1.2\libgcc.a(lib2-divmod.o)
 .bss           0x0801d6b8        0x0 c:/altera/nios2eds/bin/gnu/h-i686-mingw32/bin/../lib/gcc/nios2-elf/4.1.2\libgcc.a(_muldi3.o)
 .bss           0x0801d6b8        0x0 c:/altera/nios2eds/bin/gnu/h-i686-mingw32/bin/../lib/gcc/nios2-elf/4.1.2\libgcc.a(_clz.o)
 .bss           0x0801d6b8        0x0 c:/altera/nios2eds/bin/gnu/h-i686-mingw32/bin/../lib/gcc/nios2-elf/4.1.2\libgcc.a(_clzsi2.o)
 .bss           0x0801d6b8        0x0 c:/altera/nios2eds/bin/gnu/h-i686-mingw32/bin/../lib/gcc/nios2-elf/4.1.2\libgcc.a(_pack_df.o)
 .bss           0x0801d6b8        0x0 c:/altera/nios2eds/bin/gnu/h-i686-mingw32/bin/../lib/gcc/nios2-elf/4.1.2\libgcc.a(_unpack_df.o)
 .bss           0x0801d6b8        0x0 c:/altera/nios2eds/bin/gnu/h-i686-mingw32/bin/../lib/gcc/nios2-elf/4.1.2\libgcc.a(_fpcmp_parts_df.o)
 .bss           0x0801d6b8        0x0 ../NES_FPGA_bsp/\libhal_bsp.a(alt_close.o)
 .bss           0x0801d6b8        0x0 ../NES_FPGA_bsp/\libhal_bsp.a(alt_dev.o)
 .bss           0x0801d6b8        0x0 ../NES_FPGA_bsp/\libhal_bsp.a(alt_errno.o)
 .bss           0x0801d6b8        0x0 ../NES_FPGA_bsp/\libhal_bsp.a(alt_fstat.o)
 .bss           0x0801d6b8        0x0 ../NES_FPGA_bsp/\libhal_bsp.a(alt_isatty.o)
 .bss           0x0801d6b8        0x0 ../NES_FPGA_bsp/\libhal_bsp.a(alt_load.o)
 .bss           0x0801d6b8        0x0 ../NES_FPGA_bsp/\libhal_bsp.a(alt_lseek.o)
 .bss           0x0801d6b8        0x0 ../NES_FPGA_bsp/\libhal_bsp.a(alt_main.o)
 .bss           0x0801d6b8        0x0 ../NES_FPGA_bsp/\libhal_bsp.a(alt_malloc_lock.o)
 .bss           0x0801d6b8        0x0 ../NES_FPGA_bsp/\libhal_bsp.a(alt_read.o)
 .bss           0x0801d6b8        0x0 ../NES_FPGA_bsp/\libhal_bsp.a(alt_release_fd.o)
 .bss           0x0801d6b8        0x0 ../NES_FPGA_bsp/\libhal_bsp.a(alt_sbrk.o)
 .bss           0x0801d6b8        0x0 ../NES_FPGA_bsp/\libhal_bsp.a(alt_write.o)
 .bss           0x0801d6b8        0x0 ../NES_FPGA_bsp/\libhal_bsp.a(alt_sys_init.o)
 .bss           0x0801d6b8        0x0 ../NES_FPGA_bsp/\libhal_bsp.a(altera_avalon_jtag_uart_fd.o)
 .bss           0x0801d6b8        0x0 ../NES_FPGA_bsp/\libhal_bsp.a(altera_avalon_jtag_uart_init.o)
 .bss           0x0801d6b8        0x0 ../NES_FPGA_bsp/\libhal_bsp.a(altera_avalon_jtag_uart_ioctl.o)
 .bss           0x0801d6b8        0x0 ../NES_FPGA_bsp/\libhal_bsp.a(altera_avalon_jtag_uart_read.o)
 .bss           0x0801d6b8        0x0 ../NES_FPGA_bsp/\libhal_bsp.a(altera_avalon_jtag_uart_write.o)
 .bss           0x0801d6b8        0x0 ../NES_FPGA_bsp/\libhal_bsp.a(altera_up_avalon_video_pixel_buffer_dma.o)
 .bss           0x0801d6b8        0x0 ../NES_FPGA_bsp/\libhal_bsp.a(altera_up_sd_card_avalon_interface.o)
 .bss           0x0801d6b8        0x0 ../NES_FPGA_bsp/\libhal_bsp.a(alt_alarm_start.o)
 .bss           0x0801d6b8        0x0 ../NES_FPGA_bsp/\libhal_bsp.a(alt_dcache_flush_all.o)
 .bss           0x0801d6b8        0x0 ../NES_FPGA_bsp/\libhal_bsp.a(alt_dev_llist_insert.o)
 .bss           0x0801d6b8        0x0 ../NES_FPGA_bsp/\libhal_bsp.a(alt_do_ctors.o)
 .bss           0x0801d6b8        0x0 ../NES_FPGA_bsp/\libhal_bsp.a(alt_do_dtors.o)
 .bss           0x0801d6b8        0x0 ../NES_FPGA_bsp/\libhal_bsp.a(alt_find_dev.o)
 .bss           0x0801d6b8        0x0 ../NES_FPGA_bsp/\libhal_bsp.a(alt_icache_flush_all.o)
 .bss           0x0801d6b8        0x0 ../NES_FPGA_bsp/\libhal_bsp.a(alt_iic.o)
 .bss           0x0801d6b8        0x0 ../NES_FPGA_bsp/\libhal_bsp.a(alt_iic_isr_register.o)
 .bss           0x0801d6b8        0x0 ../NES_FPGA_bsp/\libhal_bsp.a(alt_io_redirect.o)
 .bss           0x0801d6b8        0x0 ../NES_FPGA_bsp/\libhal_bsp.a(alt_irq_entry.o)
 .bss           0x0801d6b8        0x0 ../NES_FPGA_bsp/\libhal_bsp.a(alt_irq_handler.o)
 .bss           0x0801d6b8        0x0 ../NES_FPGA_bsp/\libhal_bsp.a(alt_irq_vars.o)
 .bss           0x0801d6b8        0x0 ../NES_FPGA_bsp/\libhal_bsp.a(alt_open.o)
 .bss           0x0801d6b8        0x0 ../NES_FPGA_bsp/\libhal_bsp.a(alt_tick.o)
 .bss           0x0801d6b8        0x0 ../NES_FPGA_bsp/\libhal_bsp.a(altera_nios2_qsys_irq.o)
 .bss           0x0801d6b8        0x0 ../NES_FPGA_bsp/\libhal_bsp.a(alt_exception_entry.o)
 .bss           0x0801d6b8        0x0 ../NES_FPGA_bsp/\libhal_bsp.a(alt_find_file.o)
 .bss           0x0801d6b8        0x0 ../NES_FPGA_bsp/\libhal_bsp.a(alt_get_fd.o)
 .bss           0x0801d6b8        0x0 ../NES_FPGA_bsp/\libhal_bsp.a(alt_icache_flush.o)
 .bss           0x0801d6b8        0x0 c:/altera/nios2eds/bin/gnu/h-i686-mingw32/bin/../lib/gcc/nios2-elf/4.1.2/../../../../nios2-elf/lib\libc.a(lib_a-atexit.o)
 .bss           0x0801d6b8        0x0 c:/altera/nios2eds/bin/gnu/h-i686-mingw32/bin/../lib/gcc/nios2-elf/4.1.2/../../../../nios2-elf/lib\libc.a(lib_a-exit.o)
 .bss           0x0801d6b8        0x0 c:/altera/nios2eds/bin/gnu/h-i686-mingw32/bin/../lib/gcc/nios2-elf/4.1.2/../../../../nios2-elf/lib\libc.a(lib_a-memcmp.o)
 .bss           0x0801d6b8        0x0 c:/altera/nios2eds/bin/gnu/h-i686-mingw32/bin/../lib/gcc/nios2-elf/4.1.2/../../../../nios2-elf/lib\libc.a(lib_a-__atexit.o)
 .bss           0x0801d6b8        0x0 c:/altera/nios2eds/bin/gnu/h-i686-mingw32/bin/../lib/gcc/nios2-elf/4.1.2/../../../../nios2-elf/lib\libc.a(lib_a-__call_atexit.o)
 .bss           0x0801d6b8        0x0 ../NES_FPGA_bsp/\libhal_bsp.a(alt_exit.o)
 *(COMMON)
 COMMON         0x0801d6b8      0x568 ../NES_FPGA_bsp/\libhal_bsp.a(altera_up_sd_card_avalon_interface.o)
                0x0801d6b8                search_data
                0x0801d6cc                boot_sector_data
                0x0801d720                active_files
 COMMON         0x0801dc20      0x100 ../NES_FPGA_bsp/\libhal_bsp.a(alt_irq_handler.o)
                0x0801dc20                alt_irq
 COMMON         0x0801dd20      0x190 c:/altera/nios2eds/bin/gnu/h-i686-mingw32/bin/../lib/gcc/nios2-elf/4.1.2/../../../../nios2-elf/lib\libc.a(lib_a-atexit.o)
                0x0801dd20                _atexit0
                0x0801deb0                . = ALIGN (0x4)
                0x0801deb0                __bss_end = ABSOLUTE (.)

.sdram_0        0x0801deb0        0x0
                0x0801deb0                PROVIDE (_alt_partition_sdram_0_start, ABSOLUTE (.))
 *(.sdram_0. sdram_0.*)
                0x0801deb0                . = ALIGN (0x4)
                0x0801deb0                PROVIDE (_alt_partition_sdram_0_end, ABSOLUTE (.))
                0x0801deb0                _end = ABSOLUTE (.)
                0x0801deb0                end = ABSOLUTE (.)
                0x0801deb0                __alt_stack_base = ABSOLUTE (.)
                0x0801deb0                PROVIDE (_alt_partition_sdram_0_load_addr, LOADADDR (.sdram_0))

.stab
 *(.stab)

.stabstr
 *(.stabstr)

.stab.excl
 *(.stab.excl)

.stab.exclstr
 *(.stab.exclstr)

.stab.index
 *(.stab.index)

.stab.indexstr
 *(.stab.indexstr)

.comment        0x00000000       0x23
 *(.comment)
 .comment       0x00000000       0x23 obj/default/cpu.o
                                 0x24 (size before relaxing)
 .comment       0x00000000       0x24 obj/default/main.o
 .comment       0x00000000       0x24 obj/default/ppu.o
 .comment       0x00000000       0x24 obj/default/sdcard.o
 .comment       0x00000000       0x24 obj/default/vga.o
 .comment       0x00000000       0x24 c:/altera/nios2eds/bin/gnu/h-i686-mingw32/bin/../lib/gcc/nios2-elf/4.1.2/../../../../nios2-elf/lib\libc.a(lib_a-malloc.o)
 .comment       0x00000000       0x24 c:/altera/nios2eds/bin/gnu/h-i686-mingw32/bin/../lib/gcc/nios2-elf/4.1.2/../../../../nios2-elf/lib\libc.a(lib_a-mallocr.o)
 .comment       0x00000000       0x24 c:/altera/nios2eds/bin/gnu/h-i686-mingw32/bin/../lib/gcc/nios2-elf/4.1.2/../../../../nios2-elf/lib\libc.a(lib_a-printf.o)
 .comment       0x00000000       0x24 c:/altera/nios2eds/bin/gnu/h-i686-mingw32/bin/../lib/gcc/nios2-elf/4.1.2/../../../../nios2-elf/lib\libc.a(lib_a-putchar.o)
 .comment       0x00000000       0x24 c:/altera/nios2eds/bin/gnu/h-i686-mingw32/bin/../lib/gcc/nios2-elf/4.1.2/../../../../nios2-elf/lib\libc.a(lib_a-puts.o)
 .comment       0x00000000       0x24 c:/altera/nios2eds/bin/gnu/h-i686-mingw32/bin/../lib/gcc/nios2-elf/4.1.2/../../../../nios2-elf/lib\libc.a(lib_a-sbrkr.o)
 .comment       0x00000000       0x24 c:/altera/nios2eds/bin/gnu/h-i686-mingw32/bin/../lib/gcc/nios2-elf/4.1.2/../../../../nios2-elf/lib\libc.a(lib_a-strlen.o)
 .comment       0x00000000       0x24 c:/altera/nios2eds/bin/gnu/h-i686-mingw32/bin/../lib/gcc/nios2-elf/4.1.2/../../../../nios2-elf/lib\libc.a(lib_a-vfprintf.o)
 .comment       0x00000000       0x24 c:/altera/nios2eds/bin/gnu/h-i686-mingw32/bin/../lib/gcc/nios2-elf/4.1.2/../../../../nios2-elf/lib\libc.a(lib_a-wsetup.o)
 .comment       0x00000000       0x24 c:/altera/nios2eds/bin/gnu/h-i686-mingw32/bin/../lib/gcc/nios2-elf/4.1.2/../../../../nios2-elf/lib\libc.a(lib_a-dtoa.o)
 .comment       0x00000000       0x24 c:/altera/nios2eds/bin/gnu/h-i686-mingw32/bin/../lib/gcc/nios2-elf/4.1.2/../../../../nios2-elf/lib\libc.a(lib_a-fflush.o)
 .comment       0x00000000       0x24 c:/altera/nios2eds/bin/gnu/h-i686-mingw32/bin/../lib/gcc/nios2-elf/4.1.2/../../../../nios2-elf/lib\libc.a(lib_a-findfp.o)
 .comment       0x00000000       0x24 c:/altera/nios2eds/bin/gnu/h-i686-mingw32/bin/../lib/gcc/nios2-elf/4.1.2/../../../../nios2-elf/lib\libc.a(lib_a-freer.o)
 .comment       0x00000000       0x24 c:/altera/nios2eds/bin/gnu/h-i686-mingw32/bin/../lib/gcc/nios2-elf/4.1.2/../../../../nios2-elf/lib\libc.a(lib_a-fvwrite.o)
 .comment       0x00000000       0x24 c:/altera/nios2eds/bin/gnu/h-i686-mingw32/bin/../lib/gcc/nios2-elf/4.1.2/../../../../nios2-elf/lib\libc.a(lib_a-fwalk.o)
 .comment       0x00000000       0x24 c:/altera/nios2eds/bin/gnu/h-i686-mingw32/bin/../lib/gcc/nios2-elf/4.1.2/../../../../nios2-elf/lib\libc.a(lib_a-impure.o)
 .comment       0x00000000       0x24 c:/altera/nios2eds/bin/gnu/h-i686-mingw32/bin/../lib/gcc/nios2-elf/4.1.2/../../../../nios2-elf/lib\libc.a(lib_a-int_errno.o)
 .comment       0x00000000       0x24 c:/altera/nios2eds/bin/gnu/h-i686-mingw32/bin/../lib/gcc/nios2-elf/4.1.2/../../../../nios2-elf/lib\libc.a(lib_a-locale.o)
 .comment       0x00000000       0x24 c:/altera/nios2eds/bin/gnu/h-i686-mingw32/bin/../lib/gcc/nios2-elf/4.1.2/../../../../nios2-elf/lib\libc.a(lib_a-makebuf.o)
 .comment       0x00000000       0x24 c:/altera/nios2eds/bin/gnu/h-i686-mingw32/bin/../lib/gcc/nios2-elf/4.1.2/../../../../nios2-elf/lib\libc.a(lib_a-memchr.o)
 .comment       0x00000000       0x24 c:/altera/nios2eds/bin/gnu/h-i686-mingw32/bin/../lib/gcc/nios2-elf/4.1.2/../../../../nios2-elf/lib\libc.a(lib_a-memcpy.o)
 .comment       0x00000000       0x24 c:/altera/nios2eds/bin/gnu/h-i686-mingw32/bin/../lib/gcc/nios2-elf/4.1.2/../../../../nios2-elf/lib\libc.a(lib_a-memmove.o)
 .comment       0x00000000       0x24 c:/altera/nios2eds/bin/gnu/h-i686-mingw32/bin/../lib/gcc/nios2-elf/4.1.2/../../../../nios2-elf/lib\libc.a(lib_a-memset.o)
 .comment       0x00000000       0x24 c:/altera/nios2eds/bin/gnu/h-i686-mingw32/bin/../lib/gcc/nios2-elf/4.1.2/../../../../nios2-elf/lib\libc.a(lib_a-mprec.o)
 .comment       0x00000000       0x24 c:/altera/nios2eds/bin/gnu/h-i686-mingw32/bin/../lib/gcc/nios2-elf/4.1.2/../../../../nios2-elf/lib\libc.a(lib_a-putc.o)
 .comment       0x00000000       0x24 c:/altera/nios2eds/bin/gnu/h-i686-mingw32/bin/../lib/gcc/nios2-elf/4.1.2/../../../../nios2-elf/lib\libc.a(lib_a-reallocr.o)
 .comment       0x00000000       0x24 c:/altera/nios2eds/bin/gnu/h-i686-mingw32/bin/../lib/gcc/nios2-elf/4.1.2/../../../../nios2-elf/lib\libc.a(lib_a-s_isinfd.o)
 .comment       0x00000000       0x24 c:/altera/nios2eds/bin/gnu/h-i686-mingw32/bin/../lib/gcc/nios2-elf/4.1.2/../../../../nios2-elf/lib\libc.a(lib_a-s_isnand.o)
 .comment       0x00000000       0x24 c:/altera/nios2eds/bin/gnu/h-i686-mingw32/bin/../lib/gcc/nios2-elf/4.1.2/../../../../nios2-elf/lib\libc.a(lib_a-stdio.o)
 .comment       0x00000000       0x24 c:/altera/nios2eds/bin/gnu/h-i686-mingw32/bin/../lib/gcc/nios2-elf/4.1.2/../../../../nios2-elf/lib\libc.a(lib_a-strcmp.o)
 .comment       0x00000000       0x24 c:/altera/nios2eds/bin/gnu/h-i686-mingw32/bin/../lib/gcc/nios2-elf/4.1.2/../../../../nios2-elf/lib\libc.a(lib_a-wbuf.o)
 .comment       0x00000000       0x24 c:/altera/nios2eds/bin/gnu/h-i686-mingw32/bin/../lib/gcc/nios2-elf/4.1.2/../../../../nios2-elf/lib\libc.a(lib_a-writer.o)
 .comment       0x00000000       0x24 c:/altera/nios2eds/bin/gnu/h-i686-mingw32/bin/../lib/gcc/nios2-elf/4.1.2/../../../../nios2-elf/lib\libc.a(lib_a-callocr.o)
 .comment       0x00000000       0x24 c:/altera/nios2eds/bin/gnu/h-i686-mingw32/bin/../lib/gcc/nios2-elf/4.1.2/../../../../nios2-elf/lib\libc.a(lib_a-closer.o)
 .comment       0x00000000       0x24 c:/altera/nios2eds/bin/gnu/h-i686-mingw32/bin/../lib/gcc/nios2-elf/4.1.2/../../../../nios2-elf/lib\libc.a(lib_a-fclose.o)
 .comment       0x00000000       0x24 c:/altera/nios2eds/bin/gnu/h-i686-mingw32/bin/../lib/gcc/nios2-elf/4.1.2/../../../../nios2-elf/lib\libc.a(lib_a-fstatr.o)
 .comment       0x00000000       0x24 c:/altera/nios2eds/bin/gnu/h-i686-mingw32/bin/../lib/gcc/nios2-elf/4.1.2/../../../../nios2-elf/lib\libc.a(lib_a-isattyr.o)
 .comment       0x00000000       0x24 c:/altera/nios2eds/bin/gnu/h-i686-mingw32/bin/../lib/gcc/nios2-elf/4.1.2/../../../../nios2-elf/lib\libc.a(lib_a-lseekr.o)
 .comment       0x00000000       0x24 c:/altera/nios2eds/bin/gnu/h-i686-mingw32/bin/../lib/gcc/nios2-elf/4.1.2/../../../../nios2-elf/lib\libc.a(lib_a-readr.o)
 .comment       0x00000000       0x24 c:/altera/nios2eds/bin/gnu/h-i686-mingw32/bin/../lib/gcc/nios2-elf/4.1.2\libgcc.a(_udivdi3.o)
 .comment       0x00000000       0x24 c:/altera/nios2eds/bin/gnu/h-i686-mingw32/bin/../lib/gcc/nios2-elf/4.1.2\libgcc.a(_umoddi3.o)
 .comment       0x00000000       0x24 c:/altera/nios2eds/bin/gnu/h-i686-mingw32/bin/../lib/gcc/nios2-elf/4.1.2\libgcc.a(_addsub_df.o)
 .comment       0x00000000       0x24 c:/altera/nios2eds/bin/gnu/h-i686-mingw32/bin/../lib/gcc/nios2-elf/4.1.2\libgcc.a(_mul_df.o)
 .comment       0x00000000       0x24 c:/altera/nios2eds/bin/gnu/h-i686-mingw32/bin/../lib/gcc/nios2-elf/4.1.2\libgcc.a(_div_df.o)
 .comment       0x00000000       0x24 c:/altera/nios2eds/bin/gnu/h-i686-mingw32/bin/../lib/gcc/nios2-elf/4.1.2\libgcc.a(_eq_df.o)
 .comment       0x00000000       0x24 c:/altera/nios2eds/bin/gnu/h-i686-mingw32/bin/../lib/gcc/nios2-elf/4.1.2\libgcc.a(_ne_df.o)
 .comment       0x00000000       0x24 c:/altera/nios2eds/bin/gnu/h-i686-mingw32/bin/../lib/gcc/nios2-elf/4.1.2\libgcc.a(_gt_df.o)
 .comment       0x00000000       0x24 c:/altera/nios2eds/bin/gnu/h-i686-mingw32/bin/../lib/gcc/nios2-elf/4.1.2\libgcc.a(_ge_df.o)
 .comment       0x00000000       0x24 c:/altera/nios2eds/bin/gnu/h-i686-mingw32/bin/../lib/gcc/nios2-elf/4.1.2\libgcc.a(_lt_df.o)
 .comment       0x00000000       0x24 c:/altera/nios2eds/bin/gnu/h-i686-mingw32/bin/../lib/gcc/nios2-elf/4.1.2\libgcc.a(_si_to_df.o)
 .comment       0x00000000       0x24 c:/altera/nios2eds/bin/gnu/h-i686-mingw32/bin/../lib/gcc/nios2-elf/4.1.2\libgcc.a(_df_to_si.o)
 .comment       0x00000000       0x24 c:/altera/nios2eds/bin/gnu/h-i686-mingw32/bin/../lib/gcc/nios2-elf/4.1.2\libgcc.a(_thenan_df.o)
 .comment       0x00000000       0x24 c:/altera/nios2eds/bin/gnu/h-i686-mingw32/bin/../lib/gcc/nios2-elf/4.1.2\libgcc.a(_usi_to_df.o)
 .comment       0x00000000       0x24 c:/altera/nios2eds/bin/gnu/h-i686-mingw32/bin/../lib/gcc/nios2-elf/4.1.2\libgcc.a(lib2-divmod.o)
 .comment       0x00000000       0x24 c:/altera/nios2eds/bin/gnu/h-i686-mingw32/bin/../lib/gcc/nios2-elf/4.1.2\libgcc.a(_muldi3.o)
 .comment       0x00000000       0x24 c:/altera/nios2eds/bin/gnu/h-i686-mingw32/bin/../lib/gcc/nios2-elf/4.1.2\libgcc.a(_clz.o)
 .comment       0x00000000       0x24 c:/altera/nios2eds/bin/gnu/h-i686-mingw32/bin/../lib/gcc/nios2-elf/4.1.2\libgcc.a(_clzsi2.o)
 .comment       0x00000000       0x24 c:/altera/nios2eds/bin/gnu/h-i686-mingw32/bin/../lib/gcc/nios2-elf/4.1.2\libgcc.a(_pack_df.o)
 .comment       0x00000000       0x24 c:/altera/nios2eds/bin/gnu/h-i686-mingw32/bin/../lib/gcc/nios2-elf/4.1.2\libgcc.a(_unpack_df.o)
 .comment       0x00000000       0x24 c:/altera/nios2eds/bin/gnu/h-i686-mingw32/bin/../lib/gcc/nios2-elf/4.1.2\libgcc.a(_fpcmp_parts_df.o)
 .comment       0x00000000       0x24 ../NES_FPGA_bsp/\libhal_bsp.a(alt_close.o)
 .comment       0x00000000       0x24 ../NES_FPGA_bsp/\libhal_bsp.a(alt_dev.o)
 .comment       0x00000000       0x24 ../NES_FPGA_bsp/\libhal_bsp.a(alt_errno.o)
 .comment       0x00000000       0x24 ../NES_FPGA_bsp/\libhal_bsp.a(alt_fstat.o)
 .comment       0x00000000       0x24 ../NES_FPGA_bsp/\libhal_bsp.a(alt_isatty.o)
 .comment       0x00000000       0x24 ../NES_FPGA_bsp/\libhal_bsp.a(alt_load.o)
 .comment       0x00000000       0x24 ../NES_FPGA_bsp/\libhal_bsp.a(alt_lseek.o)
 .comment       0x00000000       0x24 ../NES_FPGA_bsp/\libhal_bsp.a(alt_main.o)
 .comment       0x00000000       0x24 ../NES_FPGA_bsp/\libhal_bsp.a(alt_malloc_lock.o)
 .comment       0x00000000       0x24 ../NES_FPGA_bsp/\libhal_bsp.a(alt_read.o)
 .comment       0x00000000       0x24 ../NES_FPGA_bsp/\libhal_bsp.a(alt_release_fd.o)
 .comment       0x00000000       0x24 ../NES_FPGA_bsp/\libhal_bsp.a(alt_sbrk.o)
 .comment       0x00000000       0x24 ../NES_FPGA_bsp/\libhal_bsp.a(alt_write.o)
 .comment       0x00000000       0x24 ../NES_FPGA_bsp/\libhal_bsp.a(alt_sys_init.o)
 .comment       0x00000000       0x24 ../NES_FPGA_bsp/\libhal_bsp.a(altera_avalon_jtag_uart_fd.o)
 .comment       0x00000000       0x24 ../NES_FPGA_bsp/\libhal_bsp.a(altera_avalon_jtag_uart_init.o)
 .comment       0x00000000       0x24 ../NES_FPGA_bsp/\libhal_bsp.a(altera_avalon_jtag_uart_ioctl.o)
 .comment       0x00000000       0x24 ../NES_FPGA_bsp/\libhal_bsp.a(altera_avalon_jtag_uart_read.o)
 .comment       0x00000000       0x24 ../NES_FPGA_bsp/\libhal_bsp.a(altera_avalon_jtag_uart_write.o)
 .comment       0x00000000       0x24 ../NES_FPGA_bsp/\libhal_bsp.a(altera_up_avalon_video_pixel_buffer_dma.o)
 .comment       0x00000000       0x24 ../NES_FPGA_bsp/\libhal_bsp.a(altera_up_sd_card_avalon_interface.o)
 .comment       0x00000000       0x24 ../NES_FPGA_bsp/\libhal_bsp.a(alt_alarm_start.o)
 .comment       0x00000000       0x24 ../NES_FPGA_bsp/\libhal_bsp.a(alt_dcache_flush_all.o)
 .comment       0x00000000       0x24 ../NES_FPGA_bsp/\libhal_bsp.a(alt_dev_llist_insert.o)
 .comment       0x00000000       0x24 ../NES_FPGA_bsp/\libhal_bsp.a(alt_do_ctors.o)
 .comment       0x00000000       0x24 ../NES_FPGA_bsp/\libhal_bsp.a(alt_do_dtors.o)
 .comment       0x00000000       0x24 ../NES_FPGA_bsp/\libhal_bsp.a(alt_find_dev.o)
 .comment       0x00000000       0x24 ../NES_FPGA_bsp/\libhal_bsp.a(alt_icache_flush_all.o)
 .comment       0x00000000       0x24 ../NES_FPGA_bsp/\libhal_bsp.a(alt_iic.o)
 .comment       0x00000000       0x24 ../NES_FPGA_bsp/\libhal_bsp.a(alt_iic_isr_register.o)
 .comment       0x00000000       0x24 ../NES_FPGA_bsp/\libhal_bsp.a(alt_io_redirect.o)
 .comment       0x00000000       0x24 ../NES_FPGA_bsp/\libhal_bsp.a(alt_irq_handler.o)
 .comment       0x00000000       0x24 ../NES_FPGA_bsp/\libhal_bsp.a(alt_irq_vars.o)
 .comment       0x00000000       0x24 ../NES_FPGA_bsp/\libhal_bsp.a(alt_open.o)
 .comment       0x00000000       0x24 ../NES_FPGA_bsp/\libhal_bsp.a(alt_tick.o)
 .comment       0x00000000       0x24 ../NES_FPGA_bsp/\libhal_bsp.a(altera_nios2_qsys_irq.o)
 .comment       0x00000000       0x24 ../NES_FPGA_bsp/\libhal_bsp.a(alt_find_file.o)
 .comment       0x00000000       0x24 ../NES_FPGA_bsp/\libhal_bsp.a(alt_get_fd.o)
 .comment       0x00000000       0x24 ../NES_FPGA_bsp/\libhal_bsp.a(alt_icache_flush.o)
 .comment       0x00000000       0x24 c:/altera/nios2eds/bin/gnu/h-i686-mingw32/bin/../lib/gcc/nios2-elf/4.1.2/../../../../nios2-elf/lib\libc.a(lib_a-atexit.o)
 .comment       0x00000000       0x24 c:/altera/nios2eds/bin/gnu/h-i686-mingw32/bin/../lib/gcc/nios2-elf/4.1.2/../../../../nios2-elf/lib\libc.a(lib_a-exit.o)
 .comment       0x00000000       0x24 c:/altera/nios2eds/bin/gnu/h-i686-mingw32/bin/../lib/gcc/nios2-elf/4.1.2/../../../../nios2-elf/lib\libc.a(lib_a-memcmp.o)
 .comment       0x00000000       0x24 c:/altera/nios2eds/bin/gnu/h-i686-mingw32/bin/../lib/gcc/nios2-elf/4.1.2/../../../../nios2-elf/lib\libc.a(lib_a-__atexit.o)
 .comment       0x00000000       0x24 c:/altera/nios2eds/bin/gnu/h-i686-mingw32/bin/../lib/gcc/nios2-elf/4.1.2/../../../../nios2-elf/lib\libc.a(lib_a-__call_atexit.o)
 .comment       0x00000000       0x24 ../NES_FPGA_bsp/\libhal_bsp.a(alt_exit.o)

.debug
 *(.debug)

.line
 *(.line)

.debug_srcinfo
 *(.debug_srcinfo)

.debug_sfnames
 *(.debug_sfnames)

.debug_aranges  0x00000000      0xd98
 *(.debug_aranges)
 .debug_aranges
                0x00000000       0x28 ../NES_FPGA_bsp//obj/HAL/src/crt0.o
 .debug_aranges
                0x00000028       0x20 obj/default/cpu.o
 .debug_aranges
                0x00000048       0x20 obj/default/main.o
 .debug_aranges
                0x00000068       0x20 obj/default/ppu.o
 .debug_aranges
                0x00000088       0x20 obj/default/sdcard.o
 .debug_aranges
                0x000000a8       0x20 obj/default/vga.o
 .debug_aranges
                0x000000c8       0x20 c:/altera/nios2eds/bin/gnu/h-i686-mingw32/bin/../lib/gcc/nios2-elf/4.1.2/../../../../nios2-elf/lib\libc.a(lib_a-malloc.o)
 .debug_aranges
                0x000000e8       0x20 c:/altera/nios2eds/bin/gnu/h-i686-mingw32/bin/../lib/gcc/nios2-elf/4.1.2/../../../../nios2-elf/lib\libc.a(lib_a-mallocr.o)
 .debug_aranges
                0x00000108       0x20 c:/altera/nios2eds/bin/gnu/h-i686-mingw32/bin/../lib/gcc/nios2-elf/4.1.2/../../../../nios2-elf/lib\libc.a(lib_a-printf.o)
 .debug_aranges
                0x00000128       0x20 c:/altera/nios2eds/bin/gnu/h-i686-mingw32/bin/../lib/gcc/nios2-elf/4.1.2/../../../../nios2-elf/lib\libc.a(lib_a-putchar.o)
 .debug_aranges
                0x00000148       0x20 c:/altera/nios2eds/bin/gnu/h-i686-mingw32/bin/../lib/gcc/nios2-elf/4.1.2/../../../../nios2-elf/lib\libc.a(lib_a-puts.o)
 .debug_aranges
                0x00000168       0x20 c:/altera/nios2eds/bin/gnu/h-i686-mingw32/bin/../lib/gcc/nios2-elf/4.1.2/../../../../nios2-elf/lib\libc.a(lib_a-sbrkr.o)
 .debug_aranges
                0x00000188       0x20 c:/altera/nios2eds/bin/gnu/h-i686-mingw32/bin/../lib/gcc/nios2-elf/4.1.2/../../../../nios2-elf/lib\libc.a(lib_a-strlen.o)
 .debug_aranges
                0x000001a8       0x20 c:/altera/nios2eds/bin/gnu/h-i686-mingw32/bin/../lib/gcc/nios2-elf/4.1.2/../../../../nios2-elf/lib\libc.a(lib_a-vfprintf.o)
 .debug_aranges
                0x000001c8       0x20 c:/altera/nios2eds/bin/gnu/h-i686-mingw32/bin/../lib/gcc/nios2-elf/4.1.2/../../../../nios2-elf/lib\libc.a(lib_a-wsetup.o)
 .debug_aranges
                0x000001e8       0x20 c:/altera/nios2eds/bin/gnu/h-i686-mingw32/bin/../lib/gcc/nios2-elf/4.1.2/../../../../nios2-elf/lib\libc.a(lib_a-dtoa.o)
 .debug_aranges
                0x00000208       0x20 c:/altera/nios2eds/bin/gnu/h-i686-mingw32/bin/../lib/gcc/nios2-elf/4.1.2/../../../../nios2-elf/lib\libc.a(lib_a-fflush.o)
 .debug_aranges
                0x00000228       0x20 c:/altera/nios2eds/bin/gnu/h-i686-mingw32/bin/../lib/gcc/nios2-elf/4.1.2/../../../../nios2-elf/lib\libc.a(lib_a-findfp.o)
 .debug_aranges
                0x00000248       0x20 c:/altera/nios2eds/bin/gnu/h-i686-mingw32/bin/../lib/gcc/nios2-elf/4.1.2/../../../../nios2-elf/lib\libc.a(lib_a-freer.o)
 .debug_aranges
                0x00000268       0x20 c:/altera/nios2eds/bin/gnu/h-i686-mingw32/bin/../lib/gcc/nios2-elf/4.1.2/../../../../nios2-elf/lib\libc.a(lib_a-fvwrite.o)
 .debug_aranges
                0x00000288       0x20 c:/altera/nios2eds/bin/gnu/h-i686-mingw32/bin/../lib/gcc/nios2-elf/4.1.2/../../../../nios2-elf/lib\libc.a(lib_a-fwalk.o)
 .debug_aranges
                0x000002a8       0x20 c:/altera/nios2eds/bin/gnu/h-i686-mingw32/bin/../lib/gcc/nios2-elf/4.1.2/../../../../nios2-elf/lib\libc.a(lib_a-locale.o)
 .debug_aranges
                0x000002c8       0x20 c:/altera/nios2eds/bin/gnu/h-i686-mingw32/bin/../lib/gcc/nios2-elf/4.1.2/../../../../nios2-elf/lib\libc.a(lib_a-makebuf.o)
 .debug_aranges
                0x000002e8       0x20 c:/altera/nios2eds/bin/gnu/h-i686-mingw32/bin/../lib/gcc/nios2-elf/4.1.2/../../../../nios2-elf/lib\libc.a(lib_a-memchr.o)
 .debug_aranges
                0x00000308       0x20 c:/altera/nios2eds/bin/gnu/h-i686-mingw32/bin/../lib/gcc/nios2-elf/4.1.2/../../../../nios2-elf/lib\libc.a(lib_a-memcpy.o)
 .debug_aranges
                0x00000328       0x20 c:/altera/nios2eds/bin/gnu/h-i686-mingw32/bin/../lib/gcc/nios2-elf/4.1.2/../../../../nios2-elf/lib\libc.a(lib_a-memmove.o)
 .debug_aranges
                0x00000348       0x20 c:/altera/nios2eds/bin/gnu/h-i686-mingw32/bin/../lib/gcc/nios2-elf/4.1.2/../../../../nios2-elf/lib\libc.a(lib_a-memset.o)
 .debug_aranges
                0x00000368       0x20 c:/altera/nios2eds/bin/gnu/h-i686-mingw32/bin/../lib/gcc/nios2-elf/4.1.2/../../../../nios2-elf/lib\libc.a(lib_a-mprec.o)
 .debug_aranges
                0x00000388       0x20 c:/altera/nios2eds/bin/gnu/h-i686-mingw32/bin/../lib/gcc/nios2-elf/4.1.2/../../../../nios2-elf/lib\libc.a(lib_a-putc.o)
 .debug_aranges
                0x000003a8       0x20 c:/altera/nios2eds/bin/gnu/h-i686-mingw32/bin/../lib/gcc/nios2-elf/4.1.2/../../../../nios2-elf/lib\libc.a(lib_a-reallocr.o)
 .debug_aranges
                0x000003c8       0x20 c:/altera/nios2eds/bin/gnu/h-i686-mingw32/bin/../lib/gcc/nios2-elf/4.1.2/../../../../nios2-elf/lib\libc.a(lib_a-s_isinfd.o)
 .debug_aranges
                0x000003e8       0x20 c:/altera/nios2eds/bin/gnu/h-i686-mingw32/bin/../lib/gcc/nios2-elf/4.1.2/../../../../nios2-elf/lib\libc.a(lib_a-s_isnand.o)
 .debug_aranges
                0x00000408       0x20 c:/altera/nios2eds/bin/gnu/h-i686-mingw32/bin/../lib/gcc/nios2-elf/4.1.2/../../../../nios2-elf/lib\libc.a(lib_a-stdio.o)
 .debug_aranges
                0x00000428       0x20 c:/altera/nios2eds/bin/gnu/h-i686-mingw32/bin/../lib/gcc/nios2-elf/4.1.2/../../../../nios2-elf/lib\libc.a(lib_a-strcmp.o)
 .debug_aranges
                0x00000448       0x20 c:/altera/nios2eds/bin/gnu/h-i686-mingw32/bin/../lib/gcc/nios2-elf/4.1.2/../../../../nios2-elf/lib\libc.a(lib_a-wbuf.o)
 .debug_aranges
                0x00000468       0x20 c:/altera/nios2eds/bin/gnu/h-i686-mingw32/bin/../lib/gcc/nios2-elf/4.1.2/../../../../nios2-elf/lib\libc.a(lib_a-writer.o)
 .debug_aranges
                0x00000488       0x20 c:/altera/nios2eds/bin/gnu/h-i686-mingw32/bin/../lib/gcc/nios2-elf/4.1.2/../../../../nios2-elf/lib\libc.a(lib_a-callocr.o)
 .debug_aranges
                0x000004a8       0x20 c:/altera/nios2eds/bin/gnu/h-i686-mingw32/bin/../lib/gcc/nios2-elf/4.1.2/../../../../nios2-elf/lib\libc.a(lib_a-closer.o)
 .debug_aranges
                0x000004c8       0x20 c:/altera/nios2eds/bin/gnu/h-i686-mingw32/bin/../lib/gcc/nios2-elf/4.1.2/../../../../nios2-elf/lib\libc.a(lib_a-fclose.o)
 .debug_aranges